<html>
<body>
<pre>
<h1>µVision Build Log</h1>
<h2>Tool Versions:</h2>
IDE-Version: µVision V5.38.0.0
Copyright (C) 2022 ARM Ltd and ARM Germany GmbH. All rights reserved.
License Information: Diego Belusky, ZHAW, LIC=----
 
Tool Versions:
Toolchain:       MDK-Lite  Version: 5.38.0.0
Toolchain Path:  C:\Keil_v5\ARM\ARMCLANG\Bin
C Compiler:      ArmClang.exe V6.19
Assembler:       Armasm.exe V6.19
Linker/Locator:  ArmLink.exe V6.19
Library Manager: ArmAr.exe V6.19
Hex Converter:   FromElf.exe V6.19
CPU DLL:         SARMCM3.DLL V5.38.0.0
Dialog DLL:      DARMCM1.DLL V1.19.6.0
Target DLL:      STLink\ST-LINKIII-KEIL_SWO.dll V3.1.0.0
Dialog DLL:      TARMCM1.DLL V1.14.6.0
 
<h2>Project:</h2>
C:\Users\belusdie\Documents\CT2Praktika\lab_dice\lab_dice\project\dice.uvprojx
Project File Date:  02/27/2023

<h2>Output:</h2>
*** Using Compiler 'V6.19', folder: 'C:\Keil_v5\ARM\ARMCLANG\Bin'
Rebuild target 'Target 1'
assembling datainit_ctboard.s...
assembling startup_ctboard.s...
compiling statistics.c...
compiling main.c...
compiling dice_counter.c...
compiling hal_ct_seg7.c...
compiling system_ctboard.c...
app/lcd.c(52): warning: implicit conversion loses integer precision: 'int' to 'uint8_t' (aka 'unsigned char') [-Wimplicit-int-conversion]
        uint8_t j = snprintf(buffer, 15, "%s",text);
                ~   ^~~~~~~~~~~~~~~~~~~~~~~~~~~~~~~
1 warning generated.
compiling lcd.c...
compiling hal_pwr.c...
compiling hal_fmc.c...
compiling hal_rcc.c...
compiling hal_gpio.c...
linking...
Program Size: Code=13512 RO-data=1072 RW-data=4 ZI-data=8228  
".\build\dice.axf" - 0 Error(s), 1 Warning(s).

<h2>Software Packages used:</h2>

Package Vendor: InES
                https://ennis.zhaw.ch/pack/InES.CTBoard14_DFP.4.0.3.pack
                InES.CTBoard14_DFP.4.0.3
                CT Board 14 (STM32F429ZI) Device Support
   * Component: Startup Version: 4.0.3
   * Component: 7 segment Version: 4.0.0
   * Component: FMC Version: 3.0.1
   * Component: GPIO Version: 4.0.1
   * Component: PWR Version: 2.2.0
   * Component: RCC Version: 4.0.1

<h2>Collection of Component include folders:</h2>
  ./RTE/_Target_1
  C:/Users/belusdie/AppData/Local/Arm/Packs/InES/CTBoard14_DFP/4.0.3/Device/Include
  C:/Users/belusdie/AppData/Local/Arm/Packs/InES/CTBoard14_DFP/4.0.3/Device/Include/m0
  C:/Users/belusdie/AppData/Local/Arm/Packs/InES/CTBoard14_DFP/4.0.3/HAL/Include

<h2>Collection of Component Files used:</h2>

   * Component: InES::Device:Startup:4.0.3
      Source file:   Device/Source/startup_ctboard.s
      Source file:   Device/Source/system_ctboard.c
      Include file:  Device/Include/m0/platform_ctboard.h
      Source file:   Device/Source/datainit_ctboard.s
      Include file:  Device/Include/reg_stm32f4xx.h
      Include file:  Device/Include/system_ctboard.h
      Include file:  Device/Include/reg_ctboard.h

   * Component: InES::HAL:CT Board:7 segment:4.0.0
      Source file:   HAL/Source/hal_ct_seg7.c
      Include file:  Device/Include/reg_ctboard.h
      Include file:  HAL/Include/hal_ct_seg7.h

   * Component: InES::HAL:FMC:3.0.1
      Source file:   HAL/Source/hal_fmc.c
      Include file:  HAL/Include/hal_common.h
      Include file:  HAL/Include/hal_fmc.h
      Include file:  Device/Include/reg_stm32f4xx.h

   * Component: InES::HAL:GPIO:4.0.1
      Include file:  Device/Include/reg_stm32f4xx.h
      Source file:   HAL/Source/hal_gpio.c
      Include file:  HAL/Include/hal_gpio.h
      Include file:  HAL/Include/hal_common.h

   * Component: InES::HAL:PWR:2.2.0
      Include file:  HAL/Include/hal_pwr.h
      Include file:  HAL/Include/hal_common.h
      Source file:   HAL/Source/hal_pwr.c
      Include file:  Device/Include/reg_stm32f4xx.h

   * Component: InES::HAL:RCC:4.0.1
      Include file:  Device/Include/reg_stm32f4xx.h
      Source file:   HAL/Source/hal_rcc.c
      Include file:  HAL/Include/hal_rcc.h
      Include file:  HAL/Include/hal_common.h
Build Time Elapsed:  00:00:01
</pre>
</body>
</html>
