<!doctype html public "-//w3c//dtd html 4.0 transitional//en">
<html><head>
<title>Static Call Graph - [.\build\Lab.axf]</title></head>
<body><HR>
<H1>Static Call Graph for image .\build\Lab.axf</H1><HR>
<BR><P>#&#060CALLGRAPH&#062# ARM Linker, 6190004: Last Updated: Fri May 19 16:22:25 2023
<BR><P>
<H3>Maximum Stack Usage =        168 bytes + Unknown(Cycles, Untraceable Function Pointers)</H3><H3>
Call chain for Maximum Stack Depth:</H3>
main &rArr; eh_get_event &rArr; eh_7seg_display &rArr; __2snprintf &rArr; _printf_char_common &rArr; __printf
<P>
<H3>
Mutually Recursive functions
</H3> <LI><a href="#[1]">NMI_Handler</a>&nbsp;&nbsp;&nbsp;&rArr;&nbsp;&nbsp;&nbsp;<a href="#[1]">NMI_Handler</a><BR>
 <LI><a href="#[2]">HardFault_Handler</a>&nbsp;&nbsp;&nbsp;&rArr;&nbsp;&nbsp;&nbsp;<a href="#[2]">HardFault_Handler</a><BR>
 <LI><a href="#[3]">MemManage_Handler</a>&nbsp;&nbsp;&nbsp;&rArr;&nbsp;&nbsp;&nbsp;<a href="#[3]">MemManage_Handler</a><BR>
 <LI><a href="#[4]">BusFault_Handler</a>&nbsp;&nbsp;&nbsp;&rArr;&nbsp;&nbsp;&nbsp;<a href="#[4]">BusFault_Handler</a><BR>
 <LI><a href="#[5]">UsageFault_Handler</a>&nbsp;&nbsp;&nbsp;&rArr;&nbsp;&nbsp;&nbsp;<a href="#[5]">UsageFault_Handler</a><BR>
 <LI><a href="#[6]">SVC_Handler</a>&nbsp;&nbsp;&nbsp;&rArr;&nbsp;&nbsp;&nbsp;<a href="#[6]">SVC_Handler</a><BR>
 <LI><a href="#[7]">DebugMon_Handler</a>&nbsp;&nbsp;&nbsp;&rArr;&nbsp;&nbsp;&nbsp;<a href="#[7]">DebugMon_Handler</a><BR>
 <LI><a href="#[8]">PendSV_Handler</a>&nbsp;&nbsp;&nbsp;&rArr;&nbsp;&nbsp;&nbsp;<a href="#[8]">PendSV_Handler</a><BR>
 <LI><a href="#[9]">SysTick_Handler</a>&nbsp;&nbsp;&nbsp;&rArr;&nbsp;&nbsp;&nbsp;<a href="#[9]">SysTick_Handler</a><BR>
 <LI><a href="#[1c]">ADC_IRQHandler</a>&nbsp;&nbsp;&nbsp;&rArr;&nbsp;&nbsp;&nbsp;<a href="#[1c]">ADC_IRQHandler</a><BR>
</UL>
<P>
<H3>
Function Pointers
</H3><UL>
 <LI><a href="#[1c]">ADC_IRQHandler</a> from startup_ctboard.o(.text) referenced from startup_ctboard.o(RESET)
 <LI><a href="#[4]">BusFault_Handler</a> from startup_ctboard.o(.text) referenced from startup_ctboard.o(RESET)
 <LI><a href="#[1e]">CAN1_RX0_IRQHandler</a> from startup_ctboard.o(.text) referenced from startup_ctboard.o(RESET)
 <LI><a href="#[1f]">CAN1_RX1_IRQHandler</a> from startup_ctboard.o(.text) referenced from startup_ctboard.o(RESET)
 <LI><a href="#[20]">CAN1_SCE_IRQHandler</a> from startup_ctboard.o(.text) referenced from startup_ctboard.o(RESET)
 <LI><a href="#[1d]">CAN1_TX_IRQHandler</a> from startup_ctboard.o(.text) referenced from startup_ctboard.o(RESET)
 <LI><a href="#[4a]">CAN2_RX0_IRQHandler</a> from startup_ctboard.o(.text) referenced from startup_ctboard.o(RESET)
 <LI><a href="#[4b]">CAN2_RX1_IRQHandler</a> from startup_ctboard.o(.text) referenced from startup_ctboard.o(RESET)
 <LI><a href="#[4c]">CAN2_SCE_IRQHandler</a> from startup_ctboard.o(.text) referenced from startup_ctboard.o(RESET)
 <LI><a href="#[49]">CAN2_TX_IRQHandler</a> from startup_ctboard.o(.text) referenced from startup_ctboard.o(RESET)
 <LI><a href="#[59]">CRYP_IRQHandler</a> from startup_ctboard.o(.text) referenced from startup_ctboard.o(RESET)
 <LI><a href="#[58]">DCMI_IRQHandler</a> from startup_ctboard.o(.text) referenced from startup_ctboard.o(RESET)
 <LI><a href="#[15]">DMA1_Stream0_IRQHandler</a> from startup_ctboard.o(.text) referenced from startup_ctboard.o(RESET)
 <LI><a href="#[16]">DMA1_Stream1_IRQHandler</a> from startup_ctboard.o(.text) referenced from startup_ctboard.o(RESET)
 <LI><a href="#[17]">DMA1_Stream2_IRQHandler</a> from startup_ctboard.o(.text) referenced from startup_ctboard.o(RESET)
 <LI><a href="#[18]">DMA1_Stream3_IRQHandler</a> from startup_ctboard.o(.text) referenced from startup_ctboard.o(RESET)
 <LI><a href="#[19]">DMA1_Stream4_IRQHandler</a> from startup_ctboard.o(.text) referenced from startup_ctboard.o(RESET)
 <LI><a href="#[1a]">DMA1_Stream5_IRQHandler</a> from startup_ctboard.o(.text) referenced from startup_ctboard.o(RESET)
 <LI><a href="#[1b]">DMA1_Stream6_IRQHandler</a> from startup_ctboard.o(.text) referenced from startup_ctboard.o(RESET)
 <LI><a href="#[39]">DMA1_Stream7_IRQHandler</a> from startup_ctboard.o(.text) referenced from startup_ctboard.o(RESET)
 <LI><a href="#[64]">DMA2D_IRQHandler</a> from startup_ctboard.o(.text) referenced from startup_ctboard.o(RESET)
 <LI><a href="#[42]">DMA2_Stream0_IRQHandler</a> from startup_ctboard.o(.text) referenced from startup_ctboard.o(RESET)
 <LI><a href="#[43]">DMA2_Stream1_IRQHandler</a> from startup_ctboard.o(.text) referenced from startup_ctboard.o(RESET)
 <LI><a href="#[44]">DMA2_Stream2_IRQHandler</a> from startup_ctboard.o(.text) referenced from startup_ctboard.o(RESET)
 <LI><a href="#[45]">DMA2_Stream3_IRQHandler</a> from startup_ctboard.o(.text) referenced from startup_ctboard.o(RESET)
 <LI><a href="#[46]">DMA2_Stream4_IRQHandler</a> from startup_ctboard.o(.text) referenced from startup_ctboard.o(RESET)
 <LI><a href="#[4e]">DMA2_Stream5_IRQHandler</a> from startup_ctboard.o(.text) referenced from startup_ctboard.o(RESET)
 <LI><a href="#[4f]">DMA2_Stream6_IRQHandler</a> from startup_ctboard.o(.text) referenced from startup_ctboard.o(RESET)
 <LI><a href="#[50]">DMA2_Stream7_IRQHandler</a> from startup_ctboard.o(.text) referenced from startup_ctboard.o(RESET)
 <LI><a href="#[7]">DebugMon_Handler</a> from startup_ctboard.o(.text) referenced from startup_ctboard.o(RESET)
 <LI><a href="#[47]">ETH_IRQHandler</a> from startup_ctboard.o(.text) referenced from startup_ctboard.o(RESET)
 <LI><a href="#[48]">ETH_WKUP_IRQHandler</a> from startup_ctboard.o(.text) referenced from startup_ctboard.o(RESET)
 <LI><a href="#[10]">EXTI0_IRQHandler</a> from startup_ctboard.o(.text) referenced from startup_ctboard.o(RESET)
 <LI><a href="#[32]">EXTI15_10_IRQHandler</a> from startup_ctboard.o(.text) referenced from startup_ctboard.o(RESET)
 <LI><a href="#[11]">EXTI1_IRQHandler</a> from startup_ctboard.o(.text) referenced from startup_ctboard.o(RESET)
 <LI><a href="#[12]">EXTI2_IRQHandler</a> from startup_ctboard.o(.text) referenced from startup_ctboard.o(RESET)
 <LI><a href="#[13]">EXTI3_IRQHandler</a> from startup_ctboard.o(.text) referenced from startup_ctboard.o(RESET)
 <LI><a href="#[14]">EXTI4_IRQHandler</a> from startup_ctboard.o(.text) referenced from startup_ctboard.o(RESET)
 <LI><a href="#[21]">EXTI9_5_IRQHandler</a> from startup_ctboard.o(.text) referenced from startup_ctboard.o(RESET)
 <LI><a href="#[e]">FLASH_IRQHandler</a> from startup_ctboard.o(.text) referenced from startup_ctboard.o(RESET)
 <LI><a href="#[3a]">FMC_IRQHandler</a> from startup_ctboard.o(.text) referenced from startup_ctboard.o(RESET)
 <LI><a href="#[5b]">FPU_IRQHandler</a> from startup_ctboard.o(.text) referenced from startup_ctboard.o(RESET)
 <LI><a href="#[5a]">HASH_RNG_IRQHandler</a> from startup_ctboard.o(.text) referenced from startup_ctboard.o(RESET)
 <LI><a href="#[2]">HardFault_Handler</a> from startup_ctboard.o(.text) referenced from startup_ctboard.o(RESET)
 <LI><a href="#[2a]">I2C1_ER_IRQHandler</a> from startup_ctboard.o(.text) referenced from startup_ctboard.o(RESET)
 <LI><a href="#[29]">I2C1_EV_IRQHandler</a> from startup_ctboard.o(.text) referenced from startup_ctboard.o(RESET)
 <LI><a href="#[2c]">I2C2_ER_IRQHandler</a> from startup_ctboard.o(.text) referenced from startup_ctboard.o(RESET)
 <LI><a href="#[2b]">I2C2_EV_IRQHandler</a> from startup_ctboard.o(.text) referenced from startup_ctboard.o(RESET)
 <LI><a href="#[53]">I2C3_ER_IRQHandler</a> from startup_ctboard.o(.text) referenced from startup_ctboard.o(RESET)
 <LI><a href="#[52]">I2C3_EV_IRQHandler</a> from startup_ctboard.o(.text) referenced from startup_ctboard.o(RESET)
 <LI><a href="#[63]">LTDC_ER_IRQHandler</a> from startup_ctboard.o(.text) referenced from startup_ctboard.o(RESET)
 <LI><a href="#[62]">LTDC_IRQHandler</a> from startup_ctboard.o(.text) referenced from startup_ctboard.o(RESET)
 <LI><a href="#[3]">MemManage_Handler</a> from startup_ctboard.o(.text) referenced from startup_ctboard.o(RESET)
 <LI><a href="#[1]">NMI_Handler</a> from startup_ctboard.o(.text) referenced from startup_ctboard.o(RESET)
 <LI><a href="#[4d]">OTG_FS_IRQHandler</a> from startup_ctboard.o(.text) referenced from startup_ctboard.o(RESET)
 <LI><a href="#[34]">OTG_FS_WKUP_IRQHandler</a> from startup_ctboard.o(.text) referenced from startup_ctboard.o(RESET)
 <LI><a href="#[55]">OTG_HS_EP1_IN_IRQHandler</a> from startup_ctboard.o(.text) referenced from startup_ctboard.o(RESET)
 <LI><a href="#[54]">OTG_HS_EP1_OUT_IRQHandler</a> from startup_ctboard.o(.text) referenced from startup_ctboard.o(RESET)
 <LI><a href="#[57]">OTG_HS_IRQHandler</a> from startup_ctboard.o(.text) referenced from startup_ctboard.o(RESET)
 <LI><a href="#[56]">OTG_HS_WKUP_IRQHandler</a> from startup_ctboard.o(.text) referenced from startup_ctboard.o(RESET)
 <LI><a href="#[b]">PVD_IRQHandler</a> from startup_ctboard.o(.text) referenced from startup_ctboard.o(RESET)
 <LI><a href="#[8]">PendSV_Handler</a> from startup_ctboard.o(.text) referenced from startup_ctboard.o(RESET)
 <LI><a href="#[f]">RCC_IRQHandler</a> from startup_ctboard.o(.text) referenced from startup_ctboard.o(RESET)
 <LI><a href="#[33]">RTC_Alarm_IRQHandler</a> from startup_ctboard.o(.text) referenced from startup_ctboard.o(RESET)
 <LI><a href="#[d]">RTC_WKUP_IRQHandler</a> from startup_ctboard.o(.text) referenced from startup_ctboard.o(RESET)
 <LI><a href="#[0]">Reset_Handler</a> from startup_ctboard.o(.text) referenced from startup_ctboard.o(RESET)
 <LI><a href="#[61]">SAI1_IRQHandler</a> from startup_ctboard.o(.text) referenced from startup_ctboard.o(RESET)
 <LI><a href="#[3b]">SDIO_IRQHandler</a> from startup_ctboard.o(.text) referenced from startup_ctboard.o(RESET)
 <LI><a href="#[2d]">SPI1_IRQHandler</a> from startup_ctboard.o(.text) referenced from startup_ctboard.o(RESET)
 <LI><a href="#[2e]">SPI2_IRQHandler</a> from startup_ctboard.o(.text) referenced from startup_ctboard.o(RESET)
 <LI><a href="#[3d]">SPI3_IRQHandler</a> from startup_ctboard.o(.text) referenced from startup_ctboard.o(RESET)
 <LI><a href="#[5e]">SPI4_IRQHandler</a> from startup_ctboard.o(.text) referenced from startup_ctboard.o(RESET)
 <LI><a href="#[5f]">SPI5_IRQHandler</a> from startup_ctboard.o(.text) referenced from startup_ctboard.o(RESET)
 <LI><a href="#[60]">SPI6_IRQHandler</a> from startup_ctboard.o(.text) referenced from startup_ctboard.o(RESET)
 <LI><a href="#[6]">SVC_Handler</a> from startup_ctboard.o(.text) referenced from startup_ctboard.o(RESET)
 <LI><a href="#[9]">SysTick_Handler</a> from startup_ctboard.o(.text) referenced from startup_ctboard.o(RESET)
 <LI><a href="#[c]">TAMP_STAMP_IRQHandler</a> from startup_ctboard.o(.text) referenced from startup_ctboard.o(RESET)
 <LI><a href="#[22]">TIM1_BRK_TIM9_IRQHandler</a> from startup_ctboard.o(.text) referenced from startup_ctboard.o(RESET)
 <LI><a href="#[25]">TIM1_CC_IRQHandler</a> from startup_ctboard.o(.text) referenced from startup_ctboard.o(RESET)
 <LI><a href="#[24]">TIM1_TRG_COM_TIM11_IRQHandler</a> from startup_ctboard.o(.text) referenced from startup_ctboard.o(RESET)
 <LI><a href="#[23]">TIM1_UP_TIM10_IRQHandler</a> from startup_ctboard.o(.text) referenced from startup_ctboard.o(RESET)
 <LI><a href="#[26]">TIM2_IRQHandler</a> from startup_ctboard.o(.text) referenced from startup_ctboard.o(RESET)
 <LI><a href="#[27]">TIM3_IRQHandler</a> from action_handler.o(.text.TIM3_IRQHandler) referenced from startup_ctboard.o(RESET)
 <LI><a href="#[28]">TIM4_IRQHandler</a> from timer.o(.text.TIM4_IRQHandler) referenced from startup_ctboard.o(RESET)
 <LI><a href="#[3c]">TIM5_IRQHandler</a> from startup_ctboard.o(.text) referenced from startup_ctboard.o(RESET)
 <LI><a href="#[40]">TIM6_DAC_IRQHandler</a> from startup_ctboard.o(.text) referenced from startup_ctboard.o(RESET)
 <LI><a href="#[41]">TIM7_IRQHandler</a> from startup_ctboard.o(.text) referenced from startup_ctboard.o(RESET)
 <LI><a href="#[35]">TIM8_BRK_TIM12_IRQHandler</a> from startup_ctboard.o(.text) referenced from startup_ctboard.o(RESET)
 <LI><a href="#[38]">TIM8_CC_IRQHandler</a> from startup_ctboard.o(.text) referenced from startup_ctboard.o(RESET)
 <LI><a href="#[37]">TIM8_TRG_COM_TIM14_IRQHandler</a> from startup_ctboard.o(.text) referenced from startup_ctboard.o(RESET)
 <LI><a href="#[36]">TIM8_UP_TIM13_IRQHandler</a> from startup_ctboard.o(.text) referenced from startup_ctboard.o(RESET)
 <LI><a href="#[3e]">UART4_IRQHandler</a> from startup_ctboard.o(.text) referenced from startup_ctboard.o(RESET)
 <LI><a href="#[3f]">UART5_IRQHandler</a> from startup_ctboard.o(.text) referenced from startup_ctboard.o(RESET)
 <LI><a href="#[5c]">UART7_IRQHandler</a> from startup_ctboard.o(.text) referenced from startup_ctboard.o(RESET)
 <LI><a href="#[5d]">UART8_IRQHandler</a> from startup_ctboard.o(.text) referenced from startup_ctboard.o(RESET)
 <LI><a href="#[2f]">USART1_IRQHandler</a> from startup_ctboard.o(.text) referenced from startup_ctboard.o(RESET)
 <LI><a href="#[30]">USART2_IRQHandler</a> from startup_ctboard.o(.text) referenced from startup_ctboard.o(RESET)
 <LI><a href="#[31]">USART3_IRQHandler</a> from startup_ctboard.o(.text) referenced from startup_ctboard.o(RESET)
 <LI><a href="#[51]">USART6_IRQHandler</a> from startup_ctboard.o(.text) referenced from startup_ctboard.o(RESET)
 <LI><a href="#[5]">UsageFault_Handler</a> from startup_ctboard.o(.text) referenced from startup_ctboard.o(RESET)
 <LI><a href="#[a]">WWDG_IRQHandler</a> from startup_ctboard.o(.text) referenced from startup_ctboard.o(RESET)
 <LI><a href="#[67]">__main</a> from datainit_ctboard.o(.text) referenced from startup_ctboard.o(.text)
 <LI><a href="#[66]">__system</a> from system_ctboard.o(.text.__system) referenced from startup_ctboard.o(.text)
 <LI><a href="#[69]">_printf_input_char</a> from _printf_char_common.o(.text) referenced from _printf_char_common.o(.text)
 <LI><a href="#[68]">_snputc</a> from _snputc.o(.text) referenced from __2snprintf.o(.text)
 <LI><a href="#[65]">main</a> from main.o(.text.main) referenced from datainit_ctboard.o(.text)
</UL>
<P>
<H3>
Global Symbols
</H3>
<P><STRONG><a name="[70]"></a>_printf_percent</STRONG> (Thumb, 0 bytes, Stack size unknown bytes, _printf_percent.o(.ARM.Collect$$_printf_percent$$00000000))
<BR><BR>[Called By]<UL><LI><a href="#[6f]">&gt;&gt;</a>&nbsp;&nbsp;&nbsp;__printf
</UL>

<P><STRONG><a name="[6a]"></a>_printf_u</STRONG> (Thumb, 0 bytes, Stack size unknown bytes, _printf_u.o(.ARM.Collect$$_printf_percent$$0000000A))
<BR><BR>[Stack]<UL><LI>Max Depth = 72 + Unknown Stack Size
<LI>Call Chain = _printf_u &rArr; _printf_int_dec &rArr; _printf_int_common
</UL>
<BR>[Calls]<UL><LI><a href="#[6b]">&gt;&gt;</a>&nbsp;&nbsp;&nbsp;_printf_percent_end
<LI><a href="#[6c]">&gt;&gt;</a>&nbsp;&nbsp;&nbsp;_printf_int_dec
</UL>

<P><STRONG><a name="[6b]"></a>_printf_percent_end</STRONG> (Thumb, 0 bytes, Stack size unknown bytes, _printf_percent_end.o(.ARM.Collect$$_printf_percent$$00000017))
<BR><BR>[Called By]<UL><LI><a href="#[6a]">&gt;&gt;</a>&nbsp;&nbsp;&nbsp;_printf_u
</UL>

<P><STRONG><a name="[67]"></a>__main</STRONG> (Thumb, 74 bytes, Stack size 0 bytes, datainit_ctboard.o(.text))
<BR>[Address Reference Count : 1]<UL><LI> startup_ctboard.o(.text)
</UL>
<P><STRONG><a name="[0]"></a>Reset_Handler</STRONG> (Thumb, 8 bytes, Stack size 0 bytes, startup_ctboard.o(.text))
<BR>[Address Reference Count : 1]<UL><LI> startup_ctboard.o(RESET)
</UL>
<P><STRONG><a name="[1]"></a>NMI_Handler</STRONG> (Thumb, 2 bytes, Stack size 0 bytes, startup_ctboard.o(.text))
<BR><BR>[Calls]<UL><LI><a href="#[1]">&gt;&gt;</a>&nbsp;&nbsp;&nbsp;NMI_Handler
</UL>
<BR>[Called By]<UL><LI><a href="#[1]">&gt;&gt;</a>&nbsp;&nbsp;&nbsp;NMI_Handler
</UL>
<BR>[Address Reference Count : 1]<UL><LI> startup_ctboard.o(RESET)
</UL>
<P><STRONG><a name="[2]"></a>HardFault_Handler</STRONG> (Thumb, 2 bytes, Stack size 0 bytes, startup_ctboard.o(.text))
<BR><BR>[Calls]<UL><LI><a href="#[2]">&gt;&gt;</a>&nbsp;&nbsp;&nbsp;HardFault_Handler
</UL>
<BR>[Called By]<UL><LI><a href="#[2]">&gt;&gt;</a>&nbsp;&nbsp;&nbsp;HardFault_Handler
</UL>
<BR>[Address Reference Count : 1]<UL><LI> startup_ctboard.o(RESET)
</UL>
<P><STRONG><a name="[3]"></a>MemManage_Handler</STRONG> (Thumb, 2 bytes, Stack size 0 bytes, startup_ctboard.o(.text))
<BR><BR>[Calls]<UL><LI><a href="#[3]">&gt;&gt;</a>&nbsp;&nbsp;&nbsp;MemManage_Handler
</UL>
<BR>[Called By]<UL><LI><a href="#[3]">&gt;&gt;</a>&nbsp;&nbsp;&nbsp;MemManage_Handler
</UL>
<BR>[Address Reference Count : 1]<UL><LI> startup_ctboard.o(RESET)
</UL>
<P><STRONG><a name="[4]"></a>BusFault_Handler</STRONG> (Thumb, 2 bytes, Stack size 0 bytes, startup_ctboard.o(.text))
<BR><BR>[Calls]<UL><LI><a href="#[4]">&gt;&gt;</a>&nbsp;&nbsp;&nbsp;BusFault_Handler
</UL>
<BR>[Called By]<UL><LI><a href="#[4]">&gt;&gt;</a>&nbsp;&nbsp;&nbsp;BusFault_Handler
</UL>
<BR>[Address Reference Count : 1]<UL><LI> startup_ctboard.o(RESET)
</UL>
<P><STRONG><a name="[5]"></a>UsageFault_Handler</STRONG> (Thumb, 2 bytes, Stack size 0 bytes, startup_ctboard.o(.text))
<BR><BR>[Calls]<UL><LI><a href="#[5]">&gt;&gt;</a>&nbsp;&nbsp;&nbsp;UsageFault_Handler
</UL>
<BR>[Called By]<UL><LI><a href="#[5]">&gt;&gt;</a>&nbsp;&nbsp;&nbsp;UsageFault_Handler
</UL>
<BR>[Address Reference Count : 1]<UL><LI> startup_ctboard.o(RESET)
</UL>
<P><STRONG><a name="[6]"></a>SVC_Handler</STRONG> (Thumb, 2 bytes, Stack size 0 bytes, startup_ctboard.o(.text))
<BR><BR>[Calls]<UL><LI><a href="#[6]">&gt;&gt;</a>&nbsp;&nbsp;&nbsp;SVC_Handler
</UL>
<BR>[Called By]<UL><LI><a href="#[6]">&gt;&gt;</a>&nbsp;&nbsp;&nbsp;SVC_Handler
</UL>
<BR>[Address Reference Count : 1]<UL><LI> startup_ctboard.o(RESET)
</UL>
<P><STRONG><a name="[7]"></a>DebugMon_Handler</STRONG> (Thumb, 2 bytes, Stack size 0 bytes, startup_ctboard.o(.text))
<BR><BR>[Calls]<UL><LI><a href="#[7]">&gt;&gt;</a>&nbsp;&nbsp;&nbsp;DebugMon_Handler
</UL>
<BR>[Called By]<UL><LI><a href="#[7]">&gt;&gt;</a>&nbsp;&nbsp;&nbsp;DebugMon_Handler
</UL>
<BR>[Address Reference Count : 1]<UL><LI> startup_ctboard.o(RESET)
</UL>
<P><STRONG><a name="[8]"></a>PendSV_Handler</STRONG> (Thumb, 2 bytes, Stack size 0 bytes, startup_ctboard.o(.text))
<BR><BR>[Calls]<UL><LI><a href="#[8]">&gt;&gt;</a>&nbsp;&nbsp;&nbsp;PendSV_Handler
</UL>
<BR>[Called By]<UL><LI><a href="#[8]">&gt;&gt;</a>&nbsp;&nbsp;&nbsp;PendSV_Handler
</UL>
<BR>[Address Reference Count : 1]<UL><LI> startup_ctboard.o(RESET)
</UL>
<P><STRONG><a name="[9]"></a>SysTick_Handler</STRONG> (Thumb, 2 bytes, Stack size 0 bytes, startup_ctboard.o(.text))
<BR><BR>[Calls]<UL><LI><a href="#[9]">&gt;&gt;</a>&nbsp;&nbsp;&nbsp;SysTick_Handler
</UL>
<BR>[Called By]<UL><LI><a href="#[9]">&gt;&gt;</a>&nbsp;&nbsp;&nbsp;SysTick_Handler
</UL>
<BR>[Address Reference Count : 1]<UL><LI> startup_ctboard.o(RESET)
</UL>
<P><STRONG><a name="[1c]"></a>ADC_IRQHandler</STRONG> (Thumb, 0 bytes, Stack size 0 bytes, startup_ctboard.o(.text))
<BR><BR>[Calls]<UL><LI><a href="#[1c]">&gt;&gt;</a>&nbsp;&nbsp;&nbsp;ADC_IRQHandler
</UL>
<BR>[Called By]<UL><LI><a href="#[1c]">&gt;&gt;</a>&nbsp;&nbsp;&nbsp;ADC_IRQHandler
</UL>
<BR>[Address Reference Count : 1]<UL><LI> startup_ctboard.o(RESET)
</UL>
<P><STRONG><a name="[1e]"></a>CAN1_RX0_IRQHandler</STRONG> (Thumb, 0 bytes, Stack size 0 bytes, startup_ctboard.o(.text))
<BR>[Address Reference Count : 1]<UL><LI> startup_ctboard.o(RESET)
</UL>
<P><STRONG><a name="[1f]"></a>CAN1_RX1_IRQHandler</STRONG> (Thumb, 0 bytes, Stack size 0 bytes, startup_ctboard.o(.text))
<BR>[Address Reference Count : 1]<UL><LI> startup_ctboard.o(RESET)
</UL>
<P><STRONG><a name="[20]"></a>CAN1_SCE_IRQHandler</STRONG> (Thumb, 0 bytes, Stack size 0 bytes, startup_ctboard.o(.text))
<BR>[Address Reference Count : 1]<UL><LI> startup_ctboard.o(RESET)
</UL>
<P><STRONG><a name="[1d]"></a>CAN1_TX_IRQHandler</STRONG> (Thumb, 0 bytes, Stack size 0 bytes, startup_ctboard.o(.text))
<BR>[Address Reference Count : 1]<UL><LI> startup_ctboard.o(RESET)
</UL>
<P><STRONG><a name="[4a]"></a>CAN2_RX0_IRQHandler</STRONG> (Thumb, 0 bytes, Stack size 0 bytes, startup_ctboard.o(.text))
<BR>[Address Reference Count : 1]<UL><LI> startup_ctboard.o(RESET)
</UL>
<P><STRONG><a name="[4b]"></a>CAN2_RX1_IRQHandler</STRONG> (Thumb, 0 bytes, Stack size 0 bytes, startup_ctboard.o(.text))
<BR>[Address Reference Count : 1]<UL><LI> startup_ctboard.o(RESET)
</UL>
<P><STRONG><a name="[4c]"></a>CAN2_SCE_IRQHandler</STRONG> (Thumb, 0 bytes, Stack size 0 bytes, startup_ctboard.o(.text))
<BR>[Address Reference Count : 1]<UL><LI> startup_ctboard.o(RESET)
</UL>
<P><STRONG><a name="[49]"></a>CAN2_TX_IRQHandler</STRONG> (Thumb, 0 bytes, Stack size 0 bytes, startup_ctboard.o(.text))
<BR>[Address Reference Count : 1]<UL><LI> startup_ctboard.o(RESET)
</UL>
<P><STRONG><a name="[59]"></a>CRYP_IRQHandler</STRONG> (Thumb, 0 bytes, Stack size 0 bytes, startup_ctboard.o(.text))
<BR>[Address Reference Count : 1]<UL><LI> startup_ctboard.o(RESET)
</UL>
<P><STRONG><a name="[58]"></a>DCMI_IRQHandler</STRONG> (Thumb, 0 bytes, Stack size 0 bytes, startup_ctboard.o(.text))
<BR>[Address Reference Count : 1]<UL><LI> startup_ctboard.o(RESET)
</UL>
<P><STRONG><a name="[15]"></a>DMA1_Stream0_IRQHandler</STRONG> (Thumb, 0 bytes, Stack size 0 bytes, startup_ctboard.o(.text))
<BR>[Address Reference Count : 1]<UL><LI> startup_ctboard.o(RESET)
</UL>
<P><STRONG><a name="[16]"></a>DMA1_Stream1_IRQHandler</STRONG> (Thumb, 0 bytes, Stack size 0 bytes, startup_ctboard.o(.text))
<BR>[Address Reference Count : 1]<UL><LI> startup_ctboard.o(RESET)
</UL>
<P><STRONG><a name="[17]"></a>DMA1_Stream2_IRQHandler</STRONG> (Thumb, 0 bytes, Stack size 0 bytes, startup_ctboard.o(.text))
<BR>[Address Reference Count : 1]<UL><LI> startup_ctboard.o(RESET)
</UL>
<P><STRONG><a name="[18]"></a>DMA1_Stream3_IRQHandler</STRONG> (Thumb, 0 bytes, Stack size 0 bytes, startup_ctboard.o(.text))
<BR>[Address Reference Count : 1]<UL><LI> startup_ctboard.o(RESET)
</UL>
<P><STRONG><a name="[19]"></a>DMA1_Stream4_IRQHandler</STRONG> (Thumb, 0 bytes, Stack size 0 bytes, startup_ctboard.o(.text))
<BR>[Address Reference Count : 1]<UL><LI> startup_ctboard.o(RESET)
</UL>
<P><STRONG><a name="[1a]"></a>DMA1_Stream5_IRQHandler</STRONG> (Thumb, 0 bytes, Stack size 0 bytes, startup_ctboard.o(.text))
<BR>[Address Reference Count : 1]<UL><LI> startup_ctboard.o(RESET)
</UL>
<P><STRONG><a name="[1b]"></a>DMA1_Stream6_IRQHandler</STRONG> (Thumb, 0 bytes, Stack size 0 bytes, startup_ctboard.o(.text))
<BR>[Address Reference Count : 1]<UL><LI> startup_ctboard.o(RESET)
</UL>
<P><STRONG><a name="[39]"></a>DMA1_Stream7_IRQHandler</STRONG> (Thumb, 0 bytes, Stack size 0 bytes, startup_ctboard.o(.text))
<BR>[Address Reference Count : 1]<UL><LI> startup_ctboard.o(RESET)
</UL>
<P><STRONG><a name="[64]"></a>DMA2D_IRQHandler</STRONG> (Thumb, 0 bytes, Stack size 0 bytes, startup_ctboard.o(.text))
<BR>[Address Reference Count : 1]<UL><LI> startup_ctboard.o(RESET)
</UL>
<P><STRONG><a name="[42]"></a>DMA2_Stream0_IRQHandler</STRONG> (Thumb, 0 bytes, Stack size 0 bytes, startup_ctboard.o(.text))
<BR>[Address Reference Count : 1]<UL><LI> startup_ctboard.o(RESET)
</UL>
<P><STRONG><a name="[43]"></a>DMA2_Stream1_IRQHandler</STRONG> (Thumb, 0 bytes, Stack size 0 bytes, startup_ctboard.o(.text))
<BR>[Address Reference Count : 1]<UL><LI> startup_ctboard.o(RESET)
</UL>
<P><STRONG><a name="[44]"></a>DMA2_Stream2_IRQHandler</STRONG> (Thumb, 0 bytes, Stack size 0 bytes, startup_ctboard.o(.text))
<BR>[Address Reference Count : 1]<UL><LI> startup_ctboard.o(RESET)
</UL>
<P><STRONG><a name="[45]"></a>DMA2_Stream3_IRQHandler</STRONG> (Thumb, 0 bytes, Stack size 0 bytes, startup_ctboard.o(.text))
<BR>[Address Reference Count : 1]<UL><LI> startup_ctboard.o(RESET)
</UL>
<P><STRONG><a name="[46]"></a>DMA2_Stream4_IRQHandler</STRONG> (Thumb, 0 bytes, Stack size 0 bytes, startup_ctboard.o(.text))
<BR>[Address Reference Count : 1]<UL><LI> startup_ctboard.o(RESET)
</UL>
<P><STRONG><a name="[4e]"></a>DMA2_Stream5_IRQHandler</STRONG> (Thumb, 0 bytes, Stack size 0 bytes, startup_ctboard.o(.text))
<BR>[Address Reference Count : 1]<UL><LI> startup_ctboard.o(RESET)
</UL>
<P><STRONG><a name="[4f]"></a>DMA2_Stream6_IRQHandler</STRONG> (Thumb, 0 bytes, Stack size 0 bytes, startup_ctboard.o(.text))
<BR>[Address Reference Count : 1]<UL><LI> startup_ctboard.o(RESET)
</UL>
<P><STRONG><a name="[50]"></a>DMA2_Stream7_IRQHandler</STRONG> (Thumb, 0 bytes, Stack size 0 bytes, startup_ctboard.o(.text))
<BR>[Address Reference Count : 1]<UL><LI> startup_ctboard.o(RESET)
</UL>
<P><STRONG><a name="[47]"></a>ETH_IRQHandler</STRONG> (Thumb, 0 bytes, Stack size 0 bytes, startup_ctboard.o(.text))
<BR>[Address Reference Count : 1]<UL><LI> startup_ctboard.o(RESET)
</UL>
<P><STRONG><a name="[48]"></a>ETH_WKUP_IRQHandler</STRONG> (Thumb, 0 bytes, Stack size 0 bytes, startup_ctboard.o(.text))
<BR>[Address Reference Count : 1]<UL><LI> startup_ctboard.o(RESET)
</UL>
<P><STRONG><a name="[10]"></a>EXTI0_IRQHandler</STRONG> (Thumb, 0 bytes, Stack size 0 bytes, startup_ctboard.o(.text))
<BR>[Address Reference Count : 1]<UL><LI> startup_ctboard.o(RESET)
</UL>
<P><STRONG><a name="[32]"></a>EXTI15_10_IRQHandler</STRONG> (Thumb, 0 bytes, Stack size 0 bytes, startup_ctboard.o(.text))
<BR>[Address Reference Count : 1]<UL><LI> startup_ctboard.o(RESET)
</UL>
<P><STRONG><a name="[11]"></a>EXTI1_IRQHandler</STRONG> (Thumb, 0 bytes, Stack size 0 bytes, startup_ctboard.o(.text))
<BR>[Address Reference Count : 1]<UL><LI> startup_ctboard.o(RESET)
</UL>
<P><STRONG><a name="[12]"></a>EXTI2_IRQHandler</STRONG> (Thumb, 0 bytes, Stack size 0 bytes, startup_ctboard.o(.text))
<BR>[Address Reference Count : 1]<UL><LI> startup_ctboard.o(RESET)
</UL>
<P><STRONG><a name="[13]"></a>EXTI3_IRQHandler</STRONG> (Thumb, 0 bytes, Stack size 0 bytes, startup_ctboard.o(.text))
<BR>[Address Reference Count : 1]<UL><LI> startup_ctboard.o(RESET)
</UL>
<P><STRONG><a name="[14]"></a>EXTI4_IRQHandler</STRONG> (Thumb, 0 bytes, Stack size 0 bytes, startup_ctboard.o(.text))
<BR>[Address Reference Count : 1]<UL><LI> startup_ctboard.o(RESET)
</UL>
<P><STRONG><a name="[21]"></a>EXTI9_5_IRQHandler</STRONG> (Thumb, 0 bytes, Stack size 0 bytes, startup_ctboard.o(.text))
<BR>[Address Reference Count : 1]<UL><LI> startup_ctboard.o(RESET)
</UL>
<P><STRONG><a name="[e]"></a>FLASH_IRQHandler</STRONG> (Thumb, 0 bytes, Stack size 0 bytes, startup_ctboard.o(.text))
<BR>[Address Reference Count : 1]<UL><LI> startup_ctboard.o(RESET)
</UL>
<P><STRONG><a name="[3a]"></a>FMC_IRQHandler</STRONG> (Thumb, 0 bytes, Stack size 0 bytes, startup_ctboard.o(.text))
<BR>[Address Reference Count : 1]<UL><LI> startup_ctboard.o(RESET)
</UL>
<P><STRONG><a name="[5b]"></a>FPU_IRQHandler</STRONG> (Thumb, 0 bytes, Stack size 0 bytes, startup_ctboard.o(.text))
<BR>[Address Reference Count : 1]<UL><LI> startup_ctboard.o(RESET)
</UL>
<P><STRONG><a name="[5a]"></a>HASH_RNG_IRQHandler</STRONG> (Thumb, 0 bytes, Stack size 0 bytes, startup_ctboard.o(.text))
<BR>[Address Reference Count : 1]<UL><LI> startup_ctboard.o(RESET)
</UL>
<P><STRONG><a name="[2a]"></a>I2C1_ER_IRQHandler</STRONG> (Thumb, 0 bytes, Stack size 0 bytes, startup_ctboard.o(.text))
<BR>[Address Reference Count : 1]<UL><LI> startup_ctboard.o(RESET)
</UL>
<P><STRONG><a name="[29]"></a>I2C1_EV_IRQHandler</STRONG> (Thumb, 0 bytes, Stack size 0 bytes, startup_ctboard.o(.text))
<BR>[Address Reference Count : 1]<UL><LI> startup_ctboard.o(RESET)
</UL>
<P><STRONG><a name="[2c]"></a>I2C2_ER_IRQHandler</STRONG> (Thumb, 0 bytes, Stack size 0 bytes, startup_ctboard.o(.text))
<BR>[Address Reference Count : 1]<UL><LI> startup_ctboard.o(RESET)
</UL>
<P><STRONG><a name="[2b]"></a>I2C2_EV_IRQHandler</STRONG> (Thumb, 0 bytes, Stack size 0 bytes, startup_ctboard.o(.text))
<BR>[Address Reference Count : 1]<UL><LI> startup_ctboard.o(RESET)
</UL>
<P><STRONG><a name="[53]"></a>I2C3_ER_IRQHandler</STRONG> (Thumb, 0 bytes, Stack size 0 bytes, startup_ctboard.o(.text))
<BR>[Address Reference Count : 1]<UL><LI> startup_ctboard.o(RESET)
</UL>
<P><STRONG><a name="[52]"></a>I2C3_EV_IRQHandler</STRONG> (Thumb, 0 bytes, Stack size 0 bytes, startup_ctboard.o(.text))
<BR>[Address Reference Count : 1]<UL><LI> startup_ctboard.o(RESET)
</UL>
<P><STRONG><a name="[63]"></a>LTDC_ER_IRQHandler</STRONG> (Thumb, 0 bytes, Stack size 0 bytes, startup_ctboard.o(.text))
<BR>[Address Reference Count : 1]<UL><LI> startup_ctboard.o(RESET)
</UL>
<P><STRONG><a name="[62]"></a>LTDC_IRQHandler</STRONG> (Thumb, 0 bytes, Stack size 0 bytes, startup_ctboard.o(.text))
<BR>[Address Reference Count : 1]<UL><LI> startup_ctboard.o(RESET)
</UL>
<P><STRONG><a name="[4d]"></a>OTG_FS_IRQHandler</STRONG> (Thumb, 0 bytes, Stack size 0 bytes, startup_ctboard.o(.text))
<BR>[Address Reference Count : 1]<UL><LI> startup_ctboard.o(RESET)
</UL>
<P><STRONG><a name="[34]"></a>OTG_FS_WKUP_IRQHandler</STRONG> (Thumb, 0 bytes, Stack size 0 bytes, startup_ctboard.o(.text))
<BR>[Address Reference Count : 1]<UL><LI> startup_ctboard.o(RESET)
</UL>
<P><STRONG><a name="[55]"></a>OTG_HS_EP1_IN_IRQHandler</STRONG> (Thumb, 0 bytes, Stack size 0 bytes, startup_ctboard.o(.text))
<BR>[Address Reference Count : 1]<UL><LI> startup_ctboard.o(RESET)
</UL>
<P><STRONG><a name="[54]"></a>OTG_HS_EP1_OUT_IRQHandler</STRONG> (Thumb, 0 bytes, Stack size 0 bytes, startup_ctboard.o(.text))
<BR>[Address Reference Count : 1]<UL><LI> startup_ctboard.o(RESET)
</UL>
<P><STRONG><a name="[57]"></a>OTG_HS_IRQHandler</STRONG> (Thumb, 0 bytes, Stack size 0 bytes, startup_ctboard.o(.text))
<BR>[Address Reference Count : 1]<UL><LI> startup_ctboard.o(RESET)
</UL>
<P><STRONG><a name="[56]"></a>OTG_HS_WKUP_IRQHandler</STRONG> (Thumb, 0 bytes, Stack size 0 bytes, startup_ctboard.o(.text))
<BR>[Address Reference Count : 1]<UL><LI> startup_ctboard.o(RESET)
</UL>
<P><STRONG><a name="[b]"></a>PVD_IRQHandler</STRONG> (Thumb, 0 bytes, Stack size 0 bytes, startup_ctboard.o(.text))
<BR>[Address Reference Count : 1]<UL><LI> startup_ctboard.o(RESET)
</UL>
<P><STRONG><a name="[f]"></a>RCC_IRQHandler</STRONG> (Thumb, 0 bytes, Stack size 0 bytes, startup_ctboard.o(.text))
<BR>[Address Reference Count : 1]<UL><LI> startup_ctboard.o(RESET)
</UL>
<P><STRONG><a name="[33]"></a>RTC_Alarm_IRQHandler</STRONG> (Thumb, 0 bytes, Stack size 0 bytes, startup_ctboard.o(.text))
<BR>[Address Reference Count : 1]<UL><LI> startup_ctboard.o(RESET)
</UL>
<P><STRONG><a name="[d]"></a>RTC_WKUP_IRQHandler</STRONG> (Thumb, 0 bytes, Stack size 0 bytes, startup_ctboard.o(.text))
<BR>[Address Reference Count : 1]<UL><LI> startup_ctboard.o(RESET)
</UL>
<P><STRONG><a name="[61]"></a>SAI1_IRQHandler</STRONG> (Thumb, 0 bytes, Stack size 0 bytes, startup_ctboard.o(.text))
<BR>[Address Reference Count : 1]<UL><LI> startup_ctboard.o(RESET)
</UL>
<P><STRONG><a name="[3b]"></a>SDIO_IRQHandler</STRONG> (Thumb, 0 bytes, Stack size 0 bytes, startup_ctboard.o(.text))
<BR>[Address Reference Count : 1]<UL><LI> startup_ctboard.o(RESET)
</UL>
<P><STRONG><a name="[2d]"></a>SPI1_IRQHandler</STRONG> (Thumb, 0 bytes, Stack size 0 bytes, startup_ctboard.o(.text))
<BR>[Address Reference Count : 1]<UL><LI> startup_ctboard.o(RESET)
</UL>
<P><STRONG><a name="[2e]"></a>SPI2_IRQHandler</STRONG> (Thumb, 0 bytes, Stack size 0 bytes, startup_ctboard.o(.text))
<BR>[Address Reference Count : 1]<UL><LI> startup_ctboard.o(RESET)
</UL>
<P><STRONG><a name="[3d]"></a>SPI3_IRQHandler</STRONG> (Thumb, 0 bytes, Stack size 0 bytes, startup_ctboard.o(.text))
<BR>[Address Reference Count : 1]<UL><LI> startup_ctboard.o(RESET)
</UL>
<P><STRONG><a name="[5e]"></a>SPI4_IRQHandler</STRONG> (Thumb, 0 bytes, Stack size 0 bytes, startup_ctboard.o(.text))
<BR>[Address Reference Count : 1]<UL><LI> startup_ctboard.o(RESET)
</UL>
<P><STRONG><a name="[5f]"></a>SPI5_IRQHandler</STRONG> (Thumb, 0 bytes, Stack size 0 bytes, startup_ctboard.o(.text))
<BR>[Address Reference Count : 1]<UL><LI> startup_ctboard.o(RESET)
</UL>
<P><STRONG><a name="[60]"></a>SPI6_IRQHandler</STRONG> (Thumb, 0 bytes, Stack size 0 bytes, startup_ctboard.o(.text))
<BR>[Address Reference Count : 1]<UL><LI> startup_ctboard.o(RESET)
</UL>
<P><STRONG><a name="[c]"></a>TAMP_STAMP_IRQHandler</STRONG> (Thumb, 0 bytes, Stack size 0 bytes, startup_ctboard.o(.text))
<BR>[Address Reference Count : 1]<UL><LI> startup_ctboard.o(RESET)
</UL>
<P><STRONG><a name="[22]"></a>TIM1_BRK_TIM9_IRQHandler</STRONG> (Thumb, 0 bytes, Stack size 0 bytes, startup_ctboard.o(.text))
<BR>[Address Reference Count : 1]<UL><LI> startup_ctboard.o(RESET)
</UL>
<P><STRONG><a name="[25]"></a>TIM1_CC_IRQHandler</STRONG> (Thumb, 0 bytes, Stack size 0 bytes, startup_ctboard.o(.text))
<BR>[Address Reference Count : 1]<UL><LI> startup_ctboard.o(RESET)
</UL>
<P><STRONG><a name="[24]"></a>TIM1_TRG_COM_TIM11_IRQHandler</STRONG> (Thumb, 0 bytes, Stack size 0 bytes, startup_ctboard.o(.text))
<BR>[Address Reference Count : 1]<UL><LI> startup_ctboard.o(RESET)
</UL>
<P><STRONG><a name="[23]"></a>TIM1_UP_TIM10_IRQHandler</STRONG> (Thumb, 0 bytes, Stack size 0 bytes, startup_ctboard.o(.text))
<BR>[Address Reference Count : 1]<UL><LI> startup_ctboard.o(RESET)
</UL>
<P><STRONG><a name="[26]"></a>TIM2_IRQHandler</STRONG> (Thumb, 0 bytes, Stack size 0 bytes, startup_ctboard.o(.text))
<BR>[Address Reference Count : 1]<UL><LI> startup_ctboard.o(RESET)
</UL>
<P><STRONG><a name="[3c]"></a>TIM5_IRQHandler</STRONG> (Thumb, 0 bytes, Stack size 0 bytes, startup_ctboard.o(.text))
<BR>[Address Reference Count : 1]<UL><LI> startup_ctboard.o(RESET)
</UL>
<P><STRONG><a name="[40]"></a>TIM6_DAC_IRQHandler</STRONG> (Thumb, 0 bytes, Stack size 0 bytes, startup_ctboard.o(.text))
<BR>[Address Reference Count : 1]<UL><LI> startup_ctboard.o(RESET)
</UL>
<P><STRONG><a name="[41]"></a>TIM7_IRQHandler</STRONG> (Thumb, 0 bytes, Stack size 0 bytes, startup_ctboard.o(.text))
<BR>[Address Reference Count : 1]<UL><LI> startup_ctboard.o(RESET)
</UL>
<P><STRONG><a name="[35]"></a>TIM8_BRK_TIM12_IRQHandler</STRONG> (Thumb, 0 bytes, Stack size 0 bytes, startup_ctboard.o(.text))
<BR>[Address Reference Count : 1]<UL><LI> startup_ctboard.o(RESET)
</UL>
<P><STRONG><a name="[38]"></a>TIM8_CC_IRQHandler</STRONG> (Thumb, 0 bytes, Stack size 0 bytes, startup_ctboard.o(.text))
<BR>[Address Reference Count : 1]<UL><LI> startup_ctboard.o(RESET)
</UL>
<P><STRONG><a name="[37]"></a>TIM8_TRG_COM_TIM14_IRQHandler</STRONG> (Thumb, 0 bytes, Stack size 0 bytes, startup_ctboard.o(.text))
<BR>[Address Reference Count : 1]<UL><LI> startup_ctboard.o(RESET)
</UL>
<P><STRONG><a name="[36]"></a>TIM8_UP_TIM13_IRQHandler</STRONG> (Thumb, 0 bytes, Stack size 0 bytes, startup_ctboard.o(.text))
<BR>[Address Reference Count : 1]<UL><LI> startup_ctboard.o(RESET)
</UL>
<P><STRONG><a name="[3e]"></a>UART4_IRQHandler</STRONG> (Thumb, 0 bytes, Stack size 0 bytes, startup_ctboard.o(.text))
<BR>[Address Reference Count : 1]<UL><LI> startup_ctboard.o(RESET)
</UL>
<P><STRONG><a name="[3f]"></a>UART5_IRQHandler</STRONG> (Thumb, 0 bytes, Stack size 0 bytes, startup_ctboard.o(.text))
<BR>[Address Reference Count : 1]<UL><LI> startup_ctboard.o(RESET)
</UL>
<P><STRONG><a name="[5c]"></a>UART7_IRQHandler</STRONG> (Thumb, 0 bytes, Stack size 0 bytes, startup_ctboard.o(.text))
<BR>[Address Reference Count : 1]<UL><LI> startup_ctboard.o(RESET)
</UL>
<P><STRONG><a name="[5d]"></a>UART8_IRQHandler</STRONG> (Thumb, 0 bytes, Stack size 0 bytes, startup_ctboard.o(.text))
<BR>[Address Reference Count : 1]<UL><LI> startup_ctboard.o(RESET)
</UL>
<P><STRONG><a name="[2f]"></a>USART1_IRQHandler</STRONG> (Thumb, 0 bytes, Stack size 0 bytes, startup_ctboard.o(.text))
<BR>[Address Reference Count : 1]<UL><LI> startup_ctboard.o(RESET)
</UL>
<P><STRONG><a name="[30]"></a>USART2_IRQHandler</STRONG> (Thumb, 0 bytes, Stack size 0 bytes, startup_ctboard.o(.text))
<BR>[Address Reference Count : 1]<UL><LI> startup_ctboard.o(RESET)
</UL>
<P><STRONG><a name="[31]"></a>USART3_IRQHandler</STRONG> (Thumb, 0 bytes, Stack size 0 bytes, startup_ctboard.o(.text))
<BR>[Address Reference Count : 1]<UL><LI> startup_ctboard.o(RESET)
</UL>
<P><STRONG><a name="[51]"></a>USART6_IRQHandler</STRONG> (Thumb, 0 bytes, Stack size 0 bytes, startup_ctboard.o(.text))
<BR>[Address Reference Count : 1]<UL><LI> startup_ctboard.o(RESET)
</UL>
<P><STRONG><a name="[a]"></a>WWDG_IRQHandler</STRONG> (Thumb, 0 bytes, Stack size 0 bytes, startup_ctboard.o(.text))
<BR>[Address Reference Count : 1]<UL><LI> startup_ctboard.o(RESET)
</UL>
<P><STRONG><a name="[6d]"></a>__2snprintf</STRONG> (Thumb, 60 bytes, Stack size 32 bytes, __2snprintf.o(.text))
<BR><BR>[Stack]<UL><LI>Max Depth = 120 + Unknown Stack Size
<LI>Call Chain = __2snprintf &rArr; _printf_char_common &rArr; __printf
</UL>
<BR>[Calls]<UL><LI><a href="#[6e]">&gt;&gt;</a>&nbsp;&nbsp;&nbsp;_printf_char_common
</UL>
<BR>[Called By]<UL><LI><a href="#[84]">&gt;&gt;</a>&nbsp;&nbsp;&nbsp;eh_7seg_display
</UL>

<P><STRONG><a name="[6f]"></a>__printf</STRONG> (Thumb, 108 bytes, Stack size 24 bytes, __printf.o(.text))
<BR><BR>[Stack]<UL><LI>Max Depth = 24 + Unknown Stack Size
<LI>Call Chain = __printf
</UL>
<BR>[Calls]<UL><LI><a href="#[70]">&gt;&gt;</a>&nbsp;&nbsp;&nbsp;_printf_percent
</UL>
<BR>[Called By]<UL><LI><a href="#[6e]">&gt;&gt;</a>&nbsp;&nbsp;&nbsp;_printf_char_common
</UL>

<P><STRONG><a name="[6c]"></a>_printf_int_dec</STRONG> (Thumb, 90 bytes, Stack size 32 bytes, _printf_dec.o(.text))
<BR><BR>[Stack]<UL><LI>Max Depth = 72<LI>Call Chain = _printf_int_dec &rArr; _printf_int_common
</UL>
<BR>[Calls]<UL><LI><a href="#[73]">&gt;&gt;</a>&nbsp;&nbsp;&nbsp;__rt_udiv10
<LI><a href="#[74]">&gt;&gt;</a>&nbsp;&nbsp;&nbsp;_printf_int_common
<LI><a href="#[72]">&gt;&gt;</a>&nbsp;&nbsp;&nbsp;_printf_truncate_unsigned (Weak Reference)
<LI><a href="#[71]">&gt;&gt;</a>&nbsp;&nbsp;&nbsp;_printf_truncate_signed (Weak Reference)
</UL>
<BR>[Called By]<UL><LI><a href="#[6a]">&gt;&gt;</a>&nbsp;&nbsp;&nbsp;_printf_u
</UL>

<P><STRONG><a name="[79]"></a>__aeabi_uidivmod</STRONG> (Thumb, 28 bytes, Stack size 0 bytes, aeabi_sdivfast.o(.text))
<BR><BR>[Called By]<UL><LI><a href="#[27]">&gt;&gt;</a>&nbsp;&nbsp;&nbsp;TIM3_IRQHandler
</UL>

<P><STRONG><a name="[97]"></a>__aeabi_idivmod</STRONG> (Thumb, 472 bytes, Stack size 8 bytes, aeabi_sdivfast.o(.text), UNUSED)

<P><STRONG><a name="[74]"></a>_printf_int_common</STRONG> (Thumb, 176 bytes, Stack size 40 bytes, _printf_intcommon.o(.text))
<BR><BR>[Stack]<UL><LI>Max Depth = 40<LI>Call Chain = _printf_int_common
</UL>
<BR>[Calls]<UL><LI><a href="#[75]">&gt;&gt;</a>&nbsp;&nbsp;&nbsp;_printf_pre_padding (Weak Reference)
<LI><a href="#[76]">&gt;&gt;</a>&nbsp;&nbsp;&nbsp;_printf_post_padding (Weak Reference)
</UL>
<BR>[Called By]<UL><LI><a href="#[6c]">&gt;&gt;</a>&nbsp;&nbsp;&nbsp;_printf_int_dec
</UL>

<P><STRONG><a name="[6e]"></a>_printf_char_common</STRONG> (Thumb, 32 bytes, Stack size 64 bytes, _printf_char_common.o(.text))
<BR><BR>[Stack]<UL><LI>Max Depth = 88 + Unknown Stack Size
<LI>Call Chain = _printf_char_common &rArr; __printf
</UL>
<BR>[Calls]<UL><LI><a href="#[6f]">&gt;&gt;</a>&nbsp;&nbsp;&nbsp;__printf
</UL>
<BR>[Called By]<UL><LI><a href="#[6d]">&gt;&gt;</a>&nbsp;&nbsp;&nbsp;__2snprintf
</UL>

<P><STRONG><a name="[68]"></a>_snputc</STRONG> (Thumb, 16 bytes, Stack size 0 bytes, _snputc.o(.text))
<BR>[Address Reference Count : 1]<UL><LI> __2snprintf.o(.text)
</UL>
<P><STRONG><a name="[73]"></a>__rt_udiv10</STRONG> (Thumb, 40 bytes, Stack size 0 bytes, rtudiv10.o(.text))
<BR><BR>[Called By]<UL><LI><a href="#[6c]">&gt;&gt;</a>&nbsp;&nbsp;&nbsp;_printf_int_dec
</UL>

<P><STRONG><a name="[27]"></a>TIM3_IRQHandler</STRONG> (Thumb, 324 bytes, Stack size 16 bytes, action_handler.o(.text.TIM3_IRQHandler))
<BR><BR>[Stack]<UL><LI>Max Depth = 24<LI>Call Chain = TIM3_IRQHandler &rArr; hal_ct_lcd_write
</UL>
<BR>[Calls]<UL><LI><a href="#[79]">&gt;&gt;</a>&nbsp;&nbsp;&nbsp;__aeabi_uidivmod
<LI><a href="#[78]">&gt;&gt;</a>&nbsp;&nbsp;&nbsp;hal_timer_irq_clear
<LI><a href="#[77]">&gt;&gt;</a>&nbsp;&nbsp;&nbsp;hal_timer_irq_status
<LI><a href="#[7a]">&gt;&gt;</a>&nbsp;&nbsp;&nbsp;hal_ct_lcd_write
</UL>
<BR>[Address Reference Count : 1]<UL><LI> startup_ctboard.o(RESET)
</UL>
<P><STRONG><a name="[28]"></a>TIM4_IRQHandler</STRONG> (Thumb, 40 bytes, Stack size 8 bytes, timer.o(.text.TIM4_IRQHandler))
<BR><BR>[Stack]<UL><LI>Max Depth = 8<LI>Call Chain = TIM4_IRQHandler
</UL>
<BR>[Calls]<UL><LI><a href="#[78]">&gt;&gt;</a>&nbsp;&nbsp;&nbsp;hal_timer_irq_clear
<LI><a href="#[77]">&gt;&gt;</a>&nbsp;&nbsp;&nbsp;hal_timer_irq_status
</UL>
<BR>[Address Reference Count : 1]<UL><LI> startup_ctboard.o(RESET)
</UL>
<P><STRONG><a name="[66]"></a>__system</STRONG> (Thumb, 8 bytes, Stack size 8 bytes, system_ctboard.o(.text.__system))
<BR><BR>[Stack]<UL><LI>Max Depth = 112<LI>Call Chain = __system &rArr; system_enter_run &rArr; hal_gpio_init_alternate &rArr; hal_gpio_init_output
</UL>
<BR>[Calls]<UL><LI><a href="#[7b]">&gt;&gt;</a>&nbsp;&nbsp;&nbsp;system_enter_run
</UL>
<BR>[Address Reference Count : 1]<UL><LI> startup_ctboard.o(.text)
</UL>
<P><STRONG><a name="[7c]"></a>action_handler_init</STRONG> (Thumb, 44 bytes, Stack size 8 bytes, action_handler.o(.text.action_handler_init))
<BR><BR>[Stack]<UL><LI>Max Depth = 28<LI>Call Chain = action_handler_init &rArr; hal_timer_irq_set
</UL>
<BR>[Calls]<UL><LI><a href="#[7f]">&gt;&gt;</a>&nbsp;&nbsp;&nbsp;hal_timer_start
<LI><a href="#[7e]">&gt;&gt;</a>&nbsp;&nbsp;&nbsp;hal_timer_irq_set
<LI><a href="#[7d]">&gt;&gt;</a>&nbsp;&nbsp;&nbsp;hal_timer_init_base
</UL>
<BR>[Called By]<UL><LI><a href="#[8c]">&gt;&gt;</a>&nbsp;&nbsp;&nbsp;fsm_init
</UL>

<P><STRONG><a name="[80]"></a>ah_door</STRONG> (Thumb, 228 bytes, Stack size 8 bytes, action_handler.o(.text.ah_door))
<BR><BR>[Stack]<UL><LI>Max Depth = 16<LI>Call Chain = ah_door &rArr; hal_ct_lcd_write
</UL>
<BR>[Calls]<UL><LI><a href="#[7a]">&gt;&gt;</a>&nbsp;&nbsp;&nbsp;hal_ct_lcd_write
</UL>
<BR>[Called By]<UL><LI><a href="#[87]">&gt;&gt;</a>&nbsp;&nbsp;&nbsp;fsm_handle_event
</UL>

<P><STRONG><a name="[81]"></a>ah_motor</STRONG> (Thumb, 96 bytes, Stack size 8 bytes, action_handler.o(.text.ah_motor))
<BR><BR>[Stack]<UL><LI>Max Depth = 16<LI>Call Chain = ah_motor &rArr; hal_ct_lcd_write
</UL>
<BR>[Calls]<UL><LI><a href="#[7a]">&gt;&gt;</a>&nbsp;&nbsp;&nbsp;hal_ct_lcd_write
</UL>
<BR>[Called By]<UL><LI><a href="#[87]">&gt;&gt;</a>&nbsp;&nbsp;&nbsp;fsm_handle_event
</UL>

<P><STRONG><a name="[82]"></a>ah_show_exception</STRONG> (Thumb, 60 bytes, Stack size 16 bytes, action_handler.o(.text.ah_show_exception))
<BR><BR>[Stack]<UL><LI>Max Depth = 24<LI>Call Chain = ah_show_exception &rArr; hal_ct_lcd_write
</UL>
<BR>[Calls]<UL><LI><a href="#[7a]">&gt;&gt;</a>&nbsp;&nbsp;&nbsp;hal_ct_lcd_write
</UL>
<BR>[Called By]<UL><LI><a href="#[87]">&gt;&gt;</a>&nbsp;&nbsp;&nbsp;fsm_handle_event
<LI><a href="#[8c]">&gt;&gt;</a>&nbsp;&nbsp;&nbsp;fsm_init
</UL>

<P><STRONG><a name="[83]"></a>ah_show_state</STRONG> (Thumb, 24 bytes, Stack size 16 bytes, action_handler.o(.text.ah_show_state))
<BR><BR>[Stack]<UL><LI>Max Depth = 24<LI>Call Chain = ah_show_state &rArr; hal_ct_lcd_write
</UL>
<BR>[Calls]<UL><LI><a href="#[7a]">&gt;&gt;</a>&nbsp;&nbsp;&nbsp;hal_ct_lcd_write
</UL>
<BR>[Called By]<UL><LI><a href="#[87]">&gt;&gt;</a>&nbsp;&nbsp;&nbsp;fsm_handle_event
<LI><a href="#[8c]">&gt;&gt;</a>&nbsp;&nbsp;&nbsp;fsm_init
</UL>

<P><STRONG><a name="[8a]"></a>ah_signal</STRONG> (Thumb, 8 bytes, Stack size 0 bytes, action_handler.o(.text.ah_signal))
<BR><BR>[Called By]<UL><LI><a href="#[87]">&gt;&gt;</a>&nbsp;&nbsp;&nbsp;fsm_handle_event
</UL>

<P><STRONG><a name="[85]"></a>eh_get_event</STRONG> (Thumb, 220 bytes, Stack size 24 bytes, event_handler.o(.text.eh_get_event))
<BR><BR>[Stack]<UL><LI>Max Depth = 168 + Unknown Stack Size
<LI>Call Chain = eh_get_event &rArr; eh_7seg_display &rArr; __2snprintf &rArr; _printf_char_common &rArr; __printf
</UL>
<BR>[Calls]<UL><LI><a href="#[86]">&gt;&gt;</a>&nbsp;&nbsp;&nbsp;timer_read
<LI><a href="#[84]">&gt;&gt;</a>&nbsp;&nbsp;&nbsp;eh_7seg_display
</UL>
<BR>[Called By]<UL><LI><a href="#[65]">&gt;&gt;</a>&nbsp;&nbsp;&nbsp;main
</UL>

<P><STRONG><a name="[8f]"></a>eh_init</STRONG> (Thumb, 76 bytes, Stack size 8 bytes, event_handler.o(.text.eh_init))
<BR><BR>[Stack]<UL><LI>Max Depth = 8<LI>Call Chain = eh_init
</UL>
<BR>[Called By]<UL><LI><a href="#[65]">&gt;&gt;</a>&nbsp;&nbsp;&nbsp;main
</UL>

<P><STRONG><a name="[89]"></a>eh_weight_control</STRONG> (Thumb, 32 bytes, Stack size 0 bytes, event_handler.o(.text.eh_weight_control))
<BR><BR>[Called By]<UL><LI><a href="#[87]">&gt;&gt;</a>&nbsp;&nbsp;&nbsp;fsm_handle_event
</UL>

<P><STRONG><a name="[87]"></a>fsm_handle_event</STRONG> (Thumb, 352 bytes, Stack size 16 bytes, state_machine.o(.text.fsm_handle_event))
<BR><BR>[Stack]<UL><LI>Max Depth = 40<LI>Call Chain = fsm_handle_event &rArr; ah_show_state &rArr; hal_ct_lcd_write
</UL>
<BR>[Calls]<UL><LI><a href="#[8b]">&gt;&gt;</a>&nbsp;&nbsp;&nbsp;timer_start
<LI><a href="#[88]">&gt;&gt;</a>&nbsp;&nbsp;&nbsp;timer_stop
<LI><a href="#[89]">&gt;&gt;</a>&nbsp;&nbsp;&nbsp;eh_weight_control
<LI><a href="#[83]">&gt;&gt;</a>&nbsp;&nbsp;&nbsp;ah_show_state
<LI><a href="#[8a]">&gt;&gt;</a>&nbsp;&nbsp;&nbsp;ah_signal
<LI><a href="#[80]">&gt;&gt;</a>&nbsp;&nbsp;&nbsp;ah_door
<LI><a href="#[82]">&gt;&gt;</a>&nbsp;&nbsp;&nbsp;ah_show_exception
<LI><a href="#[81]">&gt;&gt;</a>&nbsp;&nbsp;&nbsp;ah_motor
</UL>
<BR>[Called By]<UL><LI><a href="#[65]">&gt;&gt;</a>&nbsp;&nbsp;&nbsp;main
</UL>

<P><STRONG><a name="[8c]"></a>fsm_init</STRONG> (Thumb, 28 bytes, Stack size 8 bytes, state_machine.o(.text.fsm_init))
<BR><BR>[Stack]<UL><LI>Max Depth = 36<LI>Call Chain = fsm_init &rArr; action_handler_init &rArr; hal_timer_irq_set
</UL>
<BR>[Calls]<UL><LI><a href="#[83]">&gt;&gt;</a>&nbsp;&nbsp;&nbsp;ah_show_state
<LI><a href="#[82]">&gt;&gt;</a>&nbsp;&nbsp;&nbsp;ah_show_exception
<LI><a href="#[7c]">&gt;&gt;</a>&nbsp;&nbsp;&nbsp;action_handler_init
</UL>
<BR>[Called By]<UL><LI><a href="#[65]">&gt;&gt;</a>&nbsp;&nbsp;&nbsp;main
</UL>

<P><STRONG><a name="[7a]"></a>hal_ct_lcd_write</STRONG> (Thumb, 36 bytes, Stack size 8 bytes, hal_ct_lcd.o(.text.hal_ct_lcd_write))
<BR><BR>[Stack]<UL><LI>Max Depth = 8<LI>Call Chain = hal_ct_lcd_write
</UL>
<BR>[Called By]<UL><LI><a href="#[27]">&gt;&gt;</a>&nbsp;&nbsp;&nbsp;TIM3_IRQHandler
<LI><a href="#[83]">&gt;&gt;</a>&nbsp;&nbsp;&nbsp;ah_show_state
<LI><a href="#[80]">&gt;&gt;</a>&nbsp;&nbsp;&nbsp;ah_door
<LI><a href="#[82]">&gt;&gt;</a>&nbsp;&nbsp;&nbsp;ah_show_exception
<LI><a href="#[81]">&gt;&gt;</a>&nbsp;&nbsp;&nbsp;ah_motor
</UL>

<P><STRONG><a name="[96]"></a>hal_fmc_init_sram</STRONG> (Thumb, 316 bytes, Stack size 40 bytes, hal_fmc.o(.text.hal_fmc_init_sram))
<BR><BR>[Stack]<UL><LI>Max Depth = 40<LI>Call Chain = hal_fmc_init_sram
</UL>
<BR>[Called By]<UL><LI><a href="#[7b]">&gt;&gt;</a>&nbsp;&nbsp;&nbsp;system_enter_run
</UL>

<P><STRONG><a name="[8d]"></a>hal_gpio_init_alternate</STRONG> (Thumb, 248 bytes, Stack size 32 bytes, hal_gpio.o(.text.hal_gpio_init_alternate))
<BR><BR>[Stack]<UL><LI>Max Depth = 72<LI>Call Chain = hal_gpio_init_alternate &rArr; hal_gpio_init_output
</UL>
<BR>[Calls]<UL><LI><a href="#[8e]">&gt;&gt;</a>&nbsp;&nbsp;&nbsp;hal_gpio_init_output
</UL>
<BR>[Called By]<UL><LI><a href="#[7b]">&gt;&gt;</a>&nbsp;&nbsp;&nbsp;system_enter_run
</UL>

<P><STRONG><a name="[8e]"></a>hal_gpio_init_output</STRONG> (Thumb, 284 bytes, Stack size 40 bytes, hal_gpio.o(.text.hal_gpio_init_output))
<BR><BR>[Stack]<UL><LI>Max Depth = 40<LI>Call Chain = hal_gpio_init_output
</UL>
<BR>[Called By]<UL><LI><a href="#[8d]">&gt;&gt;</a>&nbsp;&nbsp;&nbsp;hal_gpio_init_alternate
</UL>

<P><STRONG><a name="[94]"></a>hal_pwr_set_overdrive</STRONG> (Thumb, 4 bytes, Stack size 0 bytes, hal_pwr.o(.text.hal_pwr_set_overdrive))
<BR><BR>[Called By]<UL><LI><a href="#[7b]">&gt;&gt;</a>&nbsp;&nbsp;&nbsp;system_enter_run
</UL>

<P><STRONG><a name="[91]"></a>hal_rcc_reset</STRONG> (Thumb, 104 bytes, Stack size 16 bytes, hal_rcc.o(.text.hal_rcc_reset))
<BR><BR>[Stack]<UL><LI>Max Depth = 16<LI>Call Chain = hal_rcc_reset
</UL>
<BR>[Called By]<UL><LI><a href="#[7b]">&gt;&gt;</a>&nbsp;&nbsp;&nbsp;system_enter_run
</UL>

<P><STRONG><a name="[92]"></a>hal_rcc_set_osc</STRONG> (Thumb, 108 bytes, Stack size 16 bytes, hal_rcc.o(.text.hal_rcc_set_osc))
<BR><BR>[Stack]<UL><LI>Max Depth = 16<LI>Call Chain = hal_rcc_set_osc
</UL>
<BR>[Called By]<UL><LI><a href="#[7b]">&gt;&gt;</a>&nbsp;&nbsp;&nbsp;system_enter_run
</UL>

<P><STRONG><a name="[95]"></a>hal_rcc_setup_clock</STRONG> (Thumb, 92 bytes, Stack size 8 bytes, hal_rcc.o(.text.hal_rcc_setup_clock))
<BR><BR>[Stack]<UL><LI>Max Depth = 8<LI>Call Chain = hal_rcc_setup_clock
</UL>
<BR>[Called By]<UL><LI><a href="#[7b]">&gt;&gt;</a>&nbsp;&nbsp;&nbsp;system_enter_run
</UL>

<P><STRONG><a name="[93]"></a>hal_rcc_setup_pll</STRONG> (Thumb, 192 bytes, Stack size 20 bytes, hal_rcc.o(.text.hal_rcc_setup_pll))
<BR><BR>[Stack]<UL><LI>Max Depth = 20<LI>Call Chain = hal_rcc_setup_pll
</UL>
<BR>[Called By]<UL><LI><a href="#[7b]">&gt;&gt;</a>&nbsp;&nbsp;&nbsp;system_enter_run
</UL>

<P><STRONG><a name="[7d]"></a>hal_timer_init_base</STRONG> (Thumb, 80 bytes, Stack size 16 bytes, hal_timer.o(.text.hal_timer_init_base))
<BR><BR>[Stack]<UL><LI>Max Depth = 16<LI>Call Chain = hal_timer_init_base
</UL>
<BR>[Called By]<UL><LI><a href="#[90]">&gt;&gt;</a>&nbsp;&nbsp;&nbsp;timer_init
<LI><a href="#[7c]">&gt;&gt;</a>&nbsp;&nbsp;&nbsp;action_handler_init
</UL>

<P><STRONG><a name="[78]"></a>hal_timer_irq_clear</STRONG> (Thumb, 8 bytes, Stack size 0 bytes, hal_timer.o(.text.hal_timer_irq_clear))
<BR><BR>[Called By]<UL><LI><a href="#[28]">&gt;&gt;</a>&nbsp;&nbsp;&nbsp;TIM4_IRQHandler
<LI><a href="#[27]">&gt;&gt;</a>&nbsp;&nbsp;&nbsp;TIM3_IRQHandler
</UL>

<P><STRONG><a name="[7e]"></a>hal_timer_irq_set</STRONG> (Thumb, 300 bytes, Stack size 20 bytes, hal_timer.o(.text.hal_timer_irq_set))
<BR><BR>[Stack]<UL><LI>Max Depth = 20<LI>Call Chain = hal_timer_irq_set
</UL>
<BR>[Called By]<UL><LI><a href="#[90]">&gt;&gt;</a>&nbsp;&nbsp;&nbsp;timer_init
<LI><a href="#[7c]">&gt;&gt;</a>&nbsp;&nbsp;&nbsp;action_handler_init
</UL>

<P><STRONG><a name="[77]"></a>hal_timer_irq_status</STRONG> (Thumb, 22 bytes, Stack size 0 bytes, hal_timer.o(.text.hal_timer_irq_status))
<BR><BR>[Called By]<UL><LI><a href="#[28]">&gt;&gt;</a>&nbsp;&nbsp;&nbsp;TIM4_IRQHandler
<LI><a href="#[27]">&gt;&gt;</a>&nbsp;&nbsp;&nbsp;TIM3_IRQHandler
</UL>

<P><STRONG><a name="[7f]"></a>hal_timer_start</STRONG> (Thumb, 10 bytes, Stack size 0 bytes, hal_timer.o(.text.hal_timer_start))
<BR><BR>[Called By]<UL><LI><a href="#[90]">&gt;&gt;</a>&nbsp;&nbsp;&nbsp;timer_init
<LI><a href="#[7c]">&gt;&gt;</a>&nbsp;&nbsp;&nbsp;action_handler_init
</UL>

<P><STRONG><a name="[65]"></a>main</STRONG> (Thumb, 22 bytes, Stack size 0 bytes, main.o(.text.main))
<BR><BR>[Stack]<UL><LI>Max Depth = 168 + Unknown Stack Size
<LI>Call Chain = main &rArr; eh_get_event &rArr; eh_7seg_display &rArr; __2snprintf &rArr; _printf_char_common &rArr; __printf
</UL>
<BR>[Calls]<UL><LI><a href="#[87]">&gt;&gt;</a>&nbsp;&nbsp;&nbsp;fsm_handle_event
<LI><a href="#[90]">&gt;&gt;</a>&nbsp;&nbsp;&nbsp;timer_init
<LI><a href="#[8c]">&gt;&gt;</a>&nbsp;&nbsp;&nbsp;fsm_init
<LI><a href="#[85]">&gt;&gt;</a>&nbsp;&nbsp;&nbsp;eh_get_event
<LI><a href="#[8f]">&gt;&gt;</a>&nbsp;&nbsp;&nbsp;eh_init
</UL>
<BR>[Address Reference Count : 1]<UL><LI> datainit_ctboard.o(.text)
</UL>
<P><STRONG><a name="[7b]"></a>system_enter_run</STRONG> (Thumb, 232 bytes, Stack size 32 bytes, system_ctboard.o(.text.system_enter_run))
<BR><BR>[Stack]<UL><LI>Max Depth = 104<LI>Call Chain = system_enter_run &rArr; hal_gpio_init_alternate &rArr; hal_gpio_init_output
</UL>
<BR>[Calls]<UL><LI><a href="#[96]">&gt;&gt;</a>&nbsp;&nbsp;&nbsp;hal_fmc_init_sram
<LI><a href="#[8d]">&gt;&gt;</a>&nbsp;&nbsp;&nbsp;hal_gpio_init_alternate
<LI><a href="#[95]">&gt;&gt;</a>&nbsp;&nbsp;&nbsp;hal_rcc_setup_clock
<LI><a href="#[94]">&gt;&gt;</a>&nbsp;&nbsp;&nbsp;hal_pwr_set_overdrive
<LI><a href="#[93]">&gt;&gt;</a>&nbsp;&nbsp;&nbsp;hal_rcc_setup_pll
<LI><a href="#[92]">&gt;&gt;</a>&nbsp;&nbsp;&nbsp;hal_rcc_set_osc
<LI><a href="#[91]">&gt;&gt;</a>&nbsp;&nbsp;&nbsp;hal_rcc_reset
</UL>
<BR>[Called By]<UL><LI><a href="#[66]">&gt;&gt;</a>&nbsp;&nbsp;&nbsp;__system
</UL>

<P><STRONG><a name="[90]"></a>timer_init</STRONG> (Thumb, 44 bytes, Stack size 8 bytes, timer.o(.text.timer_init))
<BR><BR>[Stack]<UL><LI>Max Depth = 28<LI>Call Chain = timer_init &rArr; hal_timer_irq_set
</UL>
<BR>[Calls]<UL><LI><a href="#[7f]">&gt;&gt;</a>&nbsp;&nbsp;&nbsp;hal_timer_start
<LI><a href="#[7e]">&gt;&gt;</a>&nbsp;&nbsp;&nbsp;hal_timer_irq_set
<LI><a href="#[7d]">&gt;&gt;</a>&nbsp;&nbsp;&nbsp;hal_timer_init_base
</UL>
<BR>[Called By]<UL><LI><a href="#[65]">&gt;&gt;</a>&nbsp;&nbsp;&nbsp;main
</UL>

<P><STRONG><a name="[86]"></a>timer_read</STRONG> (Thumb, 8 bytes, Stack size 0 bytes, timer.o(.text.timer_read))
<BR><BR>[Called By]<UL><LI><a href="#[85]">&gt;&gt;</a>&nbsp;&nbsp;&nbsp;eh_get_event
</UL>

<P><STRONG><a name="[8b]"></a>timer_start</STRONG> (Thumb, 8 bytes, Stack size 0 bytes, timer.o(.text.timer_start))
<BR><BR>[Called By]<UL><LI><a href="#[87]">&gt;&gt;</a>&nbsp;&nbsp;&nbsp;fsm_handle_event
</UL>

<P><STRONG><a name="[88]"></a>timer_stop</STRONG> (Thumb, 8 bytes, Stack size 0 bytes, timer.o(.text.timer_stop))
<BR><BR>[Called By]<UL><LI><a href="#[87]">&gt;&gt;</a>&nbsp;&nbsp;&nbsp;fsm_handle_event
</UL>
<P>
<H3>
Local Symbols
</H3>
<P><STRONG><a name="[84]"></a>eh_7seg_display</STRONG> (Thumb, 84 bytes, Stack size 24 bytes, event_handler.o(.text.eh_7seg_display))
<BR><BR>[Stack]<UL><LI>Max Depth = 144 + Unknown Stack Size
<LI>Call Chain = eh_7seg_display &rArr; __2snprintf &rArr; _printf_char_common &rArr; __printf
</UL>
<BR>[Calls]<UL><LI><a href="#[6d]">&gt;&gt;</a>&nbsp;&nbsp;&nbsp;__2snprintf
</UL>
<BR>[Called By]<UL><LI><a href="#[85]">&gt;&gt;</a>&nbsp;&nbsp;&nbsp;eh_get_event
</UL>

<P><STRONG><a name="[69]"></a>_printf_input_char</STRONG> (Thumb, 10 bytes, Stack size 0 bytes, _printf_char_common.o(.text))
<BR>[Address Reference Count : 1]<UL><LI> _printf_char_common.o(.text)
</UL><P>
<H3>
Undefined Global Symbols
</H3>
<P><STRONG><a name="[76]"></a>_printf_post_padding</STRONG> (ARM, 0 bytes, Stack size 0 bytes, UNDEFINED)
<BR><BR>[Called By]<UL><LI><a href="#[74]">&gt;&gt;</a>&nbsp;&nbsp;&nbsp;_printf_int_common
</UL>

<P><STRONG><a name="[75]"></a>_printf_pre_padding</STRONG> (ARM, 0 bytes, Stack size 0 bytes, UNDEFINED)
<BR><BR>[Called By]<UL><LI><a href="#[74]">&gt;&gt;</a>&nbsp;&nbsp;&nbsp;_printf_int_common
</UL>

<P><STRONG><a name="[71]"></a>_printf_truncate_signed</STRONG> (ARM, 0 bytes, Stack size 0 bytes, UNDEFINED)
<BR><BR>[Called By]<UL><LI><a href="#[6c]">&gt;&gt;</a>&nbsp;&nbsp;&nbsp;_printf_int_dec
</UL>

<P><STRONG><a name="[72]"></a>_printf_truncate_unsigned</STRONG> (ARM, 0 bytes, Stack size 0 bytes, UNDEFINED)
<BR><BR>[Called By]<UL><LI><a href="#[6c]">&gt;&gt;</a>&nbsp;&nbsp;&nbsp;_printf_int_dec
</UL>
<HR></body></html>
