Component: Arm Compiler for Embedded 6.19 Tool: armlink [5e73cb00]

==============================================================================

Section Cross References

    action_handler.o(.text.action_handler_init) refers to hal_timer.o(.text.hal_timer_init_base) for hal_timer_init_base
    action_handler.o(.text.action_handler_init) refers to hal_timer.o(.text.hal_timer_irq_set) for hal_timer_irq_set
    action_handler.o(.text.action_handler_init) refers to hal_timer.o(.text.hal_timer_start) for hal_timer_start
    action_handler.o(.ARM.exidx.text.action_handler_init) refers to action_handler.o(.text.action_handler_init) for [Anonymous Symbol]
    action_handler.o(.text.ah_motor) refers to hal_ct_lcd.o(.text.hal_ct_lcd_write) for hal_ct_lcd_write
    action_handler.o(.text.ah_motor) refers to action_handler.o(.data.door_state) for [Anonymous Symbol]
    action_handler.o(.text.ah_motor) refers to action_handler.o(.rodata.str1.1) for [Anonymous Symbol]
    action_handler.o(.text.ah_motor) refers to action_handler.o(.bss.elevator_state) for [Anonymous Symbol]
    action_handler.o(.ARM.exidx.text.ah_motor) refers to action_handler.o(.text.ah_motor) for [Anonymous Symbol]
    action_handler.o(.text.ah_show_exception) refers to hal_ct_lcd.o(.text.hal_ct_lcd_write) for hal_ct_lcd_write
    action_handler.o(.text.ah_show_exception) refers to action_handler.o(.rodata.str2.2) for [Anonymous Symbol]
    action_handler.o(.text.ah_show_exception) refers to action_handler.o(.rodata..Lswitch.table.ah_show_exception.9) for [Anonymous Symbol]
    action_handler.o(.text.ah_show_exception) refers to action_handler.o(.rodata.str1.1) for [Anonymous Symbol]
    action_handler.o(.ARM.exidx.text.ah_show_exception) refers to action_handler.o(.text.ah_show_exception) for [Anonymous Symbol]
    action_handler.o(.text.ah_door) refers to hal_ct_lcd.o(.text.hal_ct_lcd_write) for hal_ct_lcd_write
    action_handler.o(.text.ah_door) refers to action_handler.o(.bss.elevator_state) for [Anonymous Symbol]
    action_handler.o(.text.ah_door) refers to action_handler.o(.rodata.str1.1) for [Anonymous Symbol]
    action_handler.o(.text.ah_door) refers to action_handler.o(.data.door_state) for [Anonymous Symbol]
    action_handler.o(.ARM.exidx.text.ah_door) refers to action_handler.o(.text.ah_door) for [Anonymous Symbol]
    action_handler.o(.text.ah_signal) refers to action_handler.o(.bss.signal_state) for [Anonymous Symbol]
    action_handler.o(.ARM.exidx.text.ah_signal) refers to action_handler.o(.text.ah_signal) for [Anonymous Symbol]
    action_handler.o(.text.ah_show_state) refers to hal_ct_lcd.o(.text.hal_ct_lcd_write) for hal_ct_lcd_write
    action_handler.o(.text.ah_show_state) refers to action_handler.o(.rodata.str1.1) for [Anonymous Symbol]
    action_handler.o(.ARM.exidx.text.ah_show_state) refers to action_handler.o(.text.ah_show_state) for [Anonymous Symbol]
    action_handler.o(.text.TIM3_IRQHandler) refers to hal_timer.o(.text.hal_timer_irq_status) for hal_timer_irq_status
    action_handler.o(.text.TIM3_IRQHandler) refers to hal_timer.o(.text.hal_timer_irq_clear) for hal_timer_irq_clear
    action_handler.o(.text.TIM3_IRQHandler) refers to aeabi_sdivfast.o(.text) for __aeabi_uidivmod
    action_handler.o(.text.TIM3_IRQHandler) refers to hal_ct_lcd.o(.text.hal_ct_lcd_write) for hal_ct_lcd_write
    action_handler.o(.text.TIM3_IRQHandler) refers to action_handler.o(.bss.TIM3_IRQHandler.timer_count) for [Anonymous Symbol]
    action_handler.o(.text.TIM3_IRQHandler) refers to action_handler.o(.bss.elevator_state) for [Anonymous Symbol]
    action_handler.o(.text.TIM3_IRQHandler) refers to action_handler.o(.bss.TIM3_IRQHandler.elevator_position) for [Anonymous Symbol]
    action_handler.o(.text.TIM3_IRQHandler) refers to event_handler.o(.bss.flag_F1_Reached) for flag_F1_Reached
    action_handler.o(.text.TIM3_IRQHandler) refers to action_handler.o(.rodata.str1.1) for [Anonymous Symbol]
    action_handler.o(.text.TIM3_IRQHandler) refers to event_handler.o(.bss.flag_F0_Reached) for flag_F0_Reached
    action_handler.o(.text.TIM3_IRQHandler) refers to action_handler.o(.data.door_state) for [Anonymous Symbol]
    action_handler.o(.text.TIM3_IRQHandler) refers to action_handler.o(.bss.TIM3_IRQHandler.door_position) for [Anonymous Symbol]
    action_handler.o(.text.TIM3_IRQHandler) refers to action_handler.o(.bss.TIM3_IRQHandler.door_pattern) for [Anonymous Symbol]
    action_handler.o(.text.TIM3_IRQHandler) refers to action_handler.o(.bss.TIM3_IRQHandler.elevator_pattern) for [Anonymous Symbol]
    action_handler.o(.text.TIM3_IRQHandler) refers to action_handler.o(.bss.signal_state) for [Anonymous Symbol]
    action_handler.o(.ARM.exidx.text.TIM3_IRQHandler) refers to action_handler.o(.text.TIM3_IRQHandler) for [Anonymous Symbol]
    event_handler.o(.text) refers (Special) to _printf_percent.o(.ARM.Collect$$_printf_percent$$00000000) for _printf_percent
    event_handler.o(.text) refers (Special) to _printf_u.o(.ARM.Collect$$_printf_percent$$0000000A) for _printf_u
    event_handler.o(.text) refers (Special) to _printf_dec.o(.text) for _printf_int_dec
    event_handler.o(.text.eh_init) refers (Special) to _printf_percent.o(.ARM.Collect$$_printf_percent$$00000000) for _printf_percent
    event_handler.o(.text.eh_init) refers (Special) to _printf_u.o(.ARM.Collect$$_printf_percent$$0000000A) for _printf_u
    event_handler.o(.text.eh_init) refers (Special) to _printf_dec.o(.text) for _printf_int_dec
    event_handler.o(.ARM.exidx.text.eh_init) refers (Special) to _printf_percent.o(.ARM.Collect$$_printf_percent$$00000000) for _printf_percent
    event_handler.o(.ARM.exidx.text.eh_init) refers (Special) to _printf_u.o(.ARM.Collect$$_printf_percent$$0000000A) for _printf_u
    event_handler.o(.ARM.exidx.text.eh_init) refers (Special) to _printf_dec.o(.text) for _printf_int_dec
    event_handler.o(.ARM.exidx.text.eh_init) refers to event_handler.o(.text.eh_init) for [Anonymous Symbol]
    event_handler.o(.text.eh_get_event) refers (Special) to _printf_percent.o(.ARM.Collect$$_printf_percent$$00000000) for _printf_percent
    event_handler.o(.text.eh_get_event) refers (Special) to _printf_u.o(.ARM.Collect$$_printf_percent$$0000000A) for _printf_u
    event_handler.o(.text.eh_get_event) refers (Special) to _printf_dec.o(.text) for _printf_int_dec
    event_handler.o(.text.eh_get_event) refers to timer.o(.text.timer_read) for timer_read
    event_handler.o(.text.eh_get_event) refers to event_handler.o(.text.eh_7seg_display) for eh_7seg_display
    event_handler.o(.text.eh_get_event) refers to event_handler.o(.bss.eh_get_event.timer_old) for [Anonymous Symbol]
    event_handler.o(.text.eh_get_event) refers to event_handler.o(.data.eh_get_event.button_value_old) for [Anonymous Symbol]
    event_handler.o(.text.eh_get_event) refers to event_handler.o(.data.eh_get_event.dip_value_old) for [Anonymous Symbol]
    event_handler.o(.text.eh_get_event) refers to event_handler.o(.data.wctl_state) for [Anonymous Symbol]
    event_handler.o(.text.eh_get_event) refers to event_handler.o(.data.weight_value_old) for [Anonymous Symbol]
    event_handler.o(.text.eh_get_event) refers to event_handler.o(.data.current_weight_limit) for [Anonymous Symbol]
    event_handler.o(.text.eh_get_event) refers to event_handler.o(.bss.flag_F0_Reached) for flag_F0_Reached
    event_handler.o(.text.eh_get_event) refers to event_handler.o(.bss.flag_F1_Reached) for flag_F1_Reached
    event_handler.o(.ARM.exidx.text.eh_get_event) refers (Special) to _printf_percent.o(.ARM.Collect$$_printf_percent$$00000000) for _printf_percent
    event_handler.o(.ARM.exidx.text.eh_get_event) refers (Special) to _printf_u.o(.ARM.Collect$$_printf_percent$$0000000A) for _printf_u
    event_handler.o(.ARM.exidx.text.eh_get_event) refers (Special) to _printf_dec.o(.text) for _printf_int_dec
    event_handler.o(.ARM.exidx.text.eh_get_event) refers to event_handler.o(.text.eh_get_event) for [Anonymous Symbol]
    event_handler.o(.text.eh_7seg_display) refers (Special) to _printf_percent.o(.ARM.Collect$$_printf_percent$$00000000) for _printf_percent
    event_handler.o(.text.eh_7seg_display) refers (Special) to _printf_u.o(.ARM.Collect$$_printf_percent$$0000000A) for _printf_u
    event_handler.o(.text.eh_7seg_display) refers (Special) to _printf_dec.o(.text) for _printf_int_dec
    event_handler.o(.text.eh_7seg_display) refers to __2snprintf.o(.text) for __2snprintf
    event_handler.o(.ARM.exidx.text.eh_7seg_display) refers (Special) to _printf_percent.o(.ARM.Collect$$_printf_percent$$00000000) for _printf_percent
    event_handler.o(.ARM.exidx.text.eh_7seg_display) refers (Special) to _printf_u.o(.ARM.Collect$$_printf_percent$$0000000A) for _printf_u
    event_handler.o(.ARM.exidx.text.eh_7seg_display) refers (Special) to _printf_dec.o(.text) for _printf_int_dec
    event_handler.o(.ARM.exidx.text.eh_7seg_display) refers to event_handler.o(.text.eh_7seg_display) for [Anonymous Symbol]
    event_handler.o(.text.eh_weight_control) refers (Special) to _printf_percent.o(.ARM.Collect$$_printf_percent$$00000000) for _printf_percent
    event_handler.o(.text.eh_weight_control) refers (Special) to _printf_u.o(.ARM.Collect$$_printf_percent$$0000000A) for _printf_u
    event_handler.o(.text.eh_weight_control) refers (Special) to _printf_dec.o(.text) for _printf_int_dec
    event_handler.o(.text.eh_weight_control) refers to event_handler.o(.data.wctl_state) for [Anonymous Symbol]
    event_handler.o(.text.eh_weight_control) refers to event_handler.o(.data.weight_value_old) for [Anonymous Symbol]
    event_handler.o(.text.eh_weight_control) refers to event_handler.o(.data.current_weight_limit) for [Anonymous Symbol]
    event_handler.o(.ARM.exidx.text.eh_weight_control) refers (Special) to _printf_percent.o(.ARM.Collect$$_printf_percent$$00000000) for _printf_percent
    event_handler.o(.ARM.exidx.text.eh_weight_control) refers (Special) to _printf_u.o(.ARM.Collect$$_printf_percent$$0000000A) for _printf_u
    event_handler.o(.ARM.exidx.text.eh_weight_control) refers (Special) to _printf_dec.o(.text) for _printf_int_dec
    event_handler.o(.ARM.exidx.text.eh_weight_control) refers to event_handler.o(.text.eh_weight_control) for [Anonymous Symbol]
    event_handler.o(.bss.flag_F0_Reached) refers (Special) to _printf_percent.o(.ARM.Collect$$_printf_percent$$00000000) for _printf_percent
    event_handler.o(.bss.flag_F0_Reached) refers (Special) to _printf_u.o(.ARM.Collect$$_printf_percent$$0000000A) for _printf_u
    event_handler.o(.bss.flag_F0_Reached) refers (Special) to _printf_dec.o(.text) for _printf_int_dec
    event_handler.o(.bss.flag_F1_Reached) refers (Special) to _printf_percent.o(.ARM.Collect$$_printf_percent$$00000000) for _printf_percent
    event_handler.o(.bss.flag_F1_Reached) refers (Special) to _printf_u.o(.ARM.Collect$$_printf_percent$$0000000A) for _printf_u
    event_handler.o(.bss.flag_F1_Reached) refers (Special) to _printf_dec.o(.text) for _printf_int_dec
    event_handler.o(.data.eh_get_event.button_value_old) refers (Special) to _printf_percent.o(.ARM.Collect$$_printf_percent$$00000000) for _printf_percent
    event_handler.o(.data.eh_get_event.button_value_old) refers (Special) to _printf_u.o(.ARM.Collect$$_printf_percent$$0000000A) for _printf_u
    event_handler.o(.data.eh_get_event.button_value_old) refers (Special) to _printf_dec.o(.text) for _printf_int_dec
    event_handler.o(.data.eh_get_event.dip_value_old) refers (Special) to _printf_percent.o(.ARM.Collect$$_printf_percent$$00000000) for _printf_percent
    event_handler.o(.data.eh_get_event.dip_value_old) refers (Special) to _printf_u.o(.ARM.Collect$$_printf_percent$$0000000A) for _printf_u
    event_handler.o(.data.eh_get_event.dip_value_old) refers (Special) to _printf_dec.o(.text) for _printf_int_dec
    event_handler.o(.bss.eh_get_event.timer_old) refers (Special) to _printf_percent.o(.ARM.Collect$$_printf_percent$$00000000) for _printf_percent
    event_handler.o(.bss.eh_get_event.timer_old) refers (Special) to _printf_u.o(.ARM.Collect$$_printf_percent$$0000000A) for _printf_u
    event_handler.o(.bss.eh_get_event.timer_old) refers (Special) to _printf_dec.o(.text) for _printf_int_dec
    event_handler.o(.data.wctl_state) refers (Special) to _printf_percent.o(.ARM.Collect$$_printf_percent$$00000000) for _printf_percent
    event_handler.o(.data.wctl_state) refers (Special) to _printf_u.o(.ARM.Collect$$_printf_percent$$0000000A) for _printf_u
    event_handler.o(.data.wctl_state) refers (Special) to _printf_dec.o(.text) for _printf_int_dec
    event_handler.o(.data.weight_value_old) refers (Special) to _printf_percent.o(.ARM.Collect$$_printf_percent$$00000000) for _printf_percent
    event_handler.o(.data.weight_value_old) refers (Special) to _printf_u.o(.ARM.Collect$$_printf_percent$$0000000A) for _printf_u
    event_handler.o(.data.weight_value_old) refers (Special) to _printf_dec.o(.text) for _printf_int_dec
    event_handler.o(.data.current_weight_limit) refers (Special) to _printf_percent.o(.ARM.Collect$$_printf_percent$$00000000) for _printf_percent
    event_handler.o(.data.current_weight_limit) refers (Special) to _printf_u.o(.ARM.Collect$$_printf_percent$$0000000A) for _printf_u
    event_handler.o(.data.current_weight_limit) refers (Special) to _printf_dec.o(.text) for _printf_int_dec
    main.o(.text.main) refers to state_machine.o(.text.fsm_init) for fsm_init
    main.o(.text.main) refers to event_handler.o(.text.eh_init) for eh_init
    main.o(.text.main) refers to timer.o(.text.timer_init) for timer_init
    main.o(.text.main) refers to event_handler.o(.text.eh_get_event) for eh_get_event
    main.o(.text.main) refers to state_machine.o(.text.fsm_handle_event) for fsm_handle_event
    main.o(.ARM.exidx.text.main) refers to main.o(.text.main) for [Anonymous Symbol]
    state_machine.o(.text.fsm_init) refers to action_handler.o(.text.action_handler_init) for action_handler_init
    state_machine.o(.text.fsm_init) refers to action_handler.o(.text.ah_show_exception) for ah_show_exception
    state_machine.o(.text.fsm_init) refers to action_handler.o(.text.ah_show_state) for ah_show_state
    state_machine.o(.text.fsm_init) refers to state_machine.o(.rodata.str1.1) for [Anonymous Symbol]
    state_machine.o(.text.fsm_init) refers to state_machine.o(.data.state) for [Anonymous Symbol]
    state_machine.o(.ARM.exidx.text.fsm_init) refers to state_machine.o(.text.fsm_init) for [Anonymous Symbol]
    state_machine.o(.text.fsm_handle_event) refers to timer.o(.text.timer_stop) for timer_stop
    state_machine.o(.text.fsm_handle_event) refers to action_handler.o(.text.ah_door) for ah_door
    state_machine.o(.text.fsm_handle_event) refers to action_handler.o(.text.ah_show_state) for ah_show_state
    state_machine.o(.text.fsm_handle_event) refers to event_handler.o(.text.eh_weight_control) for eh_weight_control
    state_machine.o(.text.fsm_handle_event) refers to action_handler.o(.text.ah_motor) for ah_motor
    state_machine.o(.text.fsm_handle_event) refers to action_handler.o(.text.ah_signal) for ah_signal
    state_machine.o(.text.fsm_handle_event) refers to action_handler.o(.text.ah_show_exception) for ah_show_exception
    state_machine.o(.text.fsm_handle_event) refers to timer.o(.text.timer_start) for timer_start
    state_machine.o(.text.fsm_handle_event) refers to state_machine.o(.data.state) for [Anonymous Symbol]
    state_machine.o(.text.fsm_handle_event) refers to state_machine.o(.rodata.str1.1) for [Anonymous Symbol]
    state_machine.o(.ARM.exidx.text.fsm_handle_event) refers to state_machine.o(.text.fsm_handle_event) for [Anonymous Symbol]
    timer.o(.text.TIM4_IRQHandler) refers to hal_timer.o(.text.hal_timer_irq_status) for hal_timer_irq_status
    timer.o(.text.TIM4_IRQHandler) refers to hal_timer.o(.text.hal_timer_irq_clear) for hal_timer_irq_clear
    timer.o(.text.TIM4_IRQHandler) refers to timer.o(.bss.timer_count) for [Anonymous Symbol]
    timer.o(.ARM.exidx.text.TIM4_IRQHandler) refers to timer.o(.text.TIM4_IRQHandler) for [Anonymous Symbol]
    timer.o(.text.timer_init) refers to hal_timer.o(.text.hal_timer_init_base) for hal_timer_init_base
    timer.o(.text.timer_init) refers to hal_timer.o(.text.hal_timer_irq_set) for hal_timer_irq_set
    timer.o(.text.timer_init) refers to hal_timer.o(.text.hal_timer_start) for hal_timer_start
    timer.o(.ARM.exidx.text.timer_init) refers to timer.o(.text.timer_init) for [Anonymous Symbol]
    timer.o(.text.timer_start) refers to timer.o(.bss.timer_count) for [Anonymous Symbol]
    timer.o(.ARM.exidx.text.timer_start) refers to timer.o(.text.timer_start) for [Anonymous Symbol]
    timer.o(.text.timer_stop) refers to timer.o(.bss.timer_count) for [Anonymous Symbol]
    timer.o(.ARM.exidx.text.timer_stop) refers to timer.o(.text.timer_stop) for [Anonymous Symbol]
    timer.o(.text.timer_read) refers to timer.o(.bss.timer_count) for [Anonymous Symbol]
    timer.o(.ARM.exidx.text.timer_read) refers to timer.o(.text.timer_read) for [Anonymous Symbol]
    datainit_ctboard.o(.text) refers (Weak) to startup_ctboard.o(STACK) for Stack_Mem
    datainit_ctboard.o(.text) refers to main.o(.text.main) for main
    startup_ctboard.o(RESET) refers to startup_ctboard.o(STACK) for __initial_sp
    startup_ctboard.o(RESET) refers to startup_ctboard.o(.text) for Reset_Handler
    startup_ctboard.o(RESET) refers to action_handler.o(.text.TIM3_IRQHandler) for TIM3_IRQHandler
    startup_ctboard.o(RESET) refers to timer.o(.text.TIM4_IRQHandler) for TIM4_IRQHandler
    startup_ctboard.o(.text) refers to system_ctboard.o(.text.__system) for __system
    startup_ctboard.o(.text) refers to datainit_ctboard.o(.text) for __main
    system_ctboard.o(.text.__system) refers to system_ctboard.o(.text.system_enter_run) for system_enter_run
    system_ctboard.o(.ARM.exidx.text.__system) refers to system_ctboard.o(.text.__system) for [Anonymous Symbol]
    system_ctboard.o(.text.system_enter_run) refers to hal_rcc.o(.text.hal_rcc_reset) for hal_rcc_reset
    system_ctboard.o(.text.system_enter_run) refers to hal_rcc.o(.text.hal_rcc_set_osc) for hal_rcc_set_osc
    system_ctboard.o(.text.system_enter_run) refers to hal_rcc.o(.text.hal_rcc_setup_pll) for hal_rcc_setup_pll
    system_ctboard.o(.text.system_enter_run) refers to hal_pwr.o(.text.hal_pwr_set_overdrive) for hal_pwr_set_overdrive
    system_ctboard.o(.text.system_enter_run) refers to hal_rcc.o(.text.hal_rcc_setup_clock) for hal_rcc_setup_clock
    system_ctboard.o(.text.system_enter_run) refers to hal_gpio.o(.text.hal_gpio_init_alternate) for hal_gpio_init_alternate
    system_ctboard.o(.text.system_enter_run) refers to hal_fmc.o(.text.hal_fmc_init_sram) for hal_fmc_init_sram
    system_ctboard.o(.ARM.exidx.text.system_enter_run) refers to system_ctboard.o(.text.system_enter_run) for [Anonymous Symbol]
    system_ctboard.o(.ARM.exidx.text.system_enter_sleep) refers to system_ctboard.o(.text.system_enter_sleep) for [Anonymous Symbol]
    system_ctboard.o(.ARM.exidx.text.system_enter_stop) refers to system_ctboard.o(.text.system_enter_stop) for [Anonymous Symbol]
    system_ctboard.o(.ARM.exidx.text.system_enter_standby) refers to system_ctboard.o(.text.system_enter_standby) for [Anonymous Symbol]
    hal_ct_lcd.o(.ARM.exidx.text.hal_ct_lcd_write) refers to hal_ct_lcd.o(.text.hal_ct_lcd_write) for [Anonymous Symbol]
    hal_ct_lcd.o(.ARM.exidx.text.hal_ct_lcd_color) refers to hal_ct_lcd.o(.text.hal_ct_lcd_color) for [Anonymous Symbol]
    hal_ct_lcd.o(.text.hal_ct_lcd_clear) refers to hal_ct_lcd.o(.rodata.str1.1) for [Anonymous Symbol]
    hal_ct_lcd.o(.ARM.exidx.text.hal_ct_lcd_clear) refers to hal_ct_lcd.o(.text.hal_ct_lcd_clear) for [Anonymous Symbol]
    hal_fmc.o(.ARM.exidx.text.hal_fmc_reset) refers to hal_fmc.o(.text.hal_fmc_reset) for [Anonymous Symbol]
    hal_fmc.o(.ARM.exidx.text.hal_fmc_init_sram) refers to hal_fmc.o(.text.hal_fmc_init_sram) for [Anonymous Symbol]
    hal_gpio.o(.ARM.exidx.text.hal_gpio_reset) refers to hal_gpio.o(.text.hal_gpio_reset) for [Anonymous Symbol]
    hal_gpio.o(.ARM.exidx.text.hal_gpio_init_input) refers to hal_gpio.o(.text.hal_gpio_init_input) for [Anonymous Symbol]
    hal_gpio.o(.ARM.exidx.text.hal_gpio_init_analog) refers to hal_gpio.o(.text.hal_gpio_init_analog) for [Anonymous Symbol]
    hal_gpio.o(.ARM.exidx.text.hal_gpio_init_output) refers to hal_gpio.o(.text.hal_gpio_init_output) for [Anonymous Symbol]
    hal_gpio.o(.text.hal_gpio_init_alternate) refers to hal_gpio.o(.text.hal_gpio_init_output) for hal_gpio_init_output
    hal_gpio.o(.ARM.exidx.text.hal_gpio_init_alternate) refers to hal_gpio.o(.text.hal_gpio_init_alternate) for [Anonymous Symbol]
    hal_gpio.o(.ARM.exidx.text.hal_gpio_input_read) refers to hal_gpio.o(.text.hal_gpio_input_read) for [Anonymous Symbol]
    hal_gpio.o(.ARM.exidx.text.hal_gpio_output_read) refers to hal_gpio.o(.text.hal_gpio_output_read) for [Anonymous Symbol]
    hal_gpio.o(.ARM.exidx.text.hal_gpio_output_write) refers to hal_gpio.o(.text.hal_gpio_output_write) for [Anonymous Symbol]
    hal_gpio.o(.ARM.exidx.text.hal_gpio_bit_set) refers to hal_gpio.o(.text.hal_gpio_bit_set) for [Anonymous Symbol]
    hal_gpio.o(.ARM.exidx.text.hal_gpio_bit_reset) refers to hal_gpio.o(.text.hal_gpio_bit_reset) for [Anonymous Symbol]
    hal_gpio.o(.ARM.exidx.text.hal_gpio_bit_toggle) refers to hal_gpio.o(.text.hal_gpio_bit_toggle) for [Anonymous Symbol]
    hal_gpio.o(.ARM.exidx.text.hal_gpio_irq_set) refers to hal_gpio.o(.text.hal_gpio_irq_set) for [Anonymous Symbol]
    hal_gpio.o(.ARM.exidx.text.hal_gpio_irq_status) refers to hal_gpio.o(.text.hal_gpio_irq_status) for [Anonymous Symbol]
    hal_gpio.o(.ARM.exidx.text.hal_gpio_irq_clear) refers to hal_gpio.o(.text.hal_gpio_irq_clear) for [Anonymous Symbol]
    hal_pwr.o(.ARM.exidx.text.hal_pwr_reset) refers to hal_pwr.o(.text.hal_pwr_reset) for [Anonymous Symbol]
    hal_pwr.o(.ARM.exidx.text.hal_pwr_set_backup_domain) refers to hal_pwr.o(.text.hal_pwr_set_backup_domain) for [Anonymous Symbol]
    hal_pwr.o(.ARM.exidx.text.hal_pwr_set_backup_access) refers to hal_pwr.o(.text.hal_pwr_set_backup_access) for [Anonymous Symbol]
    hal_pwr.o(.ARM.exidx.text.hal_pwr_set_wakeup_pin) refers to hal_pwr.o(.text.hal_pwr_set_wakeup_pin) for [Anonymous Symbol]
    hal_pwr.o(.ARM.exidx.text.hal_pwr_set_flash_powerdown) refers to hal_pwr.o(.text.hal_pwr_set_flash_powerdown) for [Anonymous Symbol]
    hal_pwr.o(.ARM.exidx.text.hal_pwr_set_overdrive) refers to hal_pwr.o(.text.hal_pwr_set_overdrive) for [Anonymous Symbol]
    hal_pwr.o(.ARM.exidx.text.hal_pwr_set_underdrive) refers to hal_pwr.o(.text.hal_pwr_set_underdrive) for [Anonymous Symbol]
    hal_rcc.o(.ARM.exidx.text.hal_rcc_reset) refers to hal_rcc.o(.text.hal_rcc_reset) for [Anonymous Symbol]
    hal_rcc.o(.ARM.exidx.text.hal_rcc_set_peripheral) refers to hal_rcc.o(.text.hal_rcc_set_peripheral) for [Anonymous Symbol]
    hal_rcc.o(.ARM.exidx.text.hal_rcc_set_osc) refers to hal_rcc.o(.text.hal_rcc_set_osc) for [Anonymous Symbol]
    hal_rcc.o(.ARM.exidx.text.hal_rcc_setup_pll) refers to hal_rcc.o(.text.hal_rcc_setup_pll) for [Anonymous Symbol]
    hal_rcc.o(.ARM.exidx.text.hal_rcc_setup_clock) refers to hal_rcc.o(.text.hal_rcc_setup_clock) for [Anonymous Symbol]
    hal_timer.o(.ARM.exidx.text.hal_timer_reset) refers to hal_timer.o(.text.hal_timer_reset) for [Anonymous Symbol]
    hal_timer.o(.ARM.exidx.text.hal_timer_init_base) refers to hal_timer.o(.text.hal_timer_init_base) for [Anonymous Symbol]
    hal_timer.o(.ARM.exidx.text.hal_timer_init_clock) refers to hal_timer.o(.text.hal_timer_init_clock) for [Anonymous Symbol]
    hal_timer.o(.ARM.exidx.text.hal_timer_init_input) refers to hal_timer.o(.text.hal_timer_init_input) for [Anonymous Symbol]
    hal_timer.o(.ARM.exidx.text.hal_timer_channel_set) refers to hal_timer.o(.text.hal_timer_channel_set) for [Anonymous Symbol]
    hal_timer.o(.ARM.exidx.text.hal_timer_init_output) refers to hal_timer.o(.text.hal_timer_init_output) for [Anonymous Symbol]
    hal_timer.o(.ARM.exidx.text.hal_timer_compare_write) refers to hal_timer.o(.text.hal_timer_compare_write) for [Anonymous Symbol]
    hal_timer.o(.ARM.exidx.text.hal_timer_start) refers to hal_timer.o(.text.hal_timer_start) for [Anonymous Symbol]
    hal_timer.o(.ARM.exidx.text.hal_timer_stop) refers to hal_timer.o(.text.hal_timer_stop) for [Anonymous Symbol]
    hal_timer.o(.ARM.exidx.text.hal_timer_irq_set) refers to hal_timer.o(.text.hal_timer_irq_set) for [Anonymous Symbol]
    hal_timer.o(.ARM.exidx.text.hal_timer_irq_status) refers to hal_timer.o(.text.hal_timer_irq_status) for [Anonymous Symbol]
    hal_timer.o(.ARM.exidx.text.hal_timer_dma_set) refers to hal_timer.o(.text.hal_timer_dma_set) for [Anonymous Symbol]
    hal_timer.o(.ARM.exidx.text.hal_timer_irq_clear) refers to hal_timer.o(.text.hal_timer_irq_clear) for [Anonymous Symbol]
    hal_timer.o(.ARM.exidx.text.hal_timer_counter_read) refers to hal_timer.o(.text.hal_timer_counter_read) for [Anonymous Symbol]
    hal_timer.o(.ARM.exidx.text.hal_timer_reload_write) refers to hal_timer.o(.text.hal_timer_reload_write) for [Anonymous Symbol]
    hal_timer.o(.ARM.exidx.text.hal_timer_prescaler_write) refers to hal_timer.o(.text.hal_timer_prescaler_write) for [Anonymous Symbol]
    hal_timer.o(.ARM.exidx.text.hal_timer_compare_read) refers to hal_timer.o(.text.hal_timer_compare_read) for [Anonymous Symbol]
    __2snprintf.o(.text) refers to _printf_char_common.o(.text) for _printf_char_common
    __2snprintf.o(.text) refers to _snputc.o(.text) for _snputc
    noretval__2snprintf.o(.text) refers to _printf_char_common.o(.text) for _printf_char_common
    noretval__2snprintf.o(.text) refers to _snputc.o(.text) for _snputc
    __printf.o(.text) refers to _printf_percent.o(.ARM.Collect$$_printf_percent$$00000000) for _printf_percent
    _printf_dec.o(.text) refers to rtudiv10.o(.text) for __rt_udiv10
    _printf_dec.o(.text) refers to _printf_intcommon.o(.text) for _printf_int_common
    __printf_flags.o(.text) refers to _printf_percent.o(.ARM.Collect$$_printf_percent$$00000000) for _printf_percent
    __printf_flags.o(.text) refers to __printf_flags.o(.constdata) for .constdata
    __printf_ss.o(.text) refers to _printf_percent.o(.ARM.Collect$$_printf_percent$$00000000) for _printf_percent
    __printf_flags_ss.o(.text) refers to _printf_percent.o(.ARM.Collect$$_printf_percent$$00000000) for _printf_percent
    __printf_flags_ss.o(.text) refers to __printf_flags_ss.o(.constdata) for .constdata
    __printf_wp.o(.text) refers to __printf_wp.o(i._is_digit) for _is_digit
    __printf_wp.o(.text) refers to _printf_percent.o(.ARM.Collect$$_printf_percent$$00000000) for _printf_percent
    __printf_flags_wp.o(.text) refers to __printf_wp.o(i._is_digit) for _is_digit
    __printf_flags_wp.o(.text) refers to _printf_percent.o(.ARM.Collect$$_printf_percent$$00000000) for _printf_percent
    __printf_flags_wp.o(.text) refers to __printf_flags_wp.o(.constdata) for .constdata
    __printf_ss_wp.o(.text) refers to __printf_wp.o(i._is_digit) for _is_digit
    __printf_ss_wp.o(.text) refers to _printf_percent.o(.ARM.Collect$$_printf_percent$$00000000) for _printf_percent
    __printf_flags_ss_wp.o(.text) refers to __printf_wp.o(i._is_digit) for _is_digit
    __printf_flags_ss_wp.o(.text) refers to _printf_percent.o(.ARM.Collect$$_printf_percent$$00000000) for _printf_percent
    __printf_flags_ss_wp.o(.text) refers to __printf_flags_ss_wp.o(.constdata) for .constdata
    _printf_u.o(.ARM.Collect$$_printf_percent$$0000000A) refers (Weak) to _printf_dec.o(.text) for _printf_int_dec
    _printf_percent.o(.ARM.Collect$$_printf_percent$$00000000) refers (Special) to _printf_percent_end.o(.ARM.Collect$$_printf_percent$$00000017) for _printf_percent_end
    aeabi_idiv0_sigfpe.o(.text) refers to rt_div0.o(.text) for __rt_div0
    _printf_char_common.o(.text) refers to __printf.o(.text) for __printf
    rt_div0.o(.text) refers to defsig_fpe_outer.o(.text) for __rt_SIGFPE
    defsig_fpe_outer.o(.text) refers to defsig_fpe_inner.o(.text) for __rt_SIGFPE_inner
    defsig_fpe_outer.o(.text) refers to defsig_exit.o(.text) for __sig_exit
    defsig_fpe_formal.o(.text) refers to rt_raise.o(.text) for __rt_raise
    rt_raise.o(.text) refers to __raise.o(.text) for __raise
    rt_raise.o(.text) refers to sys_exit.o(.text) for _sys_exit
    defsig_exit.o(.text) refers to sys_exit.o(.text) for _sys_exit
    defsig_fpe_inner.o(.text) refers to defsig_general.o(.text) for __default_signal_display
    sys_exit.o(.text) refers (Special) to use_no_semi.o(.text) for __I$use$semihosting
    sys_exit.o(.text) refers (Special) to indicate_semi.o(.text) for __semihosting_library_function
    sys_exit_hlt.o(.text) refers (Special) to use_no_semi.o(.text) for __I$use$semihosting
    sys_exit_hlt.o(.text) refers (Special) to indicate_semi.o(.text) for __semihosting_library_function
    __raise.o(.text) refers to defsig.o(CL$$defsig) for __default_signal_handler
    defsig_general.o(.text) refers to sys_wrch.o(.text) for _ttywrch
    sys_wrch.o(.text) refers (Special) to use_no_semi.o(.text) for __I$use$semihosting
    sys_wrch.o(.text) refers (Special) to indicate_semi.o(.text) for __semihosting_library_function
    sys_wrch_hlt.o(.text) refers (Special) to use_no_semi.o(.text) for __I$use$semihosting
    sys_wrch_hlt.o(.text) refers (Special) to indicate_semi.o(.text) for __semihosting_library_function
    defsig.o(CL$$defsig) refers to defsig_fpe_inner.o(.text) for __rt_SIGFPE_inner
    defsig_abrt_inner.o(.text) refers to defsig_general.o(.text) for __default_signal_display
    defsig_rtred_inner.o(.text) refers to defsig_general.o(.text) for __default_signal_display
    defsig_rtmem_inner.o(.text) refers to defsig_general.o(.text) for __default_signal_display
    defsig_stak_inner.o(.text) refers to defsig_general.o(.text) for __default_signal_display
    defsig_pvfn_inner.o(.text) refers to defsig_general.o(.text) for __default_signal_display
    defsig_cppl_inner.o(.text) refers to defsig_general.o(.text) for __default_signal_display
    defsig_segv_inner.o(.text) refers to defsig_general.o(.text) for __default_signal_display
    defsig_other.o(.text) refers to defsig_general.o(.text) for __default_signal_display


==============================================================================

Removing Unused input sections from the image.

    Removing action_handler.o(.text), (0 bytes).
    Removing action_handler.o(.ARM.exidx.text.action_handler_init), (8 bytes).
    Removing action_handler.o(.ARM.exidx.text.ah_motor), (8 bytes).
    Removing action_handler.o(.ARM.exidx.text.ah_show_exception), (8 bytes).
    Removing action_handler.o(.ARM.exidx.text.ah_door), (8 bytes).
    Removing action_handler.o(.ARM.exidx.text.ah_signal), (8 bytes).
    Removing action_handler.o(.ARM.exidx.text.ah_show_state), (8 bytes).
    Removing action_handler.o(.ARM.exidx.text.TIM3_IRQHandler), (8 bytes).
    Removing event_handler.o(.text), (0 bytes).
    Removing event_handler.o(.ARM.exidx.text.eh_init), (8 bytes).
    Removing event_handler.o(.ARM.exidx.text.eh_get_event), (8 bytes).
    Removing event_handler.o(.ARM.exidx.text.eh_7seg_display), (8 bytes).
    Removing event_handler.o(.ARM.exidx.text.eh_weight_control), (8 bytes).
    Removing main.o(.text), (0 bytes).
    Removing main.o(.ARM.exidx.text.main), (8 bytes).
    Removing main.o(.ARM.use_no_argv), (4 bytes).
    Removing state_machine.o(.text), (0 bytes).
    Removing state_machine.o(.ARM.exidx.text.fsm_init), (8 bytes).
    Removing state_machine.o(.ARM.exidx.text.fsm_handle_event), (8 bytes).
    Removing timer.o(.text), (0 bytes).
    Removing timer.o(.ARM.exidx.text.TIM4_IRQHandler), (8 bytes).
    Removing timer.o(.ARM.exidx.text.timer_init), (8 bytes).
    Removing timer.o(.ARM.exidx.text.timer_start), (8 bytes).
    Removing timer.o(.ARM.exidx.text.timer_stop), (8 bytes).
    Removing timer.o(.ARM.exidx.text.timer_read), (8 bytes).
    Removing startup_ctboard.o(HEAP), (2048 bytes).
    Removing system_ctboard.o(.text), (0 bytes).
    Removing system_ctboard.o(.ARM.exidx.text.__system), (8 bytes).
    Removing system_ctboard.o(.ARM.exidx.text.system_enter_run), (8 bytes).
    Removing system_ctboard.o(.text.system_enter_sleep), (2 bytes).
    Removing system_ctboard.o(.ARM.exidx.text.system_enter_sleep), (8 bytes).
    Removing system_ctboard.o(.text.system_enter_stop), (2 bytes).
    Removing system_ctboard.o(.ARM.exidx.text.system_enter_stop), (8 bytes).
    Removing system_ctboard.o(.text.system_enter_standby), (2 bytes).
    Removing system_ctboard.o(.ARM.exidx.text.system_enter_standby), (8 bytes).
    Removing hal_ct_lcd.o(.text), (0 bytes).
    Removing hal_ct_lcd.o(.ARM.exidx.text.hal_ct_lcd_write), (8 bytes).
    Removing hal_ct_lcd.o(.text.hal_ct_lcd_color), (36 bytes).
    Removing hal_ct_lcd.o(.ARM.exidx.text.hal_ct_lcd_color), (8 bytes).
    Removing hal_ct_lcd.o(.text.hal_ct_lcd_clear), (44 bytes).
    Removing hal_ct_lcd.o(.ARM.exidx.text.hal_ct_lcd_clear), (8 bytes).
    Removing hal_ct_lcd.o(.rodata.str1.1), (21 bytes).
    Removing hal_fmc.o(.text), (0 bytes).
    Removing hal_fmc.o(.text.hal_fmc_reset), (72 bytes).
    Removing hal_fmc.o(.ARM.exidx.text.hal_fmc_reset), (8 bytes).
    Removing hal_fmc.o(.ARM.exidx.text.hal_fmc_init_sram), (8 bytes).
    Removing hal_gpio.o(.text), (0 bytes).
    Removing hal_gpio.o(.text.hal_gpio_reset), (76 bytes).
    Removing hal_gpio.o(.ARM.exidx.text.hal_gpio_reset), (8 bytes).
    Removing hal_gpio.o(.text.hal_gpio_init_input), (164 bytes).
    Removing hal_gpio.o(.ARM.exidx.text.hal_gpio_init_input), (8 bytes).
    Removing hal_gpio.o(.text.hal_gpio_init_analog), (248 bytes).
    Removing hal_gpio.o(.ARM.exidx.text.hal_gpio_init_analog), (8 bytes).
    Removing hal_gpio.o(.ARM.exidx.text.hal_gpio_init_output), (8 bytes).
    Removing hal_gpio.o(.ARM.exidx.text.hal_gpio_init_alternate), (8 bytes).
    Removing hal_gpio.o(.text.hal_gpio_input_read), (6 bytes).
    Removing hal_gpio.o(.ARM.exidx.text.hal_gpio_input_read), (8 bytes).
    Removing hal_gpio.o(.text.hal_gpio_output_read), (6 bytes).
    Removing hal_gpio.o(.ARM.exidx.text.hal_gpio_output_read), (8 bytes).
    Removing hal_gpio.o(.text.hal_gpio_output_write), (28 bytes).
    Removing hal_gpio.o(.ARM.exidx.text.hal_gpio_output_write), (8 bytes).
    Removing hal_gpio.o(.text.hal_gpio_bit_set), (32 bytes).
    Removing hal_gpio.o(.ARM.exidx.text.hal_gpio_bit_set), (8 bytes).
    Removing hal_gpio.o(.text.hal_gpio_bit_reset), (36 bytes).
    Removing hal_gpio.o(.ARM.exidx.text.hal_gpio_bit_reset), (8 bytes).
    Removing hal_gpio.o(.text.hal_gpio_bit_toggle), (36 bytes).
    Removing hal_gpio.o(.ARM.exidx.text.hal_gpio_bit_toggle), (8 bytes).
    Removing hal_gpio.o(.text.hal_gpio_irq_set), (316 bytes).
    Removing hal_gpio.o(.ARM.exidx.text.hal_gpio_irq_set), (8 bytes).
    Removing hal_gpio.o(.text.hal_gpio_irq_status), (28 bytes).
    Removing hal_gpio.o(.ARM.exidx.text.hal_gpio_irq_status), (8 bytes).
    Removing hal_gpio.o(.text.hal_gpio_irq_clear), (16 bytes).
    Removing hal_gpio.o(.ARM.exidx.text.hal_gpio_irq_clear), (8 bytes).
    Removing hal_pwr.o(.text), (0 bytes).
    Removing hal_pwr.o(.text.hal_pwr_reset), (20 bytes).
    Removing hal_pwr.o(.ARM.exidx.text.hal_pwr_reset), (8 bytes).
    Removing hal_pwr.o(.text.hal_pwr_set_backup_domain), (60 bytes).
    Removing hal_pwr.o(.ARM.exidx.text.hal_pwr_set_backup_domain), (8 bytes).
    Removing hal_pwr.o(.text.hal_pwr_set_backup_access), (28 bytes).
    Removing hal_pwr.o(.ARM.exidx.text.hal_pwr_set_backup_access), (8 bytes).
    Removing hal_pwr.o(.text.hal_pwr_set_wakeup_pin), (28 bytes).
    Removing hal_pwr.o(.ARM.exidx.text.hal_pwr_set_wakeup_pin), (8 bytes).
    Removing hal_pwr.o(.text.hal_pwr_set_flash_powerdown), (28 bytes).
    Removing hal_pwr.o(.ARM.exidx.text.hal_pwr_set_flash_powerdown), (8 bytes).
    Removing hal_pwr.o(.ARM.exidx.text.hal_pwr_set_overdrive), (8 bytes).
    Removing hal_pwr.o(.text.hal_pwr_set_underdrive), (4 bytes).
    Removing hal_pwr.o(.ARM.exidx.text.hal_pwr_set_underdrive), (8 bytes).
    Removing hal_rcc.o(.text), (0 bytes).
    Removing hal_rcc.o(.ARM.exidx.text.hal_rcc_reset), (8 bytes).
    Removing hal_rcc.o(.text.hal_rcc_set_peripheral), (232 bytes).
    Removing hal_rcc.o(.ARM.exidx.text.hal_rcc_set_peripheral), (8 bytes).
    Removing hal_rcc.o(.ARM.exidx.text.hal_rcc_set_osc), (8 bytes).
    Removing hal_rcc.o(.ARM.exidx.text.hal_rcc_setup_pll), (8 bytes).
    Removing hal_rcc.o(.ARM.exidx.text.hal_rcc_setup_clock), (8 bytes).
    Removing hal_timer.o(.text), (0 bytes).
    Removing hal_timer.o(.text.hal_timer_reset), (864 bytes).
    Removing hal_timer.o(.ARM.exidx.text.hal_timer_reset), (8 bytes).
    Removing hal_timer.o(.ARM.exidx.text.hal_timer_init_base), (8 bytes).
    Removing hal_timer.o(.text.hal_timer_init_clock), (82 bytes).
    Removing hal_timer.o(.ARM.exidx.text.hal_timer_init_clock), (8 bytes).
    Removing hal_timer.o(.text.hal_timer_init_input), (168 bytes).
    Removing hal_timer.o(.ARM.exidx.text.hal_timer_init_input), (8 bytes).
    Removing hal_timer.o(.text.hal_timer_channel_set), (38 bytes).
    Removing hal_timer.o(.ARM.exidx.text.hal_timer_channel_set), (8 bytes).
    Removing hal_timer.o(.text.hal_timer_init_output), (272 bytes).
    Removing hal_timer.o(.ARM.exidx.text.hal_timer_init_output), (8 bytes).
    Removing hal_timer.o(.text.hal_timer_compare_write), (88 bytes).
    Removing hal_timer.o(.ARM.exidx.text.hal_timer_compare_write), (8 bytes).
    Removing hal_timer.o(.ARM.exidx.text.hal_timer_start), (8 bytes).
    Removing hal_timer.o(.text.hal_timer_stop), (10 bytes).
    Removing hal_timer.o(.ARM.exidx.text.hal_timer_stop), (8 bytes).
    Removing hal_timer.o(.ARM.exidx.text.hal_timer_irq_set), (8 bytes).
    Removing hal_timer.o(.ARM.exidx.text.hal_timer_irq_status), (8 bytes).
    Removing hal_timer.o(.text.hal_timer_dma_set), (20 bytes).
    Removing hal_timer.o(.ARM.exidx.text.hal_timer_dma_set), (8 bytes).
    Removing hal_timer.o(.ARM.exidx.text.hal_timer_irq_clear), (8 bytes).
    Removing hal_timer.o(.text.hal_timer_counter_read), (28 bytes).
    Removing hal_timer.o(.ARM.exidx.text.hal_timer_counter_read), (8 bytes).
    Removing hal_timer.o(.text.hal_timer_reload_write), (28 bytes).
    Removing hal_timer.o(.ARM.exidx.text.hal_timer_reload_write), (8 bytes).
    Removing hal_timer.o(.text.hal_timer_prescaler_write), (36 bytes).
    Removing hal_timer.o(.ARM.exidx.text.hal_timer_prescaler_write), (8 bytes).
    Removing hal_timer.o(.text.hal_timer_compare_read), (96 bytes).
    Removing hal_timer.o(.ARM.exidx.text.hal_timer_compare_read), (8 bytes).

124 unused section(s) (total 5929 bytes) removed from the image.

==============================================================================

Image Symbol Table

    Local Symbols

    Symbol Name                              Value     Ov Type        Size  Object(Section)

    ../clib/angel/rt.s                       0x00000000   Number         0  aeabi_idiv0.o ABSOLUTE
    ../clib/angel/rt.s                       0x00000000   Number         0  aeabi_idiv0_sigfpe.o ABSOLUTE
    ../clib/angel/rt.s                       0x00000000   Number         0  rt_div0.o ABSOLUTE
    ../clib/angel/rt.s                       0x00000000   Number         0  rt_raise.o ABSOLUTE
    ../clib/angel/sys.s                      0x00000000   Number         0  use_no_semi.o ABSOLUTE
    ../clib/angel/sys.s                      0x00000000   Number         0  indicate_semi.o ABSOLUTE
    ../clib/angel/sysapp.c                   0x00000000   Number         0  sys_exit.o ABSOLUTE
    ../clib/angel/sysapp.c                   0x00000000   Number         0  sys_exit_hlt.o ABSOLUTE
    ../clib/angel/sysapp.c                   0x00000000   Number         0  sys_wrch.o ABSOLUTE
    ../clib/angel/sysapp.c                   0x00000000   Number         0  sys_wrch_hlt.o ABSOLUTE
    ../clib/division.c                       0x00000000   Number         0  rtudiv10.o ABSOLUTE
    ../clib/division.s                       0x00000000   Number         0  aeabi_sdivfast.o ABSOLUTE
    ../clib/division.s                       0x00000000   Number         0  aeabi_sdivfast_div0.o ABSOLUTE
    ../clib/misc.s                           0x00000000   Number         0  printf_stubs.o ABSOLUTE
    ../clib/printf.c                         0x00000000   Number         0  __2snprintf.o ABSOLUTE
    ../clib/printf.c                         0x00000000   Number         0  noretval__2snprintf.o ABSOLUTE
    ../clib/printf.c                         0x00000000   Number         0  __printf.o ABSOLUTE
    ../clib/printf.c                         0x00000000   Number         0  _printf_dec.o ABSOLUTE
    ../clib/printf.c                         0x00000000   Number         0  __printf_flags.o ABSOLUTE
    ../clib/printf.c                         0x00000000   Number         0  __printf_ss.o ABSOLUTE
    ../clib/printf.c                         0x00000000   Number         0  __printf_flags_ss.o ABSOLUTE
    ../clib/printf.c                         0x00000000   Number         0  __printf_wp.o ABSOLUTE
    ../clib/printf.c                         0x00000000   Number         0  __printf_flags_wp.o ABSOLUTE
    ../clib/printf.c                         0x00000000   Number         0  __printf_ss_wp.o ABSOLUTE
    ../clib/printf.c                         0x00000000   Number         0  __printf_flags_ss_wp.o ABSOLUTE
    ../clib/printf.c                         0x00000000   Number         0  _printf_intcommon.o ABSOLUTE
    ../clib/printf.c                         0x00000000   Number         0  _printf_char_common.o ABSOLUTE
    ../clib/printf.c                         0x00000000   Number         0  _snputc.o ABSOLUTE
    ../clib/printf.c                         0x00000000   Number         0  __printf_nopercent.o ABSOLUTE
    ../clib/printf_percent.s                 0x00000000   Number         0  _printf_u.o ABSOLUTE
    ../clib/printf_percent.s                 0x00000000   Number         0  _printf_percent.o ABSOLUTE
    ../clib/printf_percent.s                 0x00000000   Number         0  _printf_percent_end.o ABSOLUTE
    ../clib/signal.c                         0x00000000   Number         0  defsig_fpe_outer.o ABSOLUTE
    ../clib/signal.c                         0x00000000   Number         0  defsig_fpe_formal.o ABSOLUTE
    ../clib/signal.c                         0x00000000   Number         0  defsig_exit.o ABSOLUTE
    ../clib/signal.c                         0x00000000   Number         0  defsig_fpe_inner.o ABSOLUTE
    ../clib/signal.c                         0x00000000   Number         0  __raise.o ABSOLUTE
    ../clib/signal.c                         0x00000000   Number         0  defsig_general.o ABSOLUTE
    ../clib/signal.c                         0x00000000   Number         0  defsig_abrt_inner.o ABSOLUTE
    ../clib/signal.c                         0x00000000   Number         0  defsig_rtred_inner.o ABSOLUTE
    ../clib/signal.c                         0x00000000   Number         0  defsig_rtmem_inner.o ABSOLUTE
    ../clib/signal.c                         0x00000000   Number         0  defsig_stak_inner.o ABSOLUTE
    ../clib/signal.c                         0x00000000   Number         0  defsig_pvfn_inner.o ABSOLUTE
    ../clib/signal.c                         0x00000000   Number         0  defsig_cppl_inner.o ABSOLUTE
    ../clib/signal.c                         0x00000000   Number         0  defsig_segv_inner.o ABSOLUTE
    ../clib/signal.c                         0x00000000   Number         0  defsig_other.o ABSOLUTE
    ../clib/signal.s                         0x00000000   Number         0  defsig.o ABSOLUTE
    RTE/Device/CT_Board_HS14_M0/datainit_ctboard.s 0x00000000   Number         0  datainit_ctboard.o ABSOLUTE
    RTE/Device/CT_Board_HS14_M0/startup_ctboard.s 0x00000000   Number         0  startup_ctboard.o ABSOLUTE
    action_handler.c                         0x00000000   Number         0  action_handler.o ABSOLUTE
    dc.s                                     0x00000000   Number         0  dc.o ABSOLUTE
    event_handler.c                          0x00000000   Number         0  event_handler.o ABSOLUTE
    hal_ct_lcd.c                             0x00000000   Number         0  hal_ct_lcd.o ABSOLUTE
    hal_fmc.c                                0x00000000   Number         0  hal_fmc.o ABSOLUTE
    hal_gpio.c                               0x00000000   Number         0  hal_gpio.o ABSOLUTE
    hal_pwr.c                                0x00000000   Number         0  hal_pwr.o ABSOLUTE
    hal_rcc.c                                0x00000000   Number         0  hal_rcc.o ABSOLUTE
    hal_timer.c                              0x00000000   Number         0  hal_timer.o ABSOLUTE
    main.c                                   0x00000000   Number         0  main.o ABSOLUTE
    state_machine.c                          0x00000000   Number         0  state_machine.o ABSOLUTE
    system_ctboard.c                         0x00000000   Number         0  system_ctboard.o ABSOLUTE
    timer.c                                  0x00000000   Number         0  timer.o ABSOLUTE
    RESET                                    0x08000000   Section      428  startup_ctboard.o(RESET)
    .ARM.Collect$$_printf_percent$$00000000  0x080001ac   Section        2  _printf_percent.o(.ARM.Collect$$_printf_percent$$00000000)
    .ARM.Collect$$_printf_percent$$0000000A  0x080001ae   Section       10  _printf_u.o(.ARM.Collect$$_printf_percent$$0000000A)
    .ARM.Collect$$_printf_percent$$00000017  0x080001b8   Section        4  _printf_percent_end.o(.ARM.Collect$$_printf_percent$$00000017)
    .text                                    0x080001bc   Section      124  datainit_ctboard.o(.text)
    .text                                    0x08000238   Section       36  startup_ctboard.o(.text)
    .text                                    0x0800025c   Section        0  __2snprintf.o(.text)
    .text                                    0x0800029c   Section        0  __printf.o(.text)
    .text                                    0x08000308   Section        0  _printf_dec.o(.text)
    .text                                    0x08000374   Section      504  aeabi_sdivfast.o(.text)
    .text                                    0x0800056c   Section        0  _printf_intcommon.o(.text)
    _printf_input_char                       0x0800061d   Thumb Code    10  _printf_char_common.o(.text)
    .text                                    0x0800061c   Section        0  _printf_char_common.o(.text)
    .text                                    0x0800064c   Section        0  _snputc.o(.text)
    .text                                    0x0800065c   Section        0  rtudiv10.o(.text)
    [Anonymous Symbol]                       0x08000684   Section        0  action_handler.o(.text.TIM3_IRQHandler)
    __arm_cp.6_0                             0x080007c8   Number         4  action_handler.o(.text.TIM3_IRQHandler)
    __arm_cp.6_1                             0x080007cc   Number         4  action_handler.o(.text.TIM3_IRQHandler)
    __arm_cp.6_2                             0x080007d0   Number         4  action_handler.o(.text.TIM3_IRQHandler)
    __arm_cp.6_3                             0x080007d4   Number         4  action_handler.o(.text.TIM3_IRQHandler)
    __arm_cp.6_4                             0x080007d8   Number         4  action_handler.o(.text.TIM3_IRQHandler)
    __arm_cp.6_5                             0x080007dc   Number         4  action_handler.o(.text.TIM3_IRQHandler)
    __arm_cp.6_6                             0x080007e0   Number         4  action_handler.o(.text.TIM3_IRQHandler)
    __arm_cp.6_7                             0x080007e4   Number         4  action_handler.o(.text.TIM3_IRQHandler)
    __arm_cp.6_8                             0x080007e8   Number         4  action_handler.o(.text.TIM3_IRQHandler)
    __arm_cp.6_10                            0x08000800   Number         4  action_handler.o(.text.TIM3_IRQHandler)
    __arm_cp.6_13                            0x08000818   Number         4  action_handler.o(.text.TIM3_IRQHandler)
    __arm_cp.6_14                            0x0800081c   Number         4  action_handler.o(.text.TIM3_IRQHandler)
    __arm_cp.6_16                            0x08000820   Number         4  action_handler.o(.text.TIM3_IRQHandler)
    __arm_cp.6_17                            0x08000824   Number         4  action_handler.o(.text.TIM3_IRQHandler)
    __arm_cp.6_19                            0x08000828   Number         4  action_handler.o(.text.TIM3_IRQHandler)
    [Anonymous Symbol]                       0x0800082c   Section        0  timer.o(.text.TIM4_IRQHandler)
    __arm_cp.0_0                             0x08000854   Number         4  timer.o(.text.TIM4_IRQHandler)
    __arm_cp.0_1                             0x08000858   Number         4  timer.o(.text.TIM4_IRQHandler)
    [Anonymous Symbol]                       0x0800085c   Section        0  system_ctboard.o(.text.__system)
    [Anonymous Symbol]                       0x08000864   Section        0  action_handler.o(.text.action_handler_init)
    __arm_cp.0_0                             0x08000890   Number         4  action_handler.o(.text.action_handler_init)
    __arm_cp.0_1                             0x08000894   Number         4  action_handler.o(.text.action_handler_init)
    [Anonymous Symbol]                       0x08000898   Section        0  action_handler.o(.text.ah_door)
    __arm_cp.3_0                             0x0800097c   Number         4  action_handler.o(.text.ah_door)
    __arm_cp.3_1                             0x08000980   Number         4  action_handler.o(.text.ah_door)
    __arm_cp.3_2                             0x08000984   Number         4  action_handler.o(.text.ah_door)
    __arm_cp.3_4                             0x080009a0   Number         4  action_handler.o(.text.ah_door)
    [Anonymous Symbol]                       0x080009e4   Section        0  action_handler.o(.text.ah_motor)
    __arm_cp.1_0                             0x08000a44   Number         4  action_handler.o(.text.ah_motor)
    __arm_cp.1_1                             0x08000a48   Number         4  action_handler.o(.text.ah_motor)
    __arm_cp.1_2                             0x08000a4c   Number         4  action_handler.o(.text.ah_motor)
    __arm_cp.1_4                             0x08000a64   Number         4  action_handler.o(.text.ah_motor)
    [Anonymous Symbol]                       0x08000a7c   Section        0  action_handler.o(.text.ah_show_exception)
    __arm_cp.2_0                             0x08000ab8   Number         4  action_handler.o(.text.ah_show_exception)
    __arm_cp.2_1                             0x08000abc   Number         4  action_handler.o(.text.ah_show_exception)
    __arm_cp.2_2                             0x08000ac0   Number         4  action_handler.o(.text.ah_show_exception)
    __arm_cp.2_3                             0x08000ac4   Number         4  action_handler.o(.text.ah_show_exception)
    [Anonymous Symbol]                       0x08000ac8   Section        0  action_handler.o(.text.ah_show_state)
    __arm_cp.5_0                             0x08000ae0   Number         4  action_handler.o(.text.ah_show_state)
    [Anonymous Symbol]                       0x08000ae4   Section        0  action_handler.o(.text.ah_signal)
    __arm_cp.4_0                             0x08000aec   Number         4  action_handler.o(.text.ah_signal)
    eh_7seg_display                          0x08000af1   Thumb Code    84  event_handler.o(.text.eh_7seg_display)
    [Anonymous Symbol]                       0x08000af0   Section        0  event_handler.o(.text.eh_7seg_display)
    [Anonymous Symbol]                       0x08000b54   Section        0  event_handler.o(.text.eh_get_event)
    __arm_cp.1_0                             0x08000c30   Number         4  event_handler.o(.text.eh_get_event)
    __arm_cp.1_1                             0x08000c34   Number         4  event_handler.o(.text.eh_get_event)
    __arm_cp.1_2                             0x08000c38   Number         4  event_handler.o(.text.eh_get_event)
    __arm_cp.1_3                             0x08000c3c   Number         4  event_handler.o(.text.eh_get_event)
    __arm_cp.1_5                             0x08000c40   Number         4  event_handler.o(.text.eh_get_event)
    __arm_cp.1_8                             0x08000c44   Number         4  event_handler.o(.text.eh_get_event)
    __arm_cp.1_9                             0x08000c48   Number         4  event_handler.o(.text.eh_get_event)
    [Anonymous Symbol]                       0x08000c4c   Section        0  event_handler.o(.text.eh_init)
    __arm_cp.0_0                             0x08000c98   Number         4  event_handler.o(.text.eh_init)
    __arm_cp.0_1                             0x08000c9c   Number         4  event_handler.o(.text.eh_init)
    __arm_cp.0_2                             0x08000ca0   Number         4  event_handler.o(.text.eh_init)
    __arm_cp.0_3                             0x08000ca4   Number         4  event_handler.o(.text.eh_init)
    [Anonymous Symbol]                       0x08000ca8   Section        0  event_handler.o(.text.eh_weight_control)
    __arm_cp.3_0                             0x08000cc8   Number         4  event_handler.o(.text.eh_weight_control)
    __arm_cp.3_1                             0x08000ccc   Number         4  event_handler.o(.text.eh_weight_control)
    __arm_cp.3_2                             0x08000cd0   Number         4  event_handler.o(.text.eh_weight_control)
    __arm_cp.3_3                             0x08000cd4   Number         4  event_handler.o(.text.eh_weight_control)
    __arm_cp.3_4                             0x08000cd8   Number         4  event_handler.o(.text.eh_weight_control)
    [Anonymous Symbol]                       0x08000cdc   Section        0  state_machine.o(.text.fsm_handle_event)
    __arm_cp.1_0                             0x08000e3c   Number         4  state_machine.o(.text.fsm_handle_event)
    __arm_cp.1_3                             0x08000e68   Number         4  state_machine.o(.text.fsm_handle_event)
    __arm_cp.1_6                             0x08000e84   Number         4  state_machine.o(.text.fsm_handle_event)
    __arm_cp.1_10                            0x08000ebc   Number         4  state_machine.o(.text.fsm_handle_event)
    [Anonymous Symbol]                       0x08000ec0   Section        0  state_machine.o(.text.fsm_init)
    __arm_cp.0_0                             0x08000edc   Number         4  state_machine.o(.text.fsm_init)
    __arm_cp.0_1                             0x08000ee0   Number         4  state_machine.o(.text.fsm_init)
    __arm_cp.0_2                             0x08000ee4   Number         4  state_machine.o(.text.fsm_init)
    [Anonymous Symbol]                       0x08000ee8   Section        0  hal_ct_lcd.o(.text.hal_ct_lcd_write)
    __arm_cp.0_0                             0x08000f0c   Number         4  hal_ct_lcd.o(.text.hal_ct_lcd_write)
    [Anonymous Symbol]                       0x08000f10   Section        0  hal_fmc.o(.text.hal_fmc_init_sram)
    __arm_cp.1_0                             0x0800104c   Number         4  hal_fmc.o(.text.hal_fmc_init_sram)
    __arm_cp.1_1                             0x08001050   Number         4  hal_fmc.o(.text.hal_fmc_init_sram)
    [Anonymous Symbol]                       0x08001054   Section        0  hal_gpio.o(.text.hal_gpio_init_alternate)
    [Anonymous Symbol]                       0x0800114c   Section        0  hal_gpio.o(.text.hal_gpio_init_output)
    __arm_cp.3_0                             0x08001268   Number         4  hal_gpio.o(.text.hal_gpio_init_output)
    __arm_cp.3_1                             0x0800126c   Number         4  hal_gpio.o(.text.hal_gpio_init_output)
    [Anonymous Symbol]                       0x08001270   Section        0  hal_pwr.o(.text.hal_pwr_set_overdrive)
    [Anonymous Symbol]                       0x08001274   Section        0  hal_rcc.o(.text.hal_rcc_reset)
    __arm_cp.0_1                             0x080012dc   Number         4  hal_rcc.o(.text.hal_rcc_reset)
    __arm_cp.0_2                             0x080012e0   Number         4  hal_rcc.o(.text.hal_rcc_reset)
    __arm_cp.0_3                             0x080012e4   Number         4  hal_rcc.o(.text.hal_rcc_reset)
    __arm_cp.0_4                             0x080012e8   Number         4  hal_rcc.o(.text.hal_rcc_reset)
    __arm_cp.0_5                             0x080012ec   Number         4  hal_rcc.o(.text.hal_rcc_reset)
    __arm_cp.0_6                             0x080012f0   Number         4  hal_rcc.o(.text.hal_rcc_reset)
    __arm_cp.0_7                             0x080012f4   Number         4  hal_rcc.o(.text.hal_rcc_reset)
    [Anonymous Symbol]                       0x080012f8   Section        0  hal_rcc.o(.text.hal_rcc_set_osc)
    __arm_cp.2_0                             0x08001364   Number         4  hal_rcc.o(.text.hal_rcc_set_osc)
    __arm_cp.2_1                             0x08001368   Number         4  hal_rcc.o(.text.hal_rcc_set_osc)
    [Anonymous Symbol]                       0x0800136c   Section        0  hal_rcc.o(.text.hal_rcc_setup_clock)
    __arm_cp.4_0                             0x080013c8   Number         4  hal_rcc.o(.text.hal_rcc_setup_clock)
    __arm_cp.4_1                             0x080013cc   Number         4  hal_rcc.o(.text.hal_rcc_setup_clock)
    [Anonymous Symbol]                       0x080013d0   Section        0  hal_rcc.o(.text.hal_rcc_setup_pll)
    __arm_cp.3_0                             0x08001490   Number         4  hal_rcc.o(.text.hal_rcc_setup_pll)
    __arm_cp.3_1                             0x08001494   Number         4  hal_rcc.o(.text.hal_rcc_setup_pll)
    __arm_cp.3_2                             0x08001498   Number         4  hal_rcc.o(.text.hal_rcc_setup_pll)
    __arm_cp.3_3                             0x0800149c   Number         4  hal_rcc.o(.text.hal_rcc_setup_pll)
    __arm_cp.3_4                             0x080014a0   Number         4  hal_rcc.o(.text.hal_rcc_setup_pll)
    __arm_cp.3_5                             0x080014a4   Number         4  hal_rcc.o(.text.hal_rcc_setup_pll)
    [Anonymous Symbol]                       0x080014a8   Section        0  hal_timer.o(.text.hal_timer_init_base)
    [Anonymous Symbol]                       0x080014f8   Section        0  hal_timer.o(.text.hal_timer_irq_clear)
    [Anonymous Symbol]                       0x08001500   Section        0  hal_timer.o(.text.hal_timer_irq_set)
    __arm_cp.9_0                             0x0800162c   Number         4  hal_timer.o(.text.hal_timer_irq_set)
    __arm_cp.9_1                             0x08001630   Number         4  hal_timer.o(.text.hal_timer_irq_set)
    __arm_cp.9_2                             0x08001634   Number         4  hal_timer.o(.text.hal_timer_irq_set)
    __arm_cp.9_3                             0x08001638   Number         4  hal_timer.o(.text.hal_timer_irq_set)
    __arm_cp.9_4                             0x0800163c   Number         4  hal_timer.o(.text.hal_timer_irq_set)
    __arm_cp.9_5                             0x08001640   Number         4  hal_timer.o(.text.hal_timer_irq_set)
    __arm_cp.9_6                             0x08001644   Number         4  hal_timer.o(.text.hal_timer_irq_set)
    __arm_cp.9_7                             0x08001648   Number         4  hal_timer.o(.text.hal_timer_irq_set)
    __arm_cp.9_8                             0x0800164c   Number         4  hal_timer.o(.text.hal_timer_irq_set)
    __arm_cp.9_9                             0x08001650   Number         4  hal_timer.o(.text.hal_timer_irq_set)
    __arm_cp.9_10                            0x08001654   Number         4  hal_timer.o(.text.hal_timer_irq_set)
    __arm_cp.9_11                            0x08001658   Number         4  hal_timer.o(.text.hal_timer_irq_set)
    __arm_cp.9_12                            0x0800165c   Number         4  hal_timer.o(.text.hal_timer_irq_set)
    __arm_cp.9_13                            0x08001660   Number         4  hal_timer.o(.text.hal_timer_irq_set)
    __arm_cp.9_14                            0x08001664   Number         4  hal_timer.o(.text.hal_timer_irq_set)
    __arm_cp.9_15                            0x08001668   Number         4  hal_timer.o(.text.hal_timer_irq_set)
    __arm_cp.9_16                            0x0800166c   Number         4  hal_timer.o(.text.hal_timer_irq_set)
    __arm_cp.9_18                            0x08001670   Number         4  hal_timer.o(.text.hal_timer_irq_set)
    __arm_cp.9_19                            0x08001674   Number         4  hal_timer.o(.text.hal_timer_irq_set)
    __arm_cp.9_20                            0x08001678   Number         4  hal_timer.o(.text.hal_timer_irq_set)
    [Anonymous Symbol]                       0x0800167c   Section        0  hal_timer.o(.text.hal_timer_irq_status)
    [Anonymous Symbol]                       0x08001692   Section        0  hal_timer.o(.text.hal_timer_start)
    [Anonymous Symbol]                       0x0800169c   Section        0  main.o(.text.main)
    [Anonymous Symbol]                       0x080016b4   Section        0  system_ctboard.o(.text.system_enter_run)
    __arm_cp.1_0                             0x0800179c   Number         4  system_ctboard.o(.text.system_enter_run)
    __arm_cp.1_1                             0x080017a0   Number         4  system_ctboard.o(.text.system_enter_run)
    __arm_cp.1_2                             0x080017a4   Number         4  system_ctboard.o(.text.system_enter_run)
    __arm_cp.1_3                             0x080017a8   Number         4  system_ctboard.o(.text.system_enter_run)
    __arm_cp.1_4                             0x080017ac   Number         4  system_ctboard.o(.text.system_enter_run)
    __arm_cp.1_5                             0x080017b0   Number         4  system_ctboard.o(.text.system_enter_run)
    __arm_cp.1_6                             0x080017b4   Number         4  system_ctboard.o(.text.system_enter_run)
    __arm_cp.1_7                             0x080017b8   Number         4  system_ctboard.o(.text.system_enter_run)
    __arm_cp.1_8                             0x080017bc   Number         4  system_ctboard.o(.text.system_enter_run)
    __arm_cp.1_9                             0x080017c0   Number         4  system_ctboard.o(.text.system_enter_run)
    __arm_cp.1_10                            0x080017c4   Number         4  system_ctboard.o(.text.system_enter_run)
    __arm_cp.1_11                            0x080017c8   Number         4  system_ctboard.o(.text.system_enter_run)
    __arm_cp.1_12                            0x080017cc   Number         4  system_ctboard.o(.text.system_enter_run)
    __arm_cp.1_13                            0x080017d0   Number         4  system_ctboard.o(.text.system_enter_run)
    __arm_cp.1_14                            0x080017d4   Number         4  system_ctboard.o(.text.system_enter_run)
    __arm_cp.1_15                            0x080017d8   Number         4  system_ctboard.o(.text.system_enter_run)
    __arm_cp.1_16                            0x080017dc   Number         4  system_ctboard.o(.text.system_enter_run)
    __arm_cp.1_17                            0x080017e0   Number         4  system_ctboard.o(.text.system_enter_run)
    __arm_cp.1_18                            0x080017e4   Number         4  system_ctboard.o(.text.system_enter_run)
    [Anonymous Symbol]                       0x080017e8   Section        0  timer.o(.text.timer_init)
    __arm_cp.1_0                             0x08001814   Number         4  timer.o(.text.timer_init)
    __arm_cp.1_1                             0x08001818   Number         4  timer.o(.text.timer_init)
    __arm_cp.1_2                             0x0800181c   Number         4  timer.o(.text.timer_init)
    [Anonymous Symbol]                       0x08001820   Section        0  timer.o(.text.timer_read)
    [Anonymous Symbol]                       0x08001828   Section        0  timer.o(.text.timer_start)
    [Anonymous Symbol]                       0x08001830   Section        0  timer.o(.text.timer_stop)
    __arm_cp.3_0                             0x08001838   Number         4  timer.o(.text.timer_stop)
    [Anonymous Symbol]                       0x0800183c   Section        0  action_handler.o(.rodata..Lswitch.table.ah_show_exception.9)
    [Anonymous Symbol]                       0x08001842   Section        0  action_handler.o(.rodata.str1.1)
    [Anonymous Symbol]                       0x08001857   Section        0  state_machine.o(.rodata.str1.1)
    [Anonymous Symbol]                       0x08001878   Section        0  action_handler.o(.rodata.str2.2)
    current_weight_limit                     0x20000000   Data           2  event_handler.o(.data.current_weight_limit)
    [Anonymous Symbol]                       0x20000000   Section        0  event_handler.o(.data.current_weight_limit)
    door_state                               0x20000002   Data           1  action_handler.o(.data.door_state)
    [Anonymous Symbol]                       0x20000002   Section        0  action_handler.o(.data.door_state)
    eh_get_event.button_value_old            0x20000003   Data           1  event_handler.o(.data.eh_get_event.button_value_old)
    [Anonymous Symbol]                       0x20000003   Section        0  event_handler.o(.data.eh_get_event.button_value_old)
    eh_get_event.dip_value_old               0x20000004   Data           4  event_handler.o(.data.eh_get_event.dip_value_old)
    [Anonymous Symbol]                       0x20000004   Section        0  event_handler.o(.data.eh_get_event.dip_value_old)
    state                                    0x20000008   Data           1  state_machine.o(.data.state)
    [Anonymous Symbol]                       0x20000008   Section        0  state_machine.o(.data.state)
    wctl_state                               0x20000009   Data           1  event_handler.o(.data.wctl_state)
    [Anonymous Symbol]                       0x20000009   Section        0  event_handler.o(.data.wctl_state)
    weight_value_old                         0x2000000a   Data           2  event_handler.o(.data.weight_value_old)
    [Anonymous Symbol]                       0x2000000a   Section        0  event_handler.o(.data.weight_value_old)
    TIM3_IRQHandler.door_pattern             0x20000010   Data           4  action_handler.o(.bss.TIM3_IRQHandler.door_pattern)
    [Anonymous Symbol]                       0x20000010   Section        0  action_handler.o(.bss.TIM3_IRQHandler.door_pattern)
    TIM3_IRQHandler.door_position            0x20000014   Data           2  action_handler.o(.bss.TIM3_IRQHandler.door_position)
    [Anonymous Symbol]                       0x20000014   Section        0  action_handler.o(.bss.TIM3_IRQHandler.door_position)
    TIM3_IRQHandler.elevator_pattern         0x20000018   Data           4  action_handler.o(.bss.TIM3_IRQHandler.elevator_pattern)
    [Anonymous Symbol]                       0x20000018   Section        0  action_handler.o(.bss.TIM3_IRQHandler.elevator_pattern)
    TIM3_IRQHandler.elevator_position        0x2000001c   Data           2  action_handler.o(.bss.TIM3_IRQHandler.elevator_position)
    [Anonymous Symbol]                       0x2000001c   Section        0  action_handler.o(.bss.TIM3_IRQHandler.elevator_position)
    TIM3_IRQHandler.timer_count              0x20000020   Data           4  action_handler.o(.bss.TIM3_IRQHandler.timer_count)
    [Anonymous Symbol]                       0x20000020   Section        0  action_handler.o(.bss.TIM3_IRQHandler.timer_count)
    eh_get_event.timer_old                   0x20000024   Data           2  event_handler.o(.bss.eh_get_event.timer_old)
    [Anonymous Symbol]                       0x20000024   Section        0  event_handler.o(.bss.eh_get_event.timer_old)
    elevator_state                           0x20000026   Data           1  action_handler.o(.bss.elevator_state)
    [Anonymous Symbol]                       0x20000026   Section        0  action_handler.o(.bss.elevator_state)
    signal_state                             0x20000029   Data           1  action_handler.o(.bss.signal_state)
    [Anonymous Symbol]                       0x20000029   Section        0  action_handler.o(.bss.signal_state)
    timer_count                              0x2000002a   Data           2  timer.o(.bss.timer_count)
    [Anonymous Symbol]                       0x2000002a   Section        0  timer.o(.bss.timer_count)
    STACK                                    0x20000030   Section     8192  startup_ctboard.o(STACK)
    __initial_sp                             0x20002030   Data           0  startup_ctboard.o(STACK)

    Global Symbols

    Symbol Name                              Value     Ov Type        Size  Object(Section)

    BuildAttributes$$THM_ISAv3M$S$PE$A:L22$X:L11$S22$IEEE1$IW$~IW$USESV6$~STKCKD$USESV7$~SHL$OTIME$ROPI$EBA8$STANDARDLIB$REQ8$PRES8$EABIv2 0x00000000   Number         0  anon$$obj.o ABSOLUTE
    _printf_flags                            0x00000000   Number         0  printf_stubs.o ABSOLUTE
    _printf_return_value                     0x00000000   Number         0  printf_stubs.o ABSOLUTE
    _printf_sizespec                         0x00000000   Number         0  printf_stubs.o ABSOLUTE
    _printf_widthprec                        0x00000000   Number         0  printf_stubs.o ABSOLUTE
    Image$$ER_IROM1$$Limit                    - Undefined Weak Reference
    Image$$RW_IRAM1$$Base                     - Undefined Weak Reference
    Image$$RW_IRAM1$$ZI$$Base                 - Undefined Weak Reference
    Image$$RW_IRAM1$$ZI$$Limit                - Undefined Weak Reference
    __sigvec_lookup                           - Undefined Weak Reference
    _printf_post_padding                      - Undefined Weak Reference
    _printf_pre_padding                       - Undefined Weak Reference
    _printf_truncate_signed                   - Undefined Weak Reference
    _printf_truncate_unsigned                 - Undefined Weak Reference
    __Vectors_Size                           0x000001ac   Number         0  startup_ctboard.o ABSOLUTE
    Stack_Size                               0x00002000   Number         0  startup_ctboard.o ABSOLUTE
    __Vectors                                0x08000000   Data           4  startup_ctboard.o(RESET)
    __Vectors_End                            0x080001ac   Data           0  startup_ctboard.o(RESET)
    _printf_percent                          0x080001ad   Thumb Code     0  _printf_percent.o(.ARM.Collect$$_printf_percent$$00000000)
    _printf_u                                0x080001af   Thumb Code     0  _printf_u.o(.ARM.Collect$$_printf_percent$$0000000A)
    _printf_percent_end                      0x080001b9   Thumb Code     0  _printf_percent_end.o(.ARM.Collect$$_printf_percent$$00000017)
    __main                                   0x080001bd   Thumb Code    74  datainit_ctboard.o(.text)
    Reset_Handler                            0x08000239   Thumb Code     8  startup_ctboard.o(.text)
    NMI_Handler                              0x08000241   Thumb Code     2  startup_ctboard.o(.text)
    HardFault_Handler                        0x08000243   Thumb Code     2  startup_ctboard.o(.text)
    MemManage_Handler                        0x08000245   Thumb Code     2  startup_ctboard.o(.text)
    BusFault_Handler                         0x08000247   Thumb Code     2  startup_ctboard.o(.text)
    UsageFault_Handler                       0x08000249   Thumb Code     2  startup_ctboard.o(.text)
    SVC_Handler                              0x0800024b   Thumb Code     2  startup_ctboard.o(.text)
    DebugMon_Handler                         0x0800024d   Thumb Code     2  startup_ctboard.o(.text)
    PendSV_Handler                           0x0800024f   Thumb Code     2  startup_ctboard.o(.text)
    SysTick_Handler                          0x08000251   Thumb Code     2  startup_ctboard.o(.text)
    ADC_IRQHandler                           0x08000253   Thumb Code     0  startup_ctboard.o(.text)
    CAN1_RX0_IRQHandler                      0x08000253   Thumb Code     0  startup_ctboard.o(.text)
    CAN1_RX1_IRQHandler                      0x08000253   Thumb Code     0  startup_ctboard.o(.text)
    CAN1_SCE_IRQHandler                      0x08000253   Thumb Code     0  startup_ctboard.o(.text)
    CAN1_TX_IRQHandler                       0x08000253   Thumb Code     0  startup_ctboard.o(.text)
    CAN2_RX0_IRQHandler                      0x08000253   Thumb Code     0  startup_ctboard.o(.text)
    CAN2_RX1_IRQHandler                      0x08000253   Thumb Code     0  startup_ctboard.o(.text)
    CAN2_SCE_IRQHandler                      0x08000253   Thumb Code     0  startup_ctboard.o(.text)
    CAN2_TX_IRQHandler                       0x08000253   Thumb Code     0  startup_ctboard.o(.text)
    CRYP_IRQHandler                          0x08000253   Thumb Code     0  startup_ctboard.o(.text)
    DCMI_IRQHandler                          0x08000253   Thumb Code     0  startup_ctboard.o(.text)
    DMA1_Stream0_IRQHandler                  0x08000253   Thumb Code     0  startup_ctboard.o(.text)
    DMA1_Stream1_IRQHandler                  0x08000253   Thumb Code     0  startup_ctboard.o(.text)
    DMA1_Stream2_IRQHandler                  0x08000253   Thumb Code     0  startup_ctboard.o(.text)
    DMA1_Stream3_IRQHandler                  0x08000253   Thumb Code     0  startup_ctboard.o(.text)
    DMA1_Stream4_IRQHandler                  0x08000253   Thumb Code     0  startup_ctboard.o(.text)
    DMA1_Stream5_IRQHandler                  0x08000253   Thumb Code     0  startup_ctboard.o(.text)
    DMA1_Stream6_IRQHandler                  0x08000253   Thumb Code     0  startup_ctboard.o(.text)
    DMA1_Stream7_IRQHandler                  0x08000253   Thumb Code     0  startup_ctboard.o(.text)
    DMA2D_IRQHandler                         0x08000253   Thumb Code     0  startup_ctboard.o(.text)
    DMA2_Stream0_IRQHandler                  0x08000253   Thumb Code     0  startup_ctboard.o(.text)
    DMA2_Stream1_IRQHandler                  0x08000253   Thumb Code     0  startup_ctboard.o(.text)
    DMA2_Stream2_IRQHandler                  0x08000253   Thumb Code     0  startup_ctboard.o(.text)
    DMA2_Stream3_IRQHandler                  0x08000253   Thumb Code     0  startup_ctboard.o(.text)
    DMA2_Stream4_IRQHandler                  0x08000253   Thumb Code     0  startup_ctboard.o(.text)
    DMA2_Stream5_IRQHandler                  0x08000253   Thumb Code     0  startup_ctboard.o(.text)
    DMA2_Stream6_IRQHandler                  0x08000253   Thumb Code     0  startup_ctboard.o(.text)
    DMA2_Stream7_IRQHandler                  0x08000253   Thumb Code     0  startup_ctboard.o(.text)
    ETH_IRQHandler                           0x08000253   Thumb Code     0  startup_ctboard.o(.text)
    ETH_WKUP_IRQHandler                      0x08000253   Thumb Code     0  startup_ctboard.o(.text)
    EXTI0_IRQHandler                         0x08000253   Thumb Code     0  startup_ctboard.o(.text)
    EXTI15_10_IRQHandler                     0x08000253   Thumb Code     0  startup_ctboard.o(.text)
    EXTI1_IRQHandler                         0x08000253   Thumb Code     0  startup_ctboard.o(.text)
    EXTI2_IRQHandler                         0x08000253   Thumb Code     0  startup_ctboard.o(.text)
    EXTI3_IRQHandler                         0x08000253   Thumb Code     0  startup_ctboard.o(.text)
    EXTI4_IRQHandler                         0x08000253   Thumb Code     0  startup_ctboard.o(.text)
    EXTI9_5_IRQHandler                       0x08000253   Thumb Code     0  startup_ctboard.o(.text)
    FLASH_IRQHandler                         0x08000253   Thumb Code     0  startup_ctboard.o(.text)
    FMC_IRQHandler                           0x08000253   Thumb Code     0  startup_ctboard.o(.text)
    FPU_IRQHandler                           0x08000253   Thumb Code     0  startup_ctboard.o(.text)
    HASH_RNG_IRQHandler                      0x08000253   Thumb Code     0  startup_ctboard.o(.text)
    I2C1_ER_IRQHandler                       0x08000253   Thumb Code     0  startup_ctboard.o(.text)
    I2C1_EV_IRQHandler                       0x08000253   Thumb Code     0  startup_ctboard.o(.text)
    I2C2_ER_IRQHandler                       0x08000253   Thumb Code     0  startup_ctboard.o(.text)
    I2C2_EV_IRQHandler                       0x08000253   Thumb Code     0  startup_ctboard.o(.text)
    I2C3_ER_IRQHandler                       0x08000253   Thumb Code     0  startup_ctboard.o(.text)
    I2C3_EV_IRQHandler                       0x08000253   Thumb Code     0  startup_ctboard.o(.text)
    LTDC_ER_IRQHandler                       0x08000253   Thumb Code     0  startup_ctboard.o(.text)
    LTDC_IRQHandler                          0x08000253   Thumb Code     0  startup_ctboard.o(.text)
    OTG_FS_IRQHandler                        0x08000253   Thumb Code     0  startup_ctboard.o(.text)
    OTG_FS_WKUP_IRQHandler                   0x08000253   Thumb Code     0  startup_ctboard.o(.text)
    OTG_HS_EP1_IN_IRQHandler                 0x08000253   Thumb Code     0  startup_ctboard.o(.text)
    OTG_HS_EP1_OUT_IRQHandler                0x08000253   Thumb Code     0  startup_ctboard.o(.text)
    OTG_HS_IRQHandler                        0x08000253   Thumb Code     0  startup_ctboard.o(.text)
    OTG_HS_WKUP_IRQHandler                   0x08000253   Thumb Code     0  startup_ctboard.o(.text)
    PVD_IRQHandler                           0x08000253   Thumb Code     0  startup_ctboard.o(.text)
    RCC_IRQHandler                           0x08000253   Thumb Code     0  startup_ctboard.o(.text)
    RTC_Alarm_IRQHandler                     0x08000253   Thumb Code     0  startup_ctboard.o(.text)
    RTC_WKUP_IRQHandler                      0x08000253   Thumb Code     0  startup_ctboard.o(.text)
    SAI1_IRQHandler                          0x08000253   Thumb Code     0  startup_ctboard.o(.text)
    SDIO_IRQHandler                          0x08000253   Thumb Code     0  startup_ctboard.o(.text)
    SPI1_IRQHandler                          0x08000253   Thumb Code     0  startup_ctboard.o(.text)
    SPI2_IRQHandler                          0x08000253   Thumb Code     0  startup_ctboard.o(.text)
    SPI3_IRQHandler                          0x08000253   Thumb Code     0  startup_ctboard.o(.text)
    SPI4_IRQHandler                          0x08000253   Thumb Code     0  startup_ctboard.o(.text)
    SPI5_IRQHandler                          0x08000253   Thumb Code     0  startup_ctboard.o(.text)
    SPI6_IRQHandler                          0x08000253   Thumb Code     0  startup_ctboard.o(.text)
    TAMP_STAMP_IRQHandler                    0x08000253   Thumb Code     0  startup_ctboard.o(.text)
    TIM1_BRK_TIM9_IRQHandler                 0x08000253   Thumb Code     0  startup_ctboard.o(.text)
    TIM1_CC_IRQHandler                       0x08000253   Thumb Code     0  startup_ctboard.o(.text)
    TIM1_TRG_COM_TIM11_IRQHandler            0x08000253   Thumb Code     0  startup_ctboard.o(.text)
    TIM1_UP_TIM10_IRQHandler                 0x08000253   Thumb Code     0  startup_ctboard.o(.text)
    TIM2_IRQHandler                          0x08000253   Thumb Code     0  startup_ctboard.o(.text)
    TIM5_IRQHandler                          0x08000253   Thumb Code     0  startup_ctboard.o(.text)
    TIM6_DAC_IRQHandler                      0x08000253   Thumb Code     0  startup_ctboard.o(.text)
    TIM7_IRQHandler                          0x08000253   Thumb Code     0  startup_ctboard.o(.text)
    TIM8_BRK_TIM12_IRQHandler                0x08000253   Thumb Code     0  startup_ctboard.o(.text)
    TIM8_CC_IRQHandler                       0x08000253   Thumb Code     0  startup_ctboard.o(.text)
    TIM8_TRG_COM_TIM14_IRQHandler            0x08000253   Thumb Code     0  startup_ctboard.o(.text)
    TIM8_UP_TIM13_IRQHandler                 0x08000253   Thumb Code     0  startup_ctboard.o(.text)
    UART4_IRQHandler                         0x08000253   Thumb Code     0  startup_ctboard.o(.text)
    UART5_IRQHandler                         0x08000253   Thumb Code     0  startup_ctboard.o(.text)
    UART7_IRQHandler                         0x08000253   Thumb Code     0  startup_ctboard.o(.text)
    UART8_IRQHandler                         0x08000253   Thumb Code     0  startup_ctboard.o(.text)
    USART1_IRQHandler                        0x08000253   Thumb Code     0  startup_ctboard.o(.text)
    USART2_IRQHandler                        0x08000253   Thumb Code     0  startup_ctboard.o(.text)
    USART3_IRQHandler                        0x08000253   Thumb Code     0  startup_ctboard.o(.text)
    USART6_IRQHandler                        0x08000253   Thumb Code     0  startup_ctboard.o(.text)
    WWDG_IRQHandler                          0x08000253   Thumb Code     0  startup_ctboard.o(.text)
    __2snprintf                              0x0800025d   Thumb Code    60  __2snprintf.o(.text)
    __printf                                 0x0800029d   Thumb Code   108  __printf.o(.text)
    _printf_int_dec                          0x08000309   Thumb Code    90  _printf_dec.o(.text)
    __aeabi_uidivmod                         0x08000375   Thumb Code    28  aeabi_sdivfast.o(.text)
    __aeabi_idivmod                          0x08000391   Thumb Code   472  aeabi_sdivfast.o(.text)
    _printf_int_common                       0x0800056d   Thumb Code   176  _printf_intcommon.o(.text)
    _printf_char_common                      0x08000627   Thumb Code    32  _printf_char_common.o(.text)
    _snputc                                  0x0800064d   Thumb Code    16  _snputc.o(.text)
    __rt_udiv10                              0x0800065d   Thumb Code    40  rtudiv10.o(.text)
    TIM3_IRQHandler                          0x08000685   Thumb Code   324  action_handler.o(.text.TIM3_IRQHandler)
    TIM4_IRQHandler                          0x0800082d   Thumb Code    40  timer.o(.text.TIM4_IRQHandler)
    __system                                 0x0800085d   Thumb Code     8  system_ctboard.o(.text.__system)
    action_handler_init                      0x08000865   Thumb Code    44  action_handler.o(.text.action_handler_init)
    ah_door                                  0x08000899   Thumb Code   228  action_handler.o(.text.ah_door)
    ah_motor                                 0x080009e5   Thumb Code    96  action_handler.o(.text.ah_motor)
    ah_show_exception                        0x08000a7d   Thumb Code    60  action_handler.o(.text.ah_show_exception)
    ah_show_state                            0x08000ac9   Thumb Code    24  action_handler.o(.text.ah_show_state)
    ah_signal                                0x08000ae5   Thumb Code     8  action_handler.o(.text.ah_signal)
    eh_get_event                             0x08000b55   Thumb Code   220  event_handler.o(.text.eh_get_event)
    eh_init                                  0x08000c4d   Thumb Code    76  event_handler.o(.text.eh_init)
    eh_weight_control                        0x08000ca9   Thumb Code    32  event_handler.o(.text.eh_weight_control)
    fsm_handle_event                         0x08000cdd   Thumb Code   352  state_machine.o(.text.fsm_handle_event)
    fsm_init                                 0x08000ec1   Thumb Code    28  state_machine.o(.text.fsm_init)
    hal_ct_lcd_write                         0x08000ee9   Thumb Code    36  hal_ct_lcd.o(.text.hal_ct_lcd_write)
    hal_fmc_init_sram                        0x08000f11   Thumb Code   316  hal_fmc.o(.text.hal_fmc_init_sram)
    hal_gpio_init_alternate                  0x08001055   Thumb Code   248  hal_gpio.o(.text.hal_gpio_init_alternate)
    hal_gpio_init_output                     0x0800114d   Thumb Code   284  hal_gpio.o(.text.hal_gpio_init_output)
    hal_pwr_set_overdrive                    0x08001271   Thumb Code     4  hal_pwr.o(.text.hal_pwr_set_overdrive)
    hal_rcc_reset                            0x08001275   Thumb Code   104  hal_rcc.o(.text.hal_rcc_reset)
    hal_rcc_set_osc                          0x080012f9   Thumb Code   108  hal_rcc.o(.text.hal_rcc_set_osc)
    hal_rcc_setup_clock                      0x0800136d   Thumb Code    92  hal_rcc.o(.text.hal_rcc_setup_clock)
    hal_rcc_setup_pll                        0x080013d1   Thumb Code   192  hal_rcc.o(.text.hal_rcc_setup_pll)
    hal_timer_init_base                      0x080014a9   Thumb Code    80  hal_timer.o(.text.hal_timer_init_base)
    hal_timer_irq_clear                      0x080014f9   Thumb Code     8  hal_timer.o(.text.hal_timer_irq_clear)
    hal_timer_irq_set                        0x08001501   Thumb Code   300  hal_timer.o(.text.hal_timer_irq_set)
    hal_timer_irq_status                     0x0800167d   Thumb Code    22  hal_timer.o(.text.hal_timer_irq_status)
    hal_timer_start                          0x08001693   Thumb Code    10  hal_timer.o(.text.hal_timer_start)
    main                                     0x0800169d   Thumb Code    22  main.o(.text.main)
    system_enter_run                         0x080016b5   Thumb Code   232  system_ctboard.o(.text.system_enter_run)
    timer_init                               0x080017e9   Thumb Code    44  timer.o(.text.timer_init)
    timer_read                               0x08001821   Thumb Code     8  timer.o(.text.timer_read)
    timer_start                              0x08001829   Thumb Code     8  timer.o(.text.timer_start)
    timer_stop                               0x08001831   Thumb Code     8  timer.o(.text.timer_stop)
    Image$$RO$$Limit                         0x08001880   Number         0  anon$$obj.o ABSOLUTE
    Image$$RW$$Base                          0x20000000   Number         0  anon$$obj.o ABSOLUTE
    Image$$ZI$$Base                          0x20000010   Number         0  anon$$obj.o ABSOLUTE
    flag_F0_Reached                          0x20000027   Data           1  event_handler.o(.bss.flag_F0_Reached)
    flag_F1_Reached                          0x20000028   Data           1  event_handler.o(.bss.flag_F1_Reached)
    Stack_Mem                                0x20000030   Data        8192  startup_ctboard.o(STACK)
    Image$$ZI$$Limit                         0x20002030   Number         0  anon$$obj.o ABSOLUTE



==============================================================================

Memory Map of the image

  Image Entry point : 0x08000239

  Load Region LR_1 (Base: 0x08000000, Size: 0x0000188c, Max: 0xffffffff, ABSOLUTE)

    Execution Region ER_RO (Exec base: 0x08000000, Load base: 0x08000000, Size: 0x00001880, Max: 0xffffffff, ABSOLUTE)

    Exec Addr    Load Addr    Size         Type   Attr      Idx    E Section Name        Object

    0x08000000   0x08000000   0x000001ac   Data   RO          108    RESET               startup_ctboard.o
    0x080001ac   0x080001ac   0x00000002   Code   RO          307    .ARM.Collect$$_printf_percent$$00000000  c_p.l(_printf_percent.o)
    0x080001ae   0x080001ae   0x0000000a   Code   RO          306    .ARM.Collect$$_printf_percent$$0000000A  c_p.l(_printf_u.o)
    0x080001b8   0x080001b8   0x00000004   Code   RO          326    .ARM.Collect$$_printf_percent$$00000017  c_p.l(_printf_percent_end.o)
    0x080001bc   0x080001bc   0x0000007c   Code   RO          100    .text               datainit_ctboard.o
    0x08000238   0x08000238   0x00000024   Code   RO          109  * .text               startup_ctboard.o
    0x0800025c   0x0800025c   0x00000040   Code   RO          278    .text               c_p.l(__2snprintf.o)
    0x0800029c   0x0800029c   0x0000006c   Code   RO          282    .text               c_p.l(__printf.o)
    0x08000308   0x08000308   0x0000006c   Code   RO          284    .text               c_p.l(_printf_dec.o)
    0x08000374   0x08000374   0x000001f8   Code   RO          308    .text               c_p.l(aeabi_sdivfast.o)
    0x0800056c   0x0800056c   0x000000b0   Code   RO          320    .text               c_p.l(_printf_intcommon.o)
    0x0800061c   0x0800061c   0x00000030   Code   RO          322    .text               c_p.l(_printf_char_common.o)
    0x0800064c   0x0800064c   0x00000010   Code   RO          324    .text               c_p.l(_snputc.o)
    0x0800065c   0x0800065c   0x00000028   Code   RO          327    .text               c_p.l(rtudiv10.o)
    0x08000684   0x08000684   0x000001a8   Code   RO           14    .text.TIM3_IRQHandler  action_handler.o
    0x0800082c   0x0800082c   0x00000030   Code   RO           82    .text.TIM4_IRQHandler  timer.o
    0x0800085c   0x0800085c   0x00000008   Code   RO          114    .text.__system      system_ctboard.o
    0x08000864   0x08000864   0x00000034   Code   RO            2    .text.action_handler_init  action_handler.o
    0x08000898   0x08000898   0x0000014c   Code   RO            8    .text.ah_door       action_handler.o
    0x080009e4   0x080009e4   0x00000098   Code   RO            4    .text.ah_motor      action_handler.o
    0x08000a7c   0x08000a7c   0x0000004c   Code   RO            6    .text.ah_show_exception  action_handler.o
    0x08000ac8   0x08000ac8   0x0000001c   Code   RO           12    .text.ah_show_state  action_handler.o
    0x08000ae4   0x08000ae4   0x0000000c   Code   RO           10    .text.ah_signal     action_handler.o
    0x08000af0   0x08000af0   0x00000064   Code   RO           39    .text.eh_7seg_display  event_handler.o
    0x08000b54   0x08000b54   0x000000f8   Code   RO           37    .text.eh_get_event  event_handler.o
    0x08000c4c   0x08000c4c   0x0000005c   Code   RO           35    .text.eh_init       event_handler.o
    0x08000ca8   0x08000ca8   0x00000034   Code   RO           41    .text.eh_weight_control  event_handler.o
    0x08000cdc   0x08000cdc   0x000001e4   Code   RO           70    .text.fsm_handle_event  state_machine.o
    0x08000ec0   0x08000ec0   0x00000028   Code   RO           68    .text.fsm_init      state_machine.o
    0x08000ee8   0x08000ee8   0x00000028   Code   RO          132    .text.hal_ct_lcd_write  hal_ct_lcd.o
    0x08000f10   0x08000f10   0x00000144   Code   RO          149    .text.hal_fmc_init_sram  hal_fmc.o
    0x08001054   0x08001054   0x000000f8   Code   RO          167    .text.hal_gpio_init_alternate  hal_gpio.o
    0x0800114c   0x0800114c   0x00000124   Code   RO          165    .text.hal_gpio_init_output  hal_gpio.o
    0x08001270   0x08001270   0x00000004   Code   RO          205    .text.hal_pwr_set_overdrive  hal_pwr.o
    0x08001274   0x08001274   0x00000084   Code   RO          217    .text.hal_rcc_reset  hal_rcc.o
    0x080012f8   0x080012f8   0x00000074   Code   RO          221    .text.hal_rcc_set_osc  hal_rcc.o
    0x0800136c   0x0800136c   0x00000064   Code   RO          225    .text.hal_rcc_setup_clock  hal_rcc.o
    0x080013d0   0x080013d0   0x000000d8   Code   RO          223    .text.hal_rcc_setup_pll  hal_rcc.o
    0x080014a8   0x080014a8   0x00000050   Code   RO          237    .text.hal_timer_init_base  hal_timer.o
    0x080014f8   0x080014f8   0x00000008   Code   RO          259    .text.hal_timer_irq_clear  hal_timer.o
    0x08001500   0x08001500   0x0000017c   Code   RO          253    .text.hal_timer_irq_set  hal_timer.o
    0x0800167c   0x0800167c   0x00000016   Code   RO          255    .text.hal_timer_irq_status  hal_timer.o
    0x08001692   0x08001692   0x0000000a   Code   RO          249    .text.hal_timer_start  hal_timer.o
    0x0800169c   0x0800169c   0x00000016   Code   RO           59    .text.main          main.o
    0x080016b2   0x080016b2   0x00000002   PAD
    0x080016b4   0x080016b4   0x00000134   Code   RO          116    .text.system_enter_run  system_ctboard.o
    0x080017e8   0x080017e8   0x00000038   Code   RO           84    .text.timer_init    timer.o
    0x08001820   0x08001820   0x00000008   Code   RO           90    .text.timer_read    timer.o
    0x08001828   0x08001828   0x00000008   Code   RO           86    .text.timer_start   timer.o
    0x08001830   0x08001830   0x0000000c   Code   RO           88    .text.timer_stop    timer.o
    0x0800183c   0x0800183c   0x00000006   Data   RO           26    .rodata..Lswitch.table.ah_show_exception.9  action_handler.o
    0x08001842   0x08001842   0x00000015   Data   RO           19    .rodata.str1.1      action_handler.o
    0x08001857   0x08001857   0x00000021   Data   RO           72    .rodata.str1.1      state_machine.o
    0x08001878   0x08001878   0x00000006   Data   RO           25    .rodata.str2.2      action_handler.o


    Execution Region ER_RW (Exec base: 0x20000000, Load base: 0x08001880, Size: 0x0000000c, Max: 0xffffffff, ABSOLUTE)

    Exec Addr    Load Addr    Size         Type   Attr      Idx    E Section Name        Object

    0x20000000   0x08001880   0x00000002   Data   RW           50    .data.current_weight_limit  event_handler.o
    0x20000002   0x08001882   0x00000001   Data   RW           16    .data.door_state    action_handler.o
    0x20000003   0x08001883   0x00000001   Data   RW           45    .data.eh_get_event.button_value_old  event_handler.o
    0x20000004   0x08001884   0x00000004   Data   RW           46    .data.eh_get_event.dip_value_old  event_handler.o
    0x20000008   0x08001888   0x00000001   Data   RW           73    .data.state         state_machine.o
    0x20000009   0x08001889   0x00000001   Data   RW           48    .data.wctl_state    event_handler.o
    0x2000000a   0x0800188a   0x00000002   Data   RW           49    .data.weight_value_old  event_handler.o


    Execution Region ER_ZI (Exec base: 0x20000010, Load base: 0x0800188c, Size: 0x00002020, Max: 0xffffffff, ABSOLUTE)

    Exec Addr    Load Addr    Size         Type   Attr      Idx    E Section Name        Object

    0x20000010        -       0x00000004   Zero   RW           24    .bss.TIM3_IRQHandler.door_pattern  action_handler.o
    0x20000014        -       0x00000002   Zero   RW           23    .bss.TIM3_IRQHandler.door_position  action_handler.o
    0x20000016   0x0800188c   0x00000002   PAD
    0x20000018        -       0x00000004   Zero   RW           22    .bss.TIM3_IRQHandler.elevator_pattern  action_handler.o
    0x2000001c        -       0x00000002   Zero   RW           21    .bss.TIM3_IRQHandler.elevator_position  action_handler.o
    0x2000001e   0x0800188c   0x00000002   PAD
    0x20000020        -       0x00000004   Zero   RW           20    .bss.TIM3_IRQHandler.timer_count  action_handler.o
    0x20000024        -       0x00000002   Zero   RW           47    .bss.eh_get_event.timer_old  event_handler.o
    0x20000026        -       0x00000001   Zero   RW           17    .bss.elevator_state  action_handler.o
    0x20000027        -       0x00000001   Zero   RW           43    .bss.flag_F0_Reached  event_handler.o
    0x20000028        -       0x00000001   Zero   RW           44    .bss.flag_F1_Reached  event_handler.o
    0x20000029        -       0x00000001   Zero   RW           18    .bss.signal_state   action_handler.o
    0x2000002a        -       0x00000002   Zero   RW           92    .bss.timer_count    timer.o
    0x2000002c   0x0800188c   0x00000004   PAD
    0x20000030        -       0x00002000   Zero   RW          106    STACK               startup_ctboard.o


==============================================================================

Image component sizes


      Code (inc. data)   RO Data    RW Data    ZI Data      Debug   Object Name

      1076        308         33          1         18       7928   action_handler.o
       124         50          0          0          0        468   datainit_ctboard.o
       492         80          0         10          4       5567   event_handler.o
        40          4          0          0          0       2951   hal_ct_lcd.o
       324          8          0          0          0       4049   hal_fmc.o
       540          8          0          0          0      13277   hal_gpio.o
         4          0          0          0          0       2353   hal_pwr.o
       564         68          0          0          0       5295   hal_rcc.o
       500         80          0          0          0      15658   hal_timer.o
        22          0          0          0          0        814   main.o
        36          8        428          0       8192        836   startup_ctboard.o
       524        154         33          1          0       2814   state_machine.o
       316         76          0          0          0       6858   system_ctboard.o
       132         24          0          0          2       3561   timer.o

    ----------------------------------------------------------------------
      4696        868        496         12       8224      72429   Object Totals
         0          0          0          0          0          0   (incl. Generated)
         2          0          2          0          8          0   (incl. Padding)

    ----------------------------------------------------------------------

      Code (inc. data)   RO Data    RW Data    ZI Data      Debug   Library Member Name

        64          4          0          0          0         84   __2snprintf.o
       108          0          0          0          0         76   __printf.o
        48          6          0          0          0         88   _printf_char_common.o
       108         18          0          0          0         76   _printf_dec.o
       176          0          0          0          0         84   _printf_intcommon.o
         2          0          0          0          0          0   _printf_percent.o
         4          0          0          0          0          0   _printf_percent_end.o
        10          0          0          0          0          0   _printf_u.o
        16          0          0          0          0         60   _snputc.o
       504          4          0          0          0         92   aeabi_sdivfast.o
        40          0          0          0          0         60   rtudiv10.o

    ----------------------------------------------------------------------
      1080         32          0          0          0        620   Library Totals
         0          0          0          0          0          0   (incl. Padding)

    ----------------------------------------------------------------------

      Code (inc. data)   RO Data    RW Data    ZI Data      Debug   Library Name

      1080         32          0          0          0        620   c_p.l

    ----------------------------------------------------------------------
      1080         32          0          0          0        620   Library Totals

    ----------------------------------------------------------------------

==============================================================================


      Code (inc. data)   RO Data    RW Data    ZI Data      Debug   

      5776        900        496         12       8224      72461   Grand Totals
      5776        900        496         12       8224      72461   ELF Image Totals
      5776        900        496         12          0          0   ROM Totals

==============================================================================

    Total RO  Size (Code + RO Data)                 6272 (   6.12kB)
    Total RW  Size (RW Data + ZI Data)              8236 (   8.04kB)
    Total ROM Size (Code + RO Data + RW Data)       6284 (   6.14kB)

==============================================================================

