Component: Arm Compiler for Embedded 6.19 Tool: armlink [5e73cb00]

==============================================================================

Section Cross References

    test.o(.text) refers to hal_spi.o(.text) for hal_spi_init
    test.o(.ARM.exidx) refers to test.o(.text) for [Anonymous Symbol]
    hal_spi.o(.ARM.exidx) refers to hal_spi.o(.text) for [Anonymous Symbol]
    datainit_ctboard.o(.text) refers (Weak) to startup_ctboard.o(STACK) for Stack_Mem
    datainit_ctboard.o(.text) refers to test.o(.text) for main
    startup_ctboard.o(RESET) refers to startup_ctboard.o(STACK) for __initial_sp
    startup_ctboard.o(RESET) refers to startup_ctboard.o(.text) for Reset_Handler
    startup_ctboard.o(.text) refers to system_ctboard.o(.text) for __system
    startup_ctboard.o(.text) refers to datainit_ctboard.o(.text) for __main
    system_ctboard.o(.text) refers to hal_rcc.o(.text) for hal_rcc_reset
    system_ctboard.o(.text) refers to hal_pwr.o(.text) for hal_pwr_set_overdrive
    system_ctboard.o(.text) refers to hal_gpio.o(.text) for hal_gpio_init_alternate
    system_ctboard.o(.text) refers to hal_fmc.o(.text) for hal_fmc_init_sram
    system_ctboard.o(.ARM.exidx) refers to system_ctboard.o(.text) for [Anonymous Symbol]
    hal_fmc.o(.ARM.exidx) refers to hal_fmc.o(.text) for [Anonymous Symbol]
    hal_gpio.o(.text) refers to aeabi_sdiv.o(.text) for __aeabi_uidiv
    hal_gpio.o(.ARM.exidx) refers to hal_gpio.o(.text) for [Anonymous Symbol]
    hal_pwr.o(.ARM.exidx) refers to hal_pwr.o(.text) for [Anonymous Symbol]
    hal_rcc.o(.ARM.exidx) refers to hal_rcc.o(.text) for [Anonymous Symbol]
    aeabi_idiv0_sigfpe.o(.text) refers to rt_div0.o(.text) for __rt_div0
    rt_div0.o(.text) refers to defsig_fpe_outer.o(.text) for __rt_SIGFPE
    defsig_fpe_outer.o(.text) refers to defsig_fpe_inner.o(.text) for __rt_SIGFPE_inner
    defsig_fpe_outer.o(.text) refers to defsig_exit.o(.text) for __sig_exit
    defsig_fpe_formal.o(.text) refers to rt_raise.o(.text) for __rt_raise
    rt_raise.o(.text) refers to __raise.o(.text) for __raise
    rt_raise.o(.text) refers to sys_exit.o(.text) for _sys_exit
    defsig_exit.o(.text) refers to sys_exit.o(.text) for _sys_exit
    defsig_fpe_inner.o(.text) refers to defsig_general.o(.text) for __default_signal_display
    sys_exit.o(.text) refers (Special) to use_no_semi.o(.text) for __I$use$semihosting
    sys_exit.o(.text) refers (Special) to indicate_semi.o(.text) for __semihosting_library_function
    sys_exit_hlt.o(.text) refers (Special) to use_no_semi.o(.text) for __I$use$semihosting
    sys_exit_hlt.o(.text) refers (Special) to indicate_semi.o(.text) for __semihosting_library_function
    __raise.o(.text) refers to defsig.o(CL$$defsig) for __default_signal_handler
    defsig_general.o(.text) refers to sys_wrch.o(.text) for _ttywrch
    sys_wrch.o(.text) refers (Special) to use_no_semi.o(.text) for __I$use$semihosting
    sys_wrch.o(.text) refers (Special) to indicate_semi.o(.text) for __semihosting_library_function
    sys_wrch_hlt.o(.text) refers (Special) to use_no_semi.o(.text) for __I$use$semihosting
    sys_wrch_hlt.o(.text) refers (Special) to indicate_semi.o(.text) for __semihosting_library_function
    defsig.o(CL$$defsig) refers to defsig_fpe_inner.o(.text) for __rt_SIGFPE_inner
    defsig_abrt_inner.o(.text) refers to defsig_general.o(.text) for __default_signal_display
    defsig_rtred_inner.o(.text) refers to defsig_general.o(.text) for __default_signal_display
    defsig_rtmem_inner.o(.text) refers to defsig_general.o(.text) for __default_signal_display
    defsig_stak_inner.o(.text) refers to defsig_general.o(.text) for __default_signal_display
    defsig_pvfn_inner.o(.text) refers to defsig_general.o(.text) for __default_signal_display
    defsig_cppl_inner.o(.text) refers to defsig_general.o(.text) for __default_signal_display
    defsig_segv_inner.o(.text) refers to defsig_general.o(.text) for __default_signal_display
    defsig_other.o(.text) refers to defsig_general.o(.text) for __default_signal_display


==============================================================================

Removing Unused input sections from the image.

    Removing test.o(.ARM.exidx), (8 bytes).
    Removing test.o(.ARM.use_no_argv), (4 bytes).
    Removing hal_spi.o(.ARM.exidx), (32 bytes).
    Removing startup_ctboard.o(HEAP), (2048 bytes).
    Removing system_ctboard.o(.ARM.exidx), (72 bytes).
    Removing hal_fmc.o(.ARM.exidx), (16 bytes).
    Removing hal_gpio.o(.ARM.exidx), (136 bytes).
    Removing hal_pwr.o(.ARM.exidx), (56 bytes).
    Removing hal_rcc.o(.ARM.exidx), (40 bytes).

9 unused section(s) (total 2412 bytes) removed from the image.

==============================================================================

Image Symbol Table

    Local Symbols

    Symbol Name                              Value     Ov Type        Size  Object(Section)

    ../clib/angel/rt.s                       0x00000000   Number         0  aeabi_idiv0.o ABSOLUTE
    ../clib/angel/rt.s                       0x00000000   Number         0  aeabi_idiv0_sigfpe.o ABSOLUTE
    ../clib/angel/rt.s                       0x00000000   Number         0  rt_div0.o ABSOLUTE
    ../clib/angel/rt.s                       0x00000000   Number         0  rt_raise.o ABSOLUTE
    ../clib/angel/sys.s                      0x00000000   Number         0  use_no_semi.o ABSOLUTE
    ../clib/angel/sys.s                      0x00000000   Number         0  indicate_semi.o ABSOLUTE
    ../clib/angel/sysapp.c                   0x00000000   Number         0  sys_exit.o ABSOLUTE
    ../clib/angel/sysapp.c                   0x00000000   Number         0  sys_exit_hlt.o ABSOLUTE
    ../clib/angel/sysapp.c                   0x00000000   Number         0  sys_wrch.o ABSOLUTE
    ../clib/angel/sysapp.c                   0x00000000   Number         0  sys_wrch_hlt.o ABSOLUTE
    ../clib/division.s                       0x00000000   Number         0  aeabi_sdiv.o ABSOLUTE
    ../clib/division.s                       0x00000000   Number         0  aeabi_sdiv_div0.o ABSOLUTE
    ../clib/signal.c                         0x00000000   Number         0  defsig_fpe_outer.o ABSOLUTE
    ../clib/signal.c                         0x00000000   Number         0  defsig_fpe_formal.o ABSOLUTE
    ../clib/signal.c                         0x00000000   Number         0  defsig_exit.o ABSOLUTE
    ../clib/signal.c                         0x00000000   Number         0  defsig_fpe_inner.o ABSOLUTE
    ../clib/signal.c                         0x00000000   Number         0  __raise.o ABSOLUTE
    ../clib/signal.c                         0x00000000   Number         0  defsig_general.o ABSOLUTE
    ../clib/signal.c                         0x00000000   Number         0  defsig_abrt_inner.o ABSOLUTE
    ../clib/signal.c                         0x00000000   Number         0  defsig_rtred_inner.o ABSOLUTE
    ../clib/signal.c                         0x00000000   Number         0  defsig_rtmem_inner.o ABSOLUTE
    ../clib/signal.c                         0x00000000   Number         0  defsig_stak_inner.o ABSOLUTE
    ../clib/signal.c                         0x00000000   Number         0  defsig_pvfn_inner.o ABSOLUTE
    ../clib/signal.c                         0x00000000   Number         0  defsig_cppl_inner.o ABSOLUTE
    ../clib/signal.c                         0x00000000   Number         0  defsig_segv_inner.o ABSOLUTE
    ../clib/signal.c                         0x00000000   Number         0  defsig_other.o ABSOLUTE
    ../clib/signal.s                         0x00000000   Number         0  defsig.o ABSOLUTE
    RTE/Device/CT_Board_HS14_M0/datainit_ctboard.s 0x00000000   Number         0  datainit_ctboard.o ABSOLUTE
    RTE/Device/CT_Board_HS14_M0/startup_ctboard.s 0x00000000   Number         0  startup_ctboard.o ABSOLUTE
    dc.s                                     0x00000000   Number         0  dc.o ABSOLUTE
    hal_fmc.c                                0x00000000   Number         0  hal_fmc.o ABSOLUTE
    hal_gpio.c                               0x00000000   Number         0  hal_gpio.o ABSOLUTE
    hal_pwr.c                                0x00000000   Number         0  hal_pwr.o ABSOLUTE
    hal_rcc.c                                0x00000000   Number         0  hal_rcc.o ABSOLUTE
    hal_spi.c                                0x00000000   Number         0  hal_spi.o ABSOLUTE
    system_ctboard.c                         0x00000000   Number         0  system_ctboard.o ABSOLUTE
    test.c                                   0x00000000   Number         0  test.o ABSOLUTE
    RESET                                    0x08000000   Section      428  startup_ctboard.o(RESET)
    [Anonymous Symbol]                       0x080001ac   Section        0  test.o(.text)
    __arm_cp.0_0                             0x080001dc   Number         4  test.o(.text)
    __arm_cp.0_1                             0x080001e0   Number         4  test.o(.text)
    __arm_cp.0_2                             0x080001e4   Number         4  test.o(.text)
    [Anonymous Symbol]                       0x080001e8   Section        0  hal_spi.o(.text)
    __arm_cp.0_0                             0x08000260   Number         4  hal_spi.o(.text)
    __arm_cp.0_1                             0x08000264   Number         4  hal_spi.o(.text)
    __arm_cp.0_2                             0x08000268   Number         4  hal_spi.o(.text)
    __arm_cp.0_3                             0x0800026c   Number         4  hal_spi.o(.text)
    __arm_cp.0_4                             0x08000270   Number         4  hal_spi.o(.text)
    __arm_cp.0_5                             0x08000274   Number         4  hal_spi.o(.text)
    __arm_cp.0_6                             0x08000278   Number         4  hal_spi.o(.text)
    __arm_cp.0_7                             0x0800027c   Number         4  hal_spi.o(.text)
    __arm_cp.0_8                             0x08000280   Number         4  hal_spi.o(.text)
    __arm_cp.0_9                             0x08000284   Number         4  hal_spi.o(.text)
    set_ss_pin_high                          0x08000289   Thumb Code     8  hal_spi.o(.text)
    __arm_cp.1_0                             0x08000290   Number         4  hal_spi.o(.text)
    __arm_cp.2_0                             0x080002d8   Number         4  hal_spi.o(.text)
    __arm_cp.2_1                             0x080002dc   Number         4  hal_spi.o(.text)
    set_ss_pin_low                           0x080002e1   Thumb Code    12  hal_spi.o(.text)
    __arm_cp.3_0                             0x080002ec   Number         4  hal_spi.o(.text)
    .text                                    0x080002f0   Section      124  datainit_ctboard.o(.text)
    .text                                    0x0800036c   Section       36  startup_ctboard.o(.text)
    [Anonymous Symbol]                       0x08000390   Section        0  system_ctboard.o(.text)
    init_SystemClock                         0x080003ad   Thumb Code   196  system_ctboard.o(.text)
    __arm_cp.2_0                             0x08000470   Number         4  system_ctboard.o(.text)
    __arm_cp.2_1                             0x08000474   Number         4  system_ctboard.o(.text)
    __arm_cp.2_2                             0x08000478   Number         4  system_ctboard.o(.text)
    __arm_cp.2_3                             0x0800047c   Number         4  system_ctboard.o(.text)
    __arm_cp.2_4                             0x08000480   Number         4  system_ctboard.o(.text)
    init_FPU                                 0x08000485   Thumb Code     2  system_ctboard.o(.text)
    init_FMC_SRAM                            0x08000489   Thumb Code   340  system_ctboard.o(.text)
    __arm_cp.4_0                             0x080005dc   Number         4  system_ctboard.o(.text)
    __arm_cp.4_1                             0x080005e0   Number         4  system_ctboard.o(.text)
    __arm_cp.4_2                             0x080005e4   Number         4  system_ctboard.o(.text)
    __arm_cp.4_3                             0x080005e8   Number         4  system_ctboard.o(.text)
    __arm_cp.4_4                             0x080005ec   Number         4  system_ctboard.o(.text)
    __arm_cp.4_5                             0x080005f0   Number         4  system_ctboard.o(.text)
    __arm_cp.4_6                             0x080005f4   Number         4  system_ctboard.o(.text)
    __arm_cp.4_7                             0x080005f8   Number         4  system_ctboard.o(.text)
    __arm_cp.4_8                             0x080005fc   Number         4  system_ctboard.o(.text)
    __arm_cp.4_9                             0x08000600   Number         4  system_ctboard.o(.text)
    init_LCD                                 0x08000605   Thumb Code    32  system_ctboard.o(.text)
    __arm_cp.5_0                             0x08000624   Number         4  system_ctboard.o(.text)
    [Anonymous Symbol]                       0x08000644   Section        0  hal_fmc.o(.text)
    __arm_cp.0_0                             0x080006b0   Number         4  hal_fmc.o(.text)
    __arm_cp.0_1                             0x080006b4   Number         4  hal_fmc.o(.text)
    __arm_cp.0_2                             0x080006b8   Number         4  hal_fmc.o(.text)
    __arm_cp.0_3                             0x080006bc   Number         4  hal_fmc.o(.text)
    __arm_cp.0_4                             0x080006c0   Number         4  hal_fmc.o(.text)
    __arm_cp.0_5                             0x080006c4   Number         4  hal_fmc.o(.text)
    __arm_cp.0_6                             0x080006c8   Number         4  hal_fmc.o(.text)
    __arm_cp.0_7                             0x080006cc   Number         4  hal_fmc.o(.text)
    __arm_cp.0_8                             0x080006d0   Number         4  hal_fmc.o(.text)
    __arm_cp.0_9                             0x080006d4   Number         4  hal_fmc.o(.text)
    __arm_cp.1_0                             0x0800090c   Number         4  hal_fmc.o(.text)
    __arm_cp.1_1                             0x08000910   Number         4  hal_fmc.o(.text)
    __arm_cp.1_2                             0x08000914   Number         4  hal_fmc.o(.text)
    __arm_cp.1_3                             0x08000918   Number         4  hal_fmc.o(.text)
    __arm_cp.1_4                             0x0800091c   Number         4  hal_fmc.o(.text)
    __arm_cp.1_5                             0x08000920   Number         4  hal_fmc.o(.text)
    __arm_cp.1_6                             0x08000924   Number         4  hal_fmc.o(.text)
    [Anonymous Symbol]                       0x08000928   Section        0  hal_gpio.o(.text)
    __arm_cp.0_0                             0x08000998   Number         4  hal_gpio.o(.text)
    __arm_cp.0_1                             0x0800099c   Number         4  hal_gpio.o(.text)
    intercept_overwrite_register             0x08000a21   Thumb Code    48  hal_gpio.o(.text)
    __arm_cp.2_0                             0x08000a50   Number         4  hal_gpio.o(.text)
    __arm_cp.2_1                             0x08000a54   Number         4  hal_gpio.o(.text)
    __arm_cp.2_2                             0x08000a58   Number         4  hal_gpio.o(.text)
    create_pattern_mask                      0x08000a5d   Thumb Code   156  hal_gpio.o(.text)
    __arm_cp.13_0                            0x08001124   Number         4  hal_gpio.o(.text)
    __arm_cp.13_1                            0x08001128   Number         4  hal_gpio.o(.text)
    __arm_cp.13_2                            0x0800112c   Number         4  hal_gpio.o(.text)
    __arm_cp.13_3                            0x08001130   Number         4  hal_gpio.o(.text)
    __arm_cp.13_4                            0x08001134   Number         4  hal_gpio.o(.text)
    __arm_cp.13_5                            0x08001138   Number         4  hal_gpio.o(.text)
    __arm_cp.13_6                            0x0800113c   Number         4  hal_gpio.o(.text)
    __arm_cp.13_7                            0x08001140   Number         4  hal_gpio.o(.text)
    __arm_cp.13_8                            0x08001144   Number         4  hal_gpio.o(.text)
    __arm_cp.13_9                            0x08001148   Number         4  hal_gpio.o(.text)
    __arm_cp.13_10                           0x0800114c   Number         4  hal_gpio.o(.text)
    __arm_cp.13_11                           0x08001150   Number         4  hal_gpio.o(.text)
    __arm_cp.13_12                           0x08001154   Number         4  hal_gpio.o(.text)
    get_syscfg_mask                          0x08001159   Thumb Code   232  hal_gpio.o(.text)
    __arm_cp.14_0                            0x08001240   Number         4  hal_gpio.o(.text)
    __arm_cp.14_1                            0x08001244   Number         4  hal_gpio.o(.text)
    __arm_cp.14_2                            0x08001248   Number         4  hal_gpio.o(.text)
    __arm_cp.14_3                            0x0800124c   Number         4  hal_gpio.o(.text)
    __arm_cp.14_4                            0x08001250   Number         4  hal_gpio.o(.text)
    __arm_cp.14_5                            0x08001254   Number         4  hal_gpio.o(.text)
    __arm_cp.14_6                            0x08001258   Number         4  hal_gpio.o(.text)
    __arm_cp.14_7                            0x0800125c   Number         4  hal_gpio.o(.text)
    __arm_cp.14_8                            0x08001260   Number         4  hal_gpio.o(.text)
    __arm_cp.14_9                            0x08001264   Number         4  hal_gpio.o(.text)
    __arm_cp.15_0                            0x080012ac   Number         4  hal_gpio.o(.text)
    __arm_cp.15_1                            0x080012b0   Number         4  hal_gpio.o(.text)
    __arm_cp.16_0                            0x080012cc   Number         4  hal_gpio.o(.text)
    [Anonymous Symbol]                       0x080012d0   Section        0  hal_pwr.o(.text)
    __arm_cp.0_0                             0x080012e0   Number         4  hal_pwr.o(.text)
    __arm_cp.0_1                             0x080012e4   Number         4  hal_pwr.o(.text)
    __arm_cp.1_0                             0x08001388   Number         4  hal_pwr.o(.text)
    __arm_cp.2_0                             0x080013bc   Number         4  hal_pwr.o(.text)
    __arm_cp.3_0                             0x080013f0   Number         4  hal_pwr.o(.text)
    __arm_cp.4_0                             0x08001424   Number         4  hal_pwr.o(.text)
    [Anonymous Symbol]                       0x08001440   Section        0  hal_rcc.o(.text)
    __arm_cp.0_0                             0x080014d4   Number         4  hal_rcc.o(.text)
    __arm_cp.0_1                             0x080014d8   Number         4  hal_rcc.o(.text)
    __arm_cp.0_2                             0x080014dc   Number         4  hal_rcc.o(.text)
    __arm_cp.0_3                             0x080014e0   Number         4  hal_rcc.o(.text)
    __arm_cp.0_4                             0x080014e4   Number         4  hal_rcc.o(.text)
    __arm_cp.0_5                             0x080014e8   Number         4  hal_rcc.o(.text)
    __arm_cp.0_6                             0x080014ec   Number         4  hal_rcc.o(.text)
    __arm_cp.0_7                             0x080014f0   Number         4  hal_rcc.o(.text)
    __arm_cp.0_8                             0x080014f4   Number         4  hal_rcc.o(.text)
    __arm_cp.0_9                             0x080014f8   Number         4  hal_rcc.o(.text)
    __arm_cp.0_10                            0x080014fc   Number         4  hal_rcc.o(.text)
    __arm_cp.0_11                            0x08001500   Number         4  hal_rcc.o(.text)
    __arm_cp.0_12                            0x08001504   Number         4  hal_rcc.o(.text)
    __arm_cp.0_13                            0x08001508   Number         4  hal_rcc.o(.text)
    __arm_cp.0_14                            0x0800150c   Number         4  hal_rcc.o(.text)
    __arm_cp.0_15                            0x08001510   Number         4  hal_rcc.o(.text)
    __arm_cp.0_16                            0x08001514   Number         4  hal_rcc.o(.text)
    __arm_cp.0_17                            0x08001518   Number         4  hal_rcc.o(.text)
    __arm_cp.0_18                            0x0800151c   Number         4  hal_rcc.o(.text)
    __arm_cp.0_19                            0x08001520   Number         4  hal_rcc.o(.text)
    __arm_cp.0_20                            0x08001524   Number         4  hal_rcc.o(.text)
    __arm_cp.0_21                            0x08001528   Number         4  hal_rcc.o(.text)
    __arm_cp.0_22                            0x0800152c   Number         4  hal_rcc.o(.text)
    __arm_cp.0_23                            0x08001530   Number         4  hal_rcc.o(.text)
    __arm_cp.0_24                            0x08001534   Number         4  hal_rcc.o(.text)
    __arm_cp.0_25                            0x08001538   Number         4  hal_rcc.o(.text)
    __arm_cp.0_26                            0x0800153c   Number         4  hal_rcc.o(.text)
    __arm_cp.0_27                            0x08001540   Number         4  hal_rcc.o(.text)
    __arm_cp.0_28                            0x08001544   Number         4  hal_rcc.o(.text)
    __arm_cp.0_29                            0x08001548   Number         4  hal_rcc.o(.text)
    __arm_cp.0_30                            0x0800154c   Number         4  hal_rcc.o(.text)
    __arm_cp.0_31                            0x08001550   Number         4  hal_rcc.o(.text)
    __arm_cp.1_0                             0x080016e8   Number         4  hal_rcc.o(.text)
    __arm_cp.1_1                             0x080016ec   Number         4  hal_rcc.o(.text)
    __arm_cp.1_2                             0x080016f0   Number         4  hal_rcc.o(.text)
    __arm_cp.1_3                             0x080016f4   Number         4  hal_rcc.o(.text)
    __arm_cp.2_0                             0x08001804   Number         4  hal_rcc.o(.text)
    __arm_cp.2_1                             0x08001808   Number         4  hal_rcc.o(.text)
    __arm_cp.2_2                             0x0800180c   Number         4  hal_rcc.o(.text)
    __arm_cp.3_0                             0x08001958   Number         4  hal_rcc.o(.text)
    __arm_cp.3_1                             0x0800195c   Number         4  hal_rcc.o(.text)
    __arm_cp.3_2                             0x08001960   Number         4  hal_rcc.o(.text)
    __arm_cp.3_3                             0x08001964   Number         4  hal_rcc.o(.text)
    __arm_cp.3_4                             0x08001968   Number         4  hal_rcc.o(.text)
    __arm_cp.3_5                             0x0800196c   Number         4  hal_rcc.o(.text)
    __arm_cp.4_0                             0x08001a10   Number         4  hal_rcc.o(.text)
    __arm_cp.4_1                             0x08001a14   Number         4  hal_rcc.o(.text)
    .text                                    0x08001a18   Section      364  aeabi_sdiv.o(.text)
    STACK                                    0x20000000   Section     8192  startup_ctboard.o(STACK)
    __initial_sp                             0x20002000   Data           0  startup_ctboard.o(STACK)

    Global Symbols

    Symbol Name                              Value     Ov Type        Size  Object(Section)

    BuildAttributes$$THM_ISAv3M$S$PE$A:L22$X:L11$S22$IEEE1$IW$~IW$USESV6$~STKCKD$USESV7$~SHL$OSPACE$ROPI$EBA8$STANDARDLIB$REQ8$PRES8$EABIv2 0x00000000   Number         0  anon$$obj.o ABSOLUTE
    Image$$RO$$Limit                          - Undefined Weak Reference
    Image$$RW$$Base                           - Undefined Weak Reference
    Image$$ZI$$Base                           - Undefined Weak Reference
    Image$$ZI$$Limit                          - Undefined Weak Reference
    __sigvec_lookup                           - Undefined Weak Reference
    __Vectors_Size                           0x000001ac   Number         0  startup_ctboard.o ABSOLUTE
    Stack_Size                               0x00002000   Number         0  startup_ctboard.o ABSOLUTE
    __Vectors                                0x08000000   Data           4  startup_ctboard.o(RESET)
    __Vectors_End                            0x080001ac   Data           0  startup_ctboard.o(RESET)
    main                                     0x080001ad   Thumb Code    48  test.o(.text)
    hal_spi_init                             0x080001e9   Thumb Code   120  hal_spi.o(.text)
    hal_spi_read_write                       0x08000295   Thumb Code    68  hal_spi.o(.text)
    __main                                   0x080002f1   Thumb Code    74  datainit_ctboard.o(.text)
    Reset_Handler                            0x0800036d   Thumb Code     8  startup_ctboard.o(.text)
    NMI_Handler                              0x08000375   Thumb Code     2  startup_ctboard.o(.text)
    HardFault_Handler                        0x08000377   Thumb Code     2  startup_ctboard.o(.text)
    MemManage_Handler                        0x08000379   Thumb Code     2  startup_ctboard.o(.text)
    BusFault_Handler                         0x0800037b   Thumb Code     2  startup_ctboard.o(.text)
    UsageFault_Handler                       0x0800037d   Thumb Code     2  startup_ctboard.o(.text)
    SVC_Handler                              0x0800037f   Thumb Code     2  startup_ctboard.o(.text)
    DebugMon_Handler                         0x08000381   Thumb Code     2  startup_ctboard.o(.text)
    PendSV_Handler                           0x08000383   Thumb Code     2  startup_ctboard.o(.text)
    SysTick_Handler                          0x08000385   Thumb Code     2  startup_ctboard.o(.text)
    ADC_IRQHandler                           0x08000387   Thumb Code     0  startup_ctboard.o(.text)
    CAN1_RX0_IRQHandler                      0x08000387   Thumb Code     0  startup_ctboard.o(.text)
    CAN1_RX1_IRQHandler                      0x08000387   Thumb Code     0  startup_ctboard.o(.text)
    CAN1_SCE_IRQHandler                      0x08000387   Thumb Code     0  startup_ctboard.o(.text)
    CAN1_TX_IRQHandler                       0x08000387   Thumb Code     0  startup_ctboard.o(.text)
    CAN2_RX0_IRQHandler                      0x08000387   Thumb Code     0  startup_ctboard.o(.text)
    CAN2_RX1_IRQHandler                      0x08000387   Thumb Code     0  startup_ctboard.o(.text)
    CAN2_SCE_IRQHandler                      0x08000387   Thumb Code     0  startup_ctboard.o(.text)
    CAN2_TX_IRQHandler                       0x08000387   Thumb Code     0  startup_ctboard.o(.text)
    CRYP_IRQHandler                          0x08000387   Thumb Code     0  startup_ctboard.o(.text)
    DCMI_IRQHandler                          0x08000387   Thumb Code     0  startup_ctboard.o(.text)
    DMA1_Stream0_IRQHandler                  0x08000387   Thumb Code     0  startup_ctboard.o(.text)
    DMA1_Stream1_IRQHandler                  0x08000387   Thumb Code     0  startup_ctboard.o(.text)
    DMA1_Stream2_IRQHandler                  0x08000387   Thumb Code     0  startup_ctboard.o(.text)
    DMA1_Stream3_IRQHandler                  0x08000387   Thumb Code     0  startup_ctboard.o(.text)
    DMA1_Stream4_IRQHandler                  0x08000387   Thumb Code     0  startup_ctboard.o(.text)
    DMA1_Stream5_IRQHandler                  0x08000387   Thumb Code     0  startup_ctboard.o(.text)
    DMA1_Stream6_IRQHandler                  0x08000387   Thumb Code     0  startup_ctboard.o(.text)
    DMA1_Stream7_IRQHandler                  0x08000387   Thumb Code     0  startup_ctboard.o(.text)
    DMA2D_IRQHandler                         0x08000387   Thumb Code     0  startup_ctboard.o(.text)
    DMA2_Stream0_IRQHandler                  0x08000387   Thumb Code     0  startup_ctboard.o(.text)
    DMA2_Stream1_IRQHandler                  0x08000387   Thumb Code     0  startup_ctboard.o(.text)
    DMA2_Stream2_IRQHandler                  0x08000387   Thumb Code     0  startup_ctboard.o(.text)
    DMA2_Stream3_IRQHandler                  0x08000387   Thumb Code     0  startup_ctboard.o(.text)
    DMA2_Stream4_IRQHandler                  0x08000387   Thumb Code     0  startup_ctboard.o(.text)
    DMA2_Stream5_IRQHandler                  0x08000387   Thumb Code     0  startup_ctboard.o(.text)
    DMA2_Stream6_IRQHandler                  0x08000387   Thumb Code     0  startup_ctboard.o(.text)
    DMA2_Stream7_IRQHandler                  0x08000387   Thumb Code     0  startup_ctboard.o(.text)
    ETH_IRQHandler                           0x08000387   Thumb Code     0  startup_ctboard.o(.text)
    ETH_WKUP_IRQHandler                      0x08000387   Thumb Code     0  startup_ctboard.o(.text)
    EXTI0_IRQHandler                         0x08000387   Thumb Code     0  startup_ctboard.o(.text)
    EXTI15_10_IRQHandler                     0x08000387   Thumb Code     0  startup_ctboard.o(.text)
    EXTI1_IRQHandler                         0x08000387   Thumb Code     0  startup_ctboard.o(.text)
    EXTI2_IRQHandler                         0x08000387   Thumb Code     0  startup_ctboard.o(.text)
    EXTI3_IRQHandler                         0x08000387   Thumb Code     0  startup_ctboard.o(.text)
    EXTI4_IRQHandler                         0x08000387   Thumb Code     0  startup_ctboard.o(.text)
    EXTI9_5_IRQHandler                       0x08000387   Thumb Code     0  startup_ctboard.o(.text)
    FLASH_IRQHandler                         0x08000387   Thumb Code     0  startup_ctboard.o(.text)
    FMC_IRQHandler                           0x08000387   Thumb Code     0  startup_ctboard.o(.text)
    FPU_IRQHandler                           0x08000387   Thumb Code     0  startup_ctboard.o(.text)
    HASH_RNG_IRQHandler                      0x08000387   Thumb Code     0  startup_ctboard.o(.text)
    I2C1_ER_IRQHandler                       0x08000387   Thumb Code     0  startup_ctboard.o(.text)
    I2C1_EV_IRQHandler                       0x08000387   Thumb Code     0  startup_ctboard.o(.text)
    I2C2_ER_IRQHandler                       0x08000387   Thumb Code     0  startup_ctboard.o(.text)
    I2C2_EV_IRQHandler                       0x08000387   Thumb Code     0  startup_ctboard.o(.text)
    I2C3_ER_IRQHandler                       0x08000387   Thumb Code     0  startup_ctboard.o(.text)
    I2C3_EV_IRQHandler                       0x08000387   Thumb Code     0  startup_ctboard.o(.text)
    LTDC_ER_IRQHandler                       0x08000387   Thumb Code     0  startup_ctboard.o(.text)
    LTDC_IRQHandler                          0x08000387   Thumb Code     0  startup_ctboard.o(.text)
    OTG_FS_IRQHandler                        0x08000387   Thumb Code     0  startup_ctboard.o(.text)
    OTG_FS_WKUP_IRQHandler                   0x08000387   Thumb Code     0  startup_ctboard.o(.text)
    OTG_HS_EP1_IN_IRQHandler                 0x08000387   Thumb Code     0  startup_ctboard.o(.text)
    OTG_HS_EP1_OUT_IRQHandler                0x08000387   Thumb Code     0  startup_ctboard.o(.text)
    OTG_HS_IRQHandler                        0x08000387   Thumb Code     0  startup_ctboard.o(.text)
    OTG_HS_WKUP_IRQHandler                   0x08000387   Thumb Code     0  startup_ctboard.o(.text)
    PVD_IRQHandler                           0x08000387   Thumb Code     0  startup_ctboard.o(.text)
    RCC_IRQHandler                           0x08000387   Thumb Code     0  startup_ctboard.o(.text)
    RTC_Alarm_IRQHandler                     0x08000387   Thumb Code     0  startup_ctboard.o(.text)
    RTC_WKUP_IRQHandler                      0x08000387   Thumb Code     0  startup_ctboard.o(.text)
    SAI1_IRQHandler                          0x08000387   Thumb Code     0  startup_ctboard.o(.text)
    SDIO_IRQHandler                          0x08000387   Thumb Code     0  startup_ctboard.o(.text)
    SPI1_IRQHandler                          0x08000387   Thumb Code     0  startup_ctboard.o(.text)
    SPI2_IRQHandler                          0x08000387   Thumb Code     0  startup_ctboard.o(.text)
    SPI3_IRQHandler                          0x08000387   Thumb Code     0  startup_ctboard.o(.text)
    SPI4_IRQHandler                          0x08000387   Thumb Code     0  startup_ctboard.o(.text)
    SPI5_IRQHandler                          0x08000387   Thumb Code     0  startup_ctboard.o(.text)
    SPI6_IRQHandler                          0x08000387   Thumb Code     0  startup_ctboard.o(.text)
    TAMP_STAMP_IRQHandler                    0x08000387   Thumb Code     0  startup_ctboard.o(.text)
    TIM1_BRK_TIM9_IRQHandler                 0x08000387   Thumb Code     0  startup_ctboard.o(.text)
    TIM1_CC_IRQHandler                       0x08000387   Thumb Code     0  startup_ctboard.o(.text)
    TIM1_TRG_COM_TIM11_IRQHandler            0x08000387   Thumb Code     0  startup_ctboard.o(.text)
    TIM1_UP_TIM10_IRQHandler                 0x08000387   Thumb Code     0  startup_ctboard.o(.text)
    TIM2_IRQHandler                          0x08000387   Thumb Code     0  startup_ctboard.o(.text)
    TIM3_IRQHandler                          0x08000387   Thumb Code     0  startup_ctboard.o(.text)
    TIM4_IRQHandler                          0x08000387   Thumb Code     0  startup_ctboard.o(.text)
    TIM5_IRQHandler                          0x08000387   Thumb Code     0  startup_ctboard.o(.text)
    TIM6_DAC_IRQHandler                      0x08000387   Thumb Code     0  startup_ctboard.o(.text)
    TIM7_IRQHandler                          0x08000387   Thumb Code     0  startup_ctboard.o(.text)
    TIM8_BRK_TIM12_IRQHandler                0x08000387   Thumb Code     0  startup_ctboard.o(.text)
    TIM8_CC_IRQHandler                       0x08000387   Thumb Code     0  startup_ctboard.o(.text)
    TIM8_TRG_COM_TIM14_IRQHandler            0x08000387   Thumb Code     0  startup_ctboard.o(.text)
    TIM8_UP_TIM13_IRQHandler                 0x08000387   Thumb Code     0  startup_ctboard.o(.text)
    UART4_IRQHandler                         0x08000387   Thumb Code     0  startup_ctboard.o(.text)
    UART5_IRQHandler                         0x08000387   Thumb Code     0  startup_ctboard.o(.text)
    UART7_IRQHandler                         0x08000387   Thumb Code     0  startup_ctboard.o(.text)
    UART8_IRQHandler                         0x08000387   Thumb Code     0  startup_ctboard.o(.text)
    USART1_IRQHandler                        0x08000387   Thumb Code     0  startup_ctboard.o(.text)
    USART2_IRQHandler                        0x08000387   Thumb Code     0  startup_ctboard.o(.text)
    USART3_IRQHandler                        0x08000387   Thumb Code     0  startup_ctboard.o(.text)
    USART6_IRQHandler                        0x08000387   Thumb Code     0  startup_ctboard.o(.text)
    WWDG_IRQHandler                          0x08000387   Thumb Code     0  startup_ctboard.o(.text)
    __system                                 0x08000391   Thumb Code     8  system_ctboard.o(.text)
    system_enter_run                         0x08000399   Thumb Code    20  system_ctboard.o(.text)
    system_enter_sleep                       0x08000629   Thumb Code    10  system_ctboard.o(.text)
    system_enter_stop                        0x08000633   Thumb Code    14  system_ctboard.o(.text)
    system_enter_standby                     0x08000641   Thumb Code     2  system_ctboard.o(.text)
    hal_fmc_reset                            0x08000645   Thumb Code   108  hal_fmc.o(.text)
    hal_fmc_init_sram                        0x080006d9   Thumb Code   564  hal_fmc.o(.text)
    hal_gpio_reset                           0x08000929   Thumb Code   112  hal_gpio.o(.text)
    hal_gpio_init_input                      0x080009a1   Thumb Code   126  hal_gpio.o(.text)
    hal_gpio_init_analog                     0x08000af9   Thumb Code    84  hal_gpio.o(.text)
    hal_gpio_init_output                     0x08000b4d   Thumb Code   208  hal_gpio.o(.text)
    hal_gpio_init_alternate                  0x08000c1d   Thumb Code   194  hal_gpio.o(.text)
    hal_gpio_input_read                      0x08000cdf   Thumb Code    14  hal_gpio.o(.text)
    hal_gpio_output_read                     0x08000ced   Thumb Code    14  hal_gpio.o(.text)
    hal_gpio_output_write                    0x08000cfb   Thumb Code    42  hal_gpio.o(.text)
    hal_gpio_bit_set                         0x08000d25   Thumb Code    54  hal_gpio.o(.text)
    hal_gpio_bit_reset                       0x08000d5b   Thumb Code    54  hal_gpio.o(.text)
    hal_gpio_bit_toggle                      0x08000d91   Thumb Code    78  hal_gpio.o(.text)
    hal_gpio_irq_set                         0x08000de1   Thumb Code   836  hal_gpio.o(.text)
    hal_gpio_irq_status                      0x08001269   Thumb Code    68  hal_gpio.o(.text)
    hal_gpio_irq_clear                       0x080012b5   Thumb Code    24  hal_gpio.o(.text)
    hal_pwr_reset                            0x080012d1   Thumb Code    16  hal_pwr.o(.text)
    hal_pwr_set_backup_domain                0x080012e9   Thumb Code   160  hal_pwr.o(.text)
    hal_pwr_set_backup_access                0x0800138d   Thumb Code    48  hal_pwr.o(.text)
    hal_pwr_set_wakeup_pin                   0x080013c1   Thumb Code    48  hal_pwr.o(.text)
    hal_pwr_set_flash_powerdown              0x080013f5   Thumb Code    48  hal_pwr.o(.text)
    hal_pwr_set_overdrive                    0x08001429   Thumb Code    12  hal_pwr.o(.text)
    hal_pwr_set_underdrive                   0x08001435   Thumb Code    12  hal_pwr.o(.text)
    hal_rcc_reset                            0x08001441   Thumb Code   148  hal_rcc.o(.text)
    hal_rcc_set_peripheral                   0x08001555   Thumb Code   404  hal_rcc.o(.text)
    hal_rcc_set_osc                          0x080016f9   Thumb Code   268  hal_rcc.o(.text)
    hal_rcc_setup_pll                        0x08001811   Thumb Code   328  hal_rcc.o(.text)
    hal_rcc_setup_clock                      0x08001971   Thumb Code   160  hal_rcc.o(.text)
    __aeabi_uidiv                            0x08001a19   Thumb Code     0  aeabi_sdiv.o(.text)
    __aeabi_uidivmod                         0x08001a19   Thumb Code    20  aeabi_sdiv.o(.text)
    __aeabi_idiv                             0x08001a2d   Thumb Code     0  aeabi_sdiv.o(.text)
    __aeabi_idivmod                          0x08001a2d   Thumb Code   338  aeabi_sdiv.o(.text)
    Image$$ER_IROM1$$Limit                   0x08001b84   Number         0  anon$$obj.o ABSOLUTE
    Image$$RW_IRAM1$$Base                    0x20000000   Number         0  anon$$obj.o ABSOLUTE
    Image$$RW_IRAM1$$ZI$$Base                0x20000000   Number         0  anon$$obj.o ABSOLUTE
    Stack_Mem                                0x20000000   Data        8192  startup_ctboard.o(STACK)
    Image$$RW_IRAM1$$ZI$$Limit               0x20002000   Number         0  anon$$obj.o ABSOLUTE



==============================================================================

Memory Map of the image

  Image Entry point : 0x0800036d

  Load Region LR_IROM1 (Base: 0x08000000, Size: 0x00001b84, Max: 0x00200000, ABSOLUTE)

    Execution Region ER_IROM1 (Exec base: 0x08000000, Load base: 0x08000000, Size: 0x00001b84, Max: 0x00200000, ABSOLUTE)

    Exec Addr    Load Addr    Size         Type   Attr      Idx    E Section Name        Object

    0x08000000   0x08000000   0x000001ac   Data   RO           24    RESET               startup_ctboard.o
    0x080001ac   0x080001ac   0x0000003c   Code   RO            1    .text               test.o
    0x080001e8   0x080001e8   0x00000108   Code   RO            9    .text               hal_spi.o
    0x080002f0   0x080002f0   0x0000007c   Code   RO           16    .text               datainit_ctboard.o
    0x0800036c   0x0800036c   0x00000024   Code   RO           25  * .text               startup_ctboard.o
    0x08000390   0x08000390   0x000002b2   Code   RO           29    .text               system_ctboard.o
    0x08000642   0x08000642   0x00000002   PAD
    0x08000644   0x08000644   0x000002e4   Code   RO           36    .text               hal_fmc.o
    0x08000928   0x08000928   0x000009a8   Code   RO           43    .text               hal_gpio.o
    0x080012d0   0x080012d0   0x00000170   Code   RO           50    .text               hal_pwr.o
    0x08001440   0x08001440   0x000005d8   Code   RO           57    .text               hal_rcc.o
    0x08001a18   0x08001a18   0x0000016c   Code   RO           66    .text               c_p.l(aeabi_sdiv.o)


    Execution Region RW_IRAM1 (Exec base: 0x20000000, Load base: 0x08001b84, Size: 0x00002000, Max: 0x00030000, ABSOLUTE)

    Exec Addr    Load Addr    Size         Type   Attr      Idx    E Section Name        Object

    0x20000000        -       0x00002000   Zero   RW           22    STACK               startup_ctboard.o


==============================================================================

Image component sizes


      Code (inc. data)   RO Data    RW Data    ZI Data      Debug   Object Name

       124         50          0          0          0        472   datainit_ctboard.o
       740        100          0          0          0       3228   hal_fmc.o
      2472        124          0          0          0       8422   hal_gpio.o
       368         24          0          0          0       1940   hal_pwr.o
      1496        280          0          0          0       4811   hal_rcc.o
       264         56          0          0          0       2273   hal_spi.o
        36          8        428          0       8192        840   startup_ctboard.o
       690         64          0          0          0       6769   system_ctboard.o
        60         12          0          0          0       1297   test.o

    ----------------------------------------------------------------------
      6252        718        428          0       8192      30052   Object Totals
         0          0          0          0          0          0   (incl. Generated)
         2          0          0          0          0          0   (incl. Padding)

    ----------------------------------------------------------------------

      Code (inc. data)   RO Data    RW Data    ZI Data      Debug   Library Member Name

       364          4          0          0          0         92   aeabi_sdiv.o

    ----------------------------------------------------------------------
       364          4          0          0          0         92   Library Totals
         0          0          0          0          0          0   (incl. Padding)

    ----------------------------------------------------------------------

      Code (inc. data)   RO Data    RW Data    ZI Data      Debug   Library Name

       364          4          0          0          0         92   c_p.l

    ----------------------------------------------------------------------
       364          4          0          0          0         92   Library Totals

    ----------------------------------------------------------------------

==============================================================================


      Code (inc. data)   RO Data    RW Data    ZI Data      Debug   

      6616        722        428          0       8192      29920   Grand Totals
      6616        722        428          0       8192      29920   ELF Image Totals
      6616        722        428          0          0          0   ROM Totals

==============================================================================

    Total RO  Size (Code + RO Data)                 7044 (   6.88kB)
    Total RW  Size (RW Data + ZI Data)              8192 (   8.00kB)
    Total ROM Size (Code + RO Data + RW Data)       7044 (   6.88kB)

==============================================================================

